layer at (0,0) size 800x600 scrollX 3711.00 scrollWidth 4511
  LayoutView at (0,0) size 800x600
layer at (-3711,0) size 4511x600 backgroundClip at (0,0) size 800x600 clip at (0,0) size 800x600
  LayoutBlockFlow {HTML} at (0,0) size 4511.34x600
    LayoutBlockFlow {BODY} at (60,48) size 4391.34x504
      LayoutBlockFlow {H1} at (0,0) size 48x504
        LayoutText {#text} at (6,0) size 36x64
          text run at (6,0) width 64: "\x{8349}\x{6795}"
      LayoutBlockFlow {H2} at (69.44,0) size 36x504
        LayoutText {#text} at (5,0) size 26x96
          text run at (5,0) width 96: "\x{590F}\x{76EE}\x{6F31}\x{77F3}"
      LayoutBlockFlow {DIV} at (125.34,0) size 4266x504
        LayoutBlockFlow (anonymous) at (0,0) size 2377x504
          LayoutBR {BR} at (0,0) size 17x0
          LayoutBR {BR} at (18,0) size 17x0
          LayoutBR {BR} at (36,0) size 17x0
          LayoutText {#text} at (54,0) size 17x152
            text run at (54,0) width 152: "\x{3000}\x{3000}\x{3000}\x{3000}\x{3000}\x{3000}\x{3000}\x{3000}\x{4E00}"
          LayoutBR {BR} at (54,152) size 17x0
          LayoutBR {BR} at (72,0) size 17x0
          LayoutText {#text} at (101,0) size 17x17
            text run at (101,0) width 17: "\x{3000}"
          LayoutRuby (inline) {RUBY} at (0,0) size 17x34
            LayoutRubyRun (anonymous) at (101,16) size 18x36
              LayoutRubyText {RT} at (-13,0) size 14x36
                LayoutText {#text} at (1,0) size 12x36
                  text run at (1,0) width 36: "\x{3084}\x{307E}\x{307F}\x{3061}"
              LayoutRubyBase (anonymous) at (0,0) size 18x36
                LayoutInline {RB} at (0,0) size 17x34
                  LayoutText {#text} at (0,1) size 17x34
                    text run at (0,1) width 34: "\x{5C71}\x{8DEF}"
          LayoutText {#text} at (101,51) size 17x208
            text run at (101,51) width 208: "\x{3092}\x{767B}\x{308A}\x{306A}\x{304C}\x{3089}\x{3001}\x{3053}\x{3046}\x{8003}\x{3048}\x{305F}\x{3002}"
          LayoutBR {BR} at (101,259) size 17x0
          LayoutText {#text} at (130,0) size 17x17
            text run at (130,0) width 17: "\x{3000}"
          LayoutRuby (inline) {RUBY} at (0,0) size 17x16
            LayoutRubyRun (anonymous) at (130,17) size 18x16
              LayoutRubyText {RT} at (-13,0) size 14x16
                LayoutText {#text} at (1,3) size 12x10
                  text run at (1,3) width 9: "\x{3061}"
              LayoutRubyBase (anonymous) at (0,0) size 18x16
                LayoutInline {RB} at (0,0) size 17x16
                  LayoutText {#text} at (0,0) size 17x16
                    text run at (0,0) width 16: "\x{667A}"
          LayoutText {#text} at (130,33) size 17x64
            text run at (130,33) width 64: "\x{306B}\x{50CD}\x{3051}\x{3070}"
          LayoutRuby (inline) {RUBY} at (0,0) size 17x16
            LayoutRubyRun (anonymous) at (130,96) size 18x18
              LayoutRubyText {RT} at (-13,0) size 14x18
                LayoutText {#text} at (1,0) size 12x18
                  text run at (1,0) width 18: "\x{304B}\x{3069}"
              LayoutRubyBase (anonymous) at (0,0) size 18x18
                LayoutInline {RB} at (0,0) size 17x16
                  LayoutText {#text} at (0,1) size 17x16
                    text run at (0,1) width 16: "\x{89D2}"
          LayoutText {#text} at (130,113) size 17x64
            text run at (130,113) width 64: "\x{304C}\x{7ACB}\x{3064}\x{3002}"
          LayoutRuby (inline) {RUBY} at (0,0) size 17x19
            LayoutRubyRun (anonymous) at (130,173) size 18x27
              LayoutRubyText {RT} at (-13,0) size 14x27
                LayoutText {#text} at (1,0) size 12x27
                  text run at (1,0) width 27: "\x{3058}\x{3087}\x{3046}"
              LayoutRubyBase (anonymous) at (0,0) size 18x27
                LayoutInline {RB} at (0,0) size 17x17
                  LayoutText {#text} at (0,5) size 17x17
                    text run at (0,5) width 16: "\x{60C5}"
          LayoutText {#text} at (130,196) size 17x16
            text run at (130,196) width 16: "\x{306B}"
          LayoutRuby (inline) {RUBY} at (0,0) size 17x16
            LayoutRubyRun (anonymous) at (130,211) size 18x18
              LayoutRubyText {RT} at (-13,0) size 14x18
                LayoutText {#text} at (1,0) size 12x18
                  text run at (1,0) width 18: "\x{3055}\x{304A}"
              LayoutRubyBase (anonymous) at (0,0) size 18x18
                LayoutInline {RB} at (0,0) size 17x16
                  LayoutText {#text} at (0,1) size 17x16
                    text run at (0,1) width 16: "\x{68F9}"
          LayoutText {#text} at (130,228) size 17x176
            text run at (130,228) width 176: "\x{3055}\x{305B}\x{3070}\x{6D41}\x{3055}\x{308C}\x{308B}\x{3002}\x{610F}\x{5730}\x{3092}"
          LayoutRuby (inline) {RUBY} at (0,0) size 17x16
            LayoutRubyRun (anonymous) at (130,403) size 18x18
              LayoutRubyText {RT} at (-13,0) size 14x18
                LayoutText {#text} at (1,0) size 12x18
                  text run at (1,0) width 18: "\x{3068}\x{304A}"
              LayoutRubyBase (anonymous) at (0,0) size 18x18
                LayoutInline {RB} at (0,0) size 17x16
                  LayoutText {#text} at (0,1) size 17x16
                    text run at (0,1) width 16: "\x{901A}"
          LayoutText {#text} at (130,420) size 17x32
            text run at (130,420) width 32: "\x{305B}\x{3070}"
          LayoutRuby (inline) {RUBY} at (0,0) size 17x42
            LayoutRubyRun (anonymous) at (130,449) size 18x45
              LayoutRubyText {RT} at (-13,0) size 14x45
                LayoutText {#text} at (1,0) size 12x45
                  text run at (1,0) width 45: "\x{304D}\x{3085}\x{3046}\x{304F}\x{3064}"
              LayoutRubyBase (anonymous) at (0,0) size 18x45
                LayoutInline {RB} at (0,0) size 17x39
                  LayoutText {#text} at (0,3) size 17x39
                    text run at (0,3) width 38: "\x{7AAE}\x{5C48}"
          LayoutText {#text} at (154,0) size 17x256
            text run at (154,0) width 256: "\x{3060}\x{3002}\x{3068}\x{304B}\x{304F}\x{306B}\x{4EBA}\x{306E}\x{4E16}\x{306F}\x{4F4F}\x{307F}\x{306B}\x{304F}\x{3044}\x{3002}"
          LayoutBR {BR} at (154,256) size 17x0
          LayoutText {#text} at (183,0) size 17x113
            text run at (183,0) width 113: "\x{3000}\x{4F4F}\x{307F}\x{306B}\x{304F}\x{3055}\x{304C}"
          LayoutRuby (inline) {RUBY} at (0,0) size 17x16
            LayoutRubyRun (anonymous) at (183,112) size 18x18
              LayoutRubyText {RT} at (-13,0) size 14x18
                LayoutText {#text} at (1,0) size 12x18
                  text run at (1,0) width 18: "\x{3053}\x{3046}"
              LayoutRubyBase (anonymous) at (0,0) size 18x18
                LayoutInline {RB} at (0,0) size 17x16
                  LayoutText {#text} at (0,1) size 17x16
                    text run at (0,1) width 16: "\x{9AD8}"
          LayoutText {#text} at (183,129) size 46x497
            text run at (183,129) width 368: "\x{3058}\x{308B}\x{3068}\x{3001}\x{5B89}\x{3044}\x{6240}\x{3078}\x{5F15}\x{304D}\x{8D8A}\x{3057}\x{305F}\x{304F}\x{306A}\x{308B}\x{3002}\x{3069}\x{3053}\x{3078}\x{8D8A}\x{3057}\x{3066}"
            text run at (212,0) width 112: "\x{3082}\x{4F4F}\x{307F}\x{306B}\x{304F}\x{3044}\x{3068}"
          LayoutRuby (inline) {RUBY} at (0,0) size 17x16
            LayoutRubyRun (anonymous) at (212,111) size 18x18
              LayoutRubyText {RT} at (-13,0) size 14x18
                LayoutText {#text} at (1,0) size 12x18
                  text run at (1,0) width 18: "\x{3055}\x{3068}"
              LayoutRubyBase (anonymous) at (0,0) size 18x18
                LayoutInline {RB} at (0,0) size 17x16
                  LayoutText {#text} at (0,1) size 17x16
                    text run at (0,1) width 16: "\x{609F}"
          LayoutText {#text} at (212,128) size 17x160
            text run at (212,128) width 160: "\x{3063}\x{305F}\x{6642}\x{3001}\x{8A69}\x{304C}\x{751F}\x{308C}\x{3066}\x{3001}"
          LayoutRuby (inline) {RUBY} at (0,0) size 17x16
            LayoutRubyRun (anonymous) at (212,288) size 18x16
              LayoutRubyText {RT} at (-13,0) size 14x16
                LayoutText {#text} at (1,3) size 12x10
                  text run at (1,3) width 9: "\x{3048}"
              LayoutRubyBase (anonymous) at (0,0) size 18x16
                LayoutInline {RB} at (0,0) size 17x16
                  LayoutText {#text} at (0,0) size 17x16
                    text run at (0,0) width 16: "\x{753B}"
          LayoutText {#text} at (212,304) size 17x80
            text run at (212,304) width 80: "\x{304C}\x{51FA}\x{6765}\x{308B}\x{3002}"
          LayoutBR {BR} at (212,384) size 17x0
          LayoutText {#text} at (236,0) size 17x17
            text run at (236,0) width 17: "\x{3000}"
          LayoutInline {STRONG} at (0,0) size 17x48
            LayoutText {#text} at (236,17) size 17x48
              text run at (236,17) width 48: "\x{4EBA}\x{306E}\x{4E16}"
          LayoutText {#text} at (236,65) size 17x432
            text run at (236,65) width 432: "\x{3092}\x{4F5C}\x{3063}\x{305F}\x{3082}\x{306E}\x{306F}\x{795E}\x{3067}\x{3082}\x{306A}\x{3051}\x{308C}\x{3070}\x{9B3C}\x{3067}\x{3082}\x{306A}\x{3044}\x{3002}\x{3084}\x{306F}\x{308A}\x{5411}\x{3046}\x{4E09}\x{8ED2}"
          LayoutRuby (inline) {RUBY} at (0,0) size 17x42
            LayoutRubyRun (anonymous) at (265,0) size 18x45
              LayoutRubyText {RT} at (-13,0) size 14x45
                LayoutText {#text} at (1,0) size 12x45
                  text run at (1,0) width 45: "\x{308A}\x{3087}\x{3046}\x{3069}\x{306A}"
              LayoutRubyBase (anonymous) at (0,0) size 18x45
                LayoutInline {RB} at (0,0) size 17x39
                  LayoutText {#text} at (0,3) size 17x39
                    text run at (0,3) width 38: "\x{4E21}\x{96A3}"
          LayoutText {#text} at (265,42) size 17x384
            text run at (265,42) width 384: "\x{308A}\x{306B}\x{3061}\x{3089}\x{3061}\x{3089}\x{3059}\x{308B}\x{305F}\x{3060}\x{306E}\x{4EBA}\x{3067}\x{3042}\x{308B}\x{3002}\x{305F}\x{3060}\x{306E}\x{4EBA}\x{304C}\x{4F5C}\x{3063}\x{305F}"
          LayoutInline {STRONG} at (0,0) size 17x48
            LayoutText {#text} at (265,426) size 17x48
              text run at (265,426) width 48: "\x{4EBA}\x{306E}\x{4E16}"
          LayoutText {#text} at (265,474) size 41x490
            text run at (265,474) width 16: "\x{304C}"
            text run at (289,0) width 352: "\x{4F4F}\x{307F}\x{306B}\x{304F}\x{3044}\x{304B}\x{3089}\x{3068}\x{3066}\x{3001}\x{8D8A}\x{3059}\x{56FD}\x{306F}\x{3042}\x{308B}\x{307E}\x{3044}\x{3002}\x{3042}\x{308C}\x{3070}"
          LayoutInline {STRONG} at (0,0) size 17x64
            LayoutText {#text} at (289,352) size 17x64
              text run at (289,352) width 64: "\x{4EBA}\x{3067}\x{306A}\x{3057}"
          LayoutText {#text} at (289,416) size 41x496
            text run at (289,416) width 80: "\x{306E}\x{56FD}\x{3078}\x{884C}\x{304F}"
            text run at (313,0) width 80: "\x{3070}\x{304B}\x{308A}\x{3060}\x{3002}"
          LayoutInline {STRONG} at (0,0) size 17x64
            LayoutText {#text} at (313,80) size 17x64
              text run at (313,80) width 64: "\x{4EBA}\x{3067}\x{306A}\x{3057}"
          LayoutText {#text} at (313,144) size 17x48
            text run at (313,144) width 48: "\x{306E}\x{56FD}\x{306F}"
          LayoutInline {STRONG} at (0,0) size 17x48
            LayoutText {#text} at (313,192) size 17x48
              text run at (313,192) width 48: "\x{4EBA}\x{306E}\x{4E16}"
          LayoutText {#text} at (313,240) size 17x208
            text run at (313,240) width 208: "\x{3088}\x{308A}\x{3082}\x{306A}\x{304A}\x{4F4F}\x{307F}\x{306B}\x{304F}\x{304B}\x{308D}\x{3046}\x{3002}"
          LayoutBR {BR} at (313,448) size 17x0
          LayoutText {#text} at (337,0) size 17x497
            text run at (337,0) width 497: "\x{3000}\x{8D8A}\x{3059}\x{4E8B}\x{306E}\x{306A}\x{3089}\x{306C}\x{4E16}\x{304C}\x{4F4F}\x{307F}\x{306B}\x{304F}\x{3051}\x{308C}\x{3070}\x{3001}\x{4F4F}\x{307F}\x{306B}\x{304F}\x{3044}\x{6240}\x{3092}\x{3069}\x{308C}\x{307B}\x{3069}\x{304B}\x{3001}"
          LayoutRuby (inline) {RUBY} at (0,0) size 17x35
            LayoutRubyRun (anonymous) at (366,0) size 18x36
              LayoutRubyText {RT} at (-13,0) size 14x36
                LayoutText {#text} at (1,0) size 12x36
                  text run at (1,0) width 36: "\x{304F}\x{3064}\x{308D}\x{3052}"
              LayoutRubyBase (anonymous) at (0,0) size 18x36
                LayoutInline {RB} at (0,0) size 17x34
                  LayoutText {#text} at (0,1) size 17x34
                    text run at (0,1) width 34: "\x{5BDB}\x{5BB9}"
          LayoutText {#text} at (366,35) size 17x32
            text run at (366,35) width 32: "\x{3066}\x{3001}"
          LayoutRuby (inline) {RUBY} at (0,0) size 17x16
            LayoutRubyRun (anonymous) at (366,66) size 18x18
              LayoutRubyText {RT} at (-13,0) size 14x18
                LayoutText {#text} at (1,0) size 12x18
                  text run at (1,0) width 18: "\x{3064}\x{304B}"
              LayoutRubyBase (anonymous) at (0,0) size 18x18
                LayoutInline {RB} at (0,0) size 17x16
                  LayoutText {#text} at (0,1) size 17x16
                    text run at (0,1) width 16: "\x{675F}"
          LayoutText {#text} at (366,83) size 17x16
            text run at (366,83) width 16: "\x{306E}"
          LayoutRuby (inline) {RUBY} at (0,0) size 17x16
            LayoutRubyRun (anonymous) at (366,99) size 18x16
              LayoutRubyText {RT} at (-13,0) size 14x16
                LayoutText {#text} at (1,3) size 12x10
                  text run at (1,3) width 9: "\x{307E}"
              LayoutRubyBase (anonymous) at (0,0) size 18x16
                LayoutInline {RB} at (0,0) size 17x16
                  LayoutText {#text} at (0,0) size 17x16
                    text run at (0,0) width 16: "\x{9593}"
          LayoutText {#text} at (366,115) size 46x499
            text run at (366,115) width 384: "\x{306E}\x{547D}\x{3092}\x{3001}\x{675F}\x{306E}\x{9593}\x{3067}\x{3082}\x{4F4F}\x{307F}\x{3088}\x{304F}\x{305B}\x{306D}\x{3070}\x{306A}\x{3089}\x{306C}\x{3002}\x{3053}\x{3053}\x{306B}\x{8A69}"
            text run at (395,0) width 352: "\x{4EBA}\x{3068}\x{3044}\x{3046}\x{5929}\x{8077}\x{304C}\x{51FA}\x{6765}\x{3066}\x{3001}\x{3053}\x{3053}\x{306B}\x{753B}\x{5BB6}\x{3068}\x{3044}\x{3046}\x{4F7F}\x{547D}\x{304C}"
          LayoutRuby (inline) {RUBY} at (0,0) size 17x16
            LayoutRubyRun (anonymous) at (395,351) size 18x18
              LayoutRubyText {RT} at (-13,0) size 14x18
                LayoutText {#text} at (1,0) size 12x18
                  text run at (1,0) width 18: "\x{304F}\x{3060}"
              LayoutRubyBase (anonymous) at (0,0) size 18x18
                LayoutInline {RB} at (0,0) size 17x16
                  LayoutText {#text} at (0,1) size 17x16
                    text run at (0,1) width 16: "\x{964D}"
          LayoutText {#text} at (395,368) size 46x496
            text run at (395,368) width 128: "\x{308B}\x{3002}\x{3042}\x{3089}\x{3086}\x{308B}\x{82B8}\x{8853}"
            text run at (424,0) width 112: "\x{306E}\x{58EB}\x{306F}\x{4EBA}\x{306E}\x{4E16}\x{3092}"
          LayoutRuby (inline) {RUBY} at (0,0) size 17x32
            LayoutRubyRun (anonymous) at (424,112) size 18x32
              LayoutRubyText {RT} at (-13,0) size 14x32
                LayoutText {#text} at (1,0) size 12x31
                  text run at (1,0) width 30: "\x{306E}\x{3069}\x{304B}"
              LayoutRubyBase (anonymous) at (0,0) size 18x32
                LayoutInline {RB} at (0,0) size 17x32
                  LayoutText {#text} at (0,0) size 17x32
                    text run at (0,0) width 32: "\x{9577}\x{9591}"
          LayoutText {#text} at (424,144) size 17x208
            text run at (424,144) width 208: "\x{306B}\x{3057}\x{3001}\x{4EBA}\x{306E}\x{5FC3}\x{3092}\x{8C4A}\x{304B}\x{306B}\x{3059}\x{308B}\x{304C}"
          LayoutRuby (inline) {RUBY} at (0,0) size 17x16
            LayoutRubyRun (anonymous) at (424,351) size 18x18
              LayoutRubyText {RT} at (-13,0) size 14x18
                LayoutText {#text} at (1,0) size 12x18
                  text run at (1,0) width 18: "\x{3086}\x{3048}"
              LayoutRubyBase (anonymous) at (0,0) size 18x18
                LayoutInline {RB} at (0,0) size 17x16
                  LayoutText {#text} at (0,1) size 17x16
                    text run at (0,1) width 16: "\x{6545}"
          LayoutText {#text} at (424,368) size 17x16
            text run at (424,368) width 16: "\x{306B}"
          LayoutRuby (inline) {RUBY} at (0,0) size 17x16
            LayoutRubyRun (anonymous) at (424,383) size 18x18
              LayoutRubyText {RT} at (-13,0) size 14x18
                LayoutText {#text} at (1,0) size 12x18
                  text run at (1,0) width 18: "\x{305F}\x{3063}"
              LayoutRubyBase (anonymous) at (0,0) size 18x18
                LayoutInline {RB} at (0,0) size 17x16
                  LayoutText {#text} at (0,1) size 17x16
                    text run at (0,1) width 16: "\x{5C0A}"
          LayoutText {#text} at (424,400) size 17x48
            text run at (424,400) width 48: "\x{3068}\x{3044}\x{3002}"
          LayoutBR {BR} at (424,448) size 17x0
          LayoutText {#text} at (453,0) size 17x241
            text run at (453,0) width 241: "\x{3000}\x{4F4F}\x{307F}\x{306B}\x{304F}\x{304D}\x{4E16}\x{304B}\x{3089}\x{3001}\x{4F4F}\x{307F}\x{306B}\x{304F}\x{304D}"
          LayoutRuby (inline) {RUBY} at (0,0) size 17x19
            LayoutRubyRun (anonymous) at (453,237) size 18x27
              LayoutRubyText {RT} at (-13,0) size 14x27
                LayoutText {#text} at (1,0) size 12x27
                  text run at (1,0) width 27: "\x{308F}\x{305A}\x{3089}"
              LayoutRubyBase (anonymous) at (0,0) size 18x27
                LayoutInline {RB} at (0,0) size 17x17
                  LayoutText {#text} at (0,5) size 17x17
                    text run at (0,5) width 16: "\x{7169}"
          LayoutText {#text} at (453,260) size 46x500
            text run at (453,260) width 240: "\x{3044}\x{3092}\x{5F15}\x{304D}\x{629C}\x{3044}\x{3066}\x{3001}\x{3042}\x{308A}\x{304C}\x{305F}\x{3044}\x{4E16}\x{754C}"
            text run at (482,0) width 256: "\x{3092}\x{307E}\x{306E}\x{3042}\x{305F}\x{308A}\x{306B}\x{5199}\x{3059}\x{306E}\x{304C}\x{8A69}\x{3067}\x{3042}\x{308B}\x{3001}"
          LayoutRuby (inline) {RUBY} at (0,0) size 17x16
            LayoutRubyRun (anonymous) at (482,256) size 18x16
              LayoutRubyText {RT} at (-13,0) size 14x16
                LayoutText {#text} at (1,3) size 12x10
                  text run at (1,3) width 9: "\x{3048}"
              LayoutRubyBase (anonymous) at (0,0) size 18x16
                LayoutInline {RB} at (0,0) size 17x16
                  LayoutText {#text} at (0,0) size 17x16
                    text run at (0,0) width 16: "\x{753B}"
          LayoutText {#text} at (482,272) size 46x496
            text run at (482,272) width 224: "\x{3067}\x{3042}\x{308B}\x{3002}\x{3042}\x{308B}\x{306F}\x{97F3}\x{697D}\x{3068}\x{5F6B}\x{523B}\x{3067}\x{3042}"
            text run at (511,0) width 96: "\x{308B}\x{3002}\x{3053}\x{307E}\x{304B}\x{306B}"
          LayoutRuby (inline) {RUBY} at (0,0) size 17x16
            LayoutRubyRun (anonymous) at (511,96) size 18x16
              LayoutRubyText {RT} at (-13,0) size 14x16
                LayoutText {#text} at (1,3) size 12x10
                  text run at (1,3) width 9: "\x{3044}"
              LayoutRubyBase (anonymous) at (0,0) size 18x16
                LayoutInline {RB} at (0,0) size 17x16
                  LayoutText {#text} at (0,0) size 17x16
                    text run at (0,0) width 16: "\x{4E91}"
          LayoutText {#text} at (511,112) size 46x496
            text run at (511,112) width 384: "\x{3048}\x{3070}\x{5199}\x{3055}\x{306A}\x{3044}\x{3067}\x{3082}\x{3088}\x{3044}\x{3002}\x{305F}\x{3060}\x{307E}\x{306E}\x{3042}\x{305F}\x{308A}\x{306B}\x{898B}\x{308C}\x{3070}\x{3001}\x{305D}"
            text run at (540,0) width 144: "\x{3053}\x{306B}\x{8A69}\x{3082}\x{751F}\x{304D}\x{3001}\x{6B4C}\x{3082}"
          LayoutRuby (inline) {RUBY} at (0,0) size 17x16
            LayoutRubyRun (anonymous) at (540,144) size 18x16
              LayoutRubyText {RT} at (-13,0) size 14x16
                LayoutText {#text} at (1,3) size 12x10
                  text run at (1,3) width 9: "\x{308F}"
              LayoutRubyBase (anonymous) at (0,0) size 18x16
                LayoutInline {RB} at (0,0) size 17x16
                  LayoutText {#text} at (0,0) size 17x16
                    text run at (0,0) width 16: "\x{6E67}"
          LayoutText {#text} at (540,160) size 17x192
            text run at (540,160) width 192: "\x{304F}\x{3002}\x{7740}\x{60F3}\x{3092}\x{7D19}\x{306B}\x{843D}\x{3055}\x{306C}\x{3068}\x{3082}"
          LayoutRuby (inline) {RUBY} at (0,0) size 17x39
            LayoutRubyRun (anonymous) at (540,349) size 18x45
              LayoutRubyText {RT} at (-13,0) size 14x45
                LayoutText {#text} at (1,0) size 12x45
                  text run at (1,0) width 45: "\x{304D}\x{3085}\x{3046}\x{305D}\x{3046}"
              LayoutRubyBase (anonymous) at (0,0) size 18x45
                LayoutInline {RB} at (0,0) size 17x39
                  LayoutText {#text} at (0,3) size 17x23
                    text run at (0,3) width 22: "\x{7486}"
                  LayoutText {#text} at (0,25) size 17x17
                    text run at (0,25) width 16: "\x{93D8}"
          LayoutText {#text} at (540,391) size 17x16
            text run at (540,391) width 16: "\x{306E}"
          LayoutRuby (inline) {RUBY} at (0,0) size 17x16
            LayoutRubyRun (anonymous) at (540,406) size 18x18
              LayoutRubyText {RT} at (-13,0) size 14x18
                LayoutText {#text} at (1,0) size 12x18
                  text run at (1,0) width 18: "\x{304A}\x{3093}"
              LayoutRubyBase (anonymous) at (0,0) size 18x18
                LayoutInline {RB} at (0,0) size 17x16
                  LayoutText {#text} at (0,1) size 17x16
                    text run at (0,1) width 16: "\x{97F3}"
          LayoutText {#text} at (540,423) size 17x16
            text run at (540,423) width 16: "\x{306F}"
          LayoutRuby (inline) {RUBY} at (0,0) size 17x34
            LayoutRubyRun (anonymous) at (540,438) size 18x36
              LayoutRubyText {RT} at (-13,0) size 14x36
                LayoutText {#text} at (1,0) size 12x36
                  text run at (1,0) width 36: "\x{304D}\x{3087}\x{3046}\x{308A}"
              LayoutRubyBase (anonymous) at (0,0) size 18x36
                LayoutInline {RB} at (0,0) size 17x34
                  LayoutText {#text} at (0,1) size 17x34
                    text run at (0,1) width 34: "\x{80F8}\x{88CF}"
          LayoutText {#text} at (540,473) size 17x16
            text run at (540,473) width 16: "\x{306B}"
          LayoutRuby (inline) {RUBY} at (0,0) size 17x17
            LayoutRubyRun (anonymous) at (569,0) size 18x18
              LayoutRubyText {RT} at (-13,0) size 14x18
                LayoutText {#text} at (1,0) size 12x18
                  text run at (1,0) width 18: "\x{304A}\x{3053}"
              LayoutRubyBase (anonymous) at (0,0) size 18x18
                LayoutInline {RB} at (0,0) size 17x16
                  LayoutText {#text} at (0,1) size 17x16
                    text run at (0,1) width 16: "\x{8D77}"
          LayoutText {#text} at (569,17) size 17x32
            text run at (569,17) width 32: "\x{308B}\x{3002}"
          LayoutRuby (inline) {RUBY} at (0,0) size 17x34
            LayoutRubyRun (anonymous) at (569,48) size 18x36
              LayoutRubyText {RT} at (-13,0) size 14x36
                LayoutText {#text} at (1,0) size 12x36
                  text run at (1,0) width 36: "\x{305F}\x{3093}\x{305B}\x{3044}"
              LayoutRubyBase (anonymous) at (0,0) size 18x36
                LayoutInline {RB} at (0,0) size 17x34
                  LayoutText {#text} at (0,1) size 17x34
                    text run at (0,1) width 34: "\x{4E39}\x{9752}"
          LayoutText {#text} at (569,83) size 17x16
            text run at (569,83) width 16: "\x{306F}"
          LayoutRuby (inline) {RUBY} at (0,0) size 17x32
            LayoutRubyRun (anonymous) at (569,99) size 18x32
              LayoutRubyText {RT} at (-13,0) size 14x32
                LayoutText {#text} at (1,3) size 12x26
                  text run at (1,3) width 25: "\x{304C}\x{304B}"
              LayoutRubyBase (anonymous) at (0,0) size 18x32
                LayoutInline {RB} at (0,0) size 17x32
                  LayoutText {#text} at (0,0) size 17x32
                    text run at (0,0) width 32: "\x{753B}\x{67B6}"
          LayoutText {#text} at (569,131) size 17x64
            text run at (569,131) width 64: "\x{306B}\x{5411}\x{3063}\x{3066}"
          LayoutRuby (inline) {RUBY} at (0,0) size 17x32
            LayoutRubyRun (anonymous) at (569,195) size 18x32
              LayoutRubyText {RT} at (-13,0) size 14x32
                LayoutText {#text} at (1,0) size 12x31
                  text run at (1,0) width 30: "\x{3068}\x{307E}\x{3064}"
              LayoutRubyBase (anonymous) at (0,0) size 18x32
                LayoutInline {RB} at (0,0) size 17x32
                  LayoutText {#text} at (0,0) size 17x32
                    text run at (0,0) width 32: "\x{5857}\x{62B9}"
          LayoutText {#text} at (569,227) size 17x64
            text run at (569,227) width 64: "\x{305B}\x{3093}\x{3067}\x{3082}"
          LayoutRuby (inline) {RUBY} at (0,0) size 17x32
            LayoutRubyRun (anonymous) at (569,291) size 18x32
              LayoutRubyText {RT} at (-13,0) size 14x32
                LayoutText {#text} at (1,0) size 12x31
                  text run at (1,0) width 30: "\x{3054}\x{3055}\x{3044}"
              LayoutRubyBase (anonymous) at (0,0) size 18x32
                LayoutInline {RB} at (0,0) size 17x32
                  LayoutText {#text} at (0,0) size 17x32
                    text run at (0,0) width 32: "\x{4E94}\x{5F69}"
          LayoutText {#text} at (569,323) size 17x16
            text run at (569,323) width 16: "\x{306E}"
          LayoutRuby (inline) {RUBY} at (0,0) size 17x34
            LayoutRubyRun (anonymous) at (569,338) size 18x36
              LayoutRubyText {RT} at (-13,0) size 14x36
                LayoutText {#text} at (1,0) size 12x36
                  text run at (1,0) width 36: "\x{3051}\x{3093}\x{3089}\x{3093}"
              LayoutRubyBase (anonymous) at (0,0) size 18x36
                LayoutInline {RB} at (0,0) size 17x34
                  LayoutText {#text} at (0,1) size 17x34
                    text run at (0,1) width 34: "\x{7D62}\x{721B}"
          LayoutText {#text} at (569,373) size 17x16
            text run at (569,373) width 16: "\x{306F}"
          LayoutRuby (inline) {RUBY} at (0,0) size 17x19
            LayoutRubyRun (anonymous) at (569,385) size 18x27
              LayoutRubyText {RT} at (-13,0) size 14x27
                LayoutText {#text} at (1,0) size 12x27
                  text run at (1,0) width 27: "\x{304A}\x{306E}\x{305A}"
              LayoutRubyBase (anonymous) at (0,0) size 18x27
                LayoutInline {RB} at (0,0) size 17x17
                  LayoutText {#text} at (0,5) size 17x17
                    text run at (0,5) width 16: "\x{81EA}"
          LayoutText {#text} at (569,408) size 17x32
            text run at (569,408) width 32: "\x{304B}\x{3089}"
          LayoutRuby (inline) {RUBY} at (0,0) size 17x34
            LayoutRubyRun (anonymous) at (569,439) size 18x36
              LayoutRubyText {RT} at (-13,0) size 14x36
                LayoutText {#text} at (1,0) size 12x36
                  text run at (1,0) width 36: "\x{3057}\x{3093}\x{304C}\x{3093}"
              LayoutRubyBase (anonymous) at (0,0) size 18x36
                LayoutInline {RB} at (0,0) size 17x34
                  LayoutText {#text} at (0,1) size 17x34
                    text run at (0,1) width 34: "\x{5FC3}\x{773C}"
          LayoutText {#text} at (569,474) size 46x490
            text run at (569,474) width 16: "\x{306B}"
            text run at (598,0) width 240: "\x{6620}\x{308B}\x{3002}\x{305F}\x{3060}\x{304A}\x{306E}\x{304C}\x{4F4F}\x{3080}\x{4E16}\x{3092}\x{3001}\x{304B}\x{304F}"
          LayoutRuby (inline) {RUBY} at (0,0) size 17x16
            LayoutRubyRun (anonymous) at (598,239) size 18x18
              LayoutRubyText {RT} at (-13,0) size 14x18
                LayoutText {#text} at (1,0) size 12x18
                  text run at (1,0) width 18: "\x{304B}\x{3093}"
              LayoutRubyBase (anonymous) at (0,0) size 18x18
                LayoutInline {RB} at (0,0) size 17x16
                  LayoutText {#text} at (0,1) size 17x16
                    text run at (0,1) width 16: "\x{89B3}"
          LayoutText {#text} at (598,256) size 17x64
            text run at (598,256) width 64: "\x{3058}\x{5F97}\x{3066}\x{3001}"
          LayoutRuby (inline) {RUBY} at (0,0) size 17x70
            LayoutRubyRun (anonymous) at (598,319) size 18x72
              LayoutRubyText {RT} at (-13,0) size 14x72
                LayoutText {#text} at (1,0) size 12x72
                  text run at (1,0) width 72: "\x{308C}\x{3044}\x{3060}\x{3044}\x{307B}\x{3046}\x{3059}\x{3093}"
              LayoutRubyBase (anonymous) at (0,0) size 18x72
                LayoutInline {RB} at (0,0) size 17x70
                  LayoutText {#text} at (0,1) size 17x70
                    text run at (0,1) width 70: "\x{970A}\x{53F0}\x{65B9}\x{5BF8}"
          LayoutText {#text} at (598,390) size 17x80
            text run at (598,390) width 80: "\x{306E}\x{30AB}\x{30E1}\x{30E9}\x{306B}"
          LayoutRuby (inline) {RUBY} at (0,0) size 17x71
            LayoutRubyRun (anonymous) at (627,0) size 18x72
              LayoutRubyText {RT} at (-13,0) size 14x72
                LayoutText {#text} at (1,0) size 12x72
                  text run at (1,0) width 72: "\x{304E}\x{3087}\x{3046}\x{304D}\x{3053}\x{3093}\x{3060}\x{304F}"
              LayoutRubyBase (anonymous) at (0,0) size 18x72
                LayoutInline {RB} at (0,0) size 17x70
                  LayoutText {#text} at (0,1) size 17x70
                    text run at (0,1) width 70: "\x{6F86}\x{5B63}\x{6EB7}\x{6FC1}"
          LayoutText {#text} at (627,71) size 17x208
            text run at (627,71) width 208: "\x{306E}\x{4FD7}\x{754C}\x{3092}\x{6E05}\x{304F}\x{3046}\x{3089}\x{3089}\x{304B}\x{306B}\x{53CE}\x{3081}"
          LayoutRuby (inline) {RUBY} at (0,0) size 17x16
            LayoutRubyRun (anonymous) at (627,279) size 18x16
              LayoutRubyText {RT} at (-13,0) size 14x16
                LayoutText {#text} at (1,3) size 12x10
                  text run at (1,3) width 9: "\x{3046}"
              LayoutRubyBase (anonymous) at (0,0) size 18x16
                LayoutInline {RB} at (0,0) size 17x16
                  LayoutText {#text} at (0,0) size 17x16
                    text run at (0,0) width 16: "\x{5F97}"
          LayoutText {#text} at (627,295) size 17x32
            text run at (627,295) width 32: "\x{308C}\x{3070}"
          LayoutRuby (inline) {RUBY} at (0,0) size 17x16
            LayoutRubyRun (anonymous) at (627,327) size 18x16
              LayoutRubyText {RT} at (-13,0) size 14x16
                LayoutText {#text} at (1,3) size 12x10
                  text run at (1,3) width 9: "\x{305F}"
              LayoutRubyBase (anonymous) at (0,0) size 18x16
                LayoutInline {RB} at (0,0) size 17x16
                  LayoutText {#text} at (0,0) size 17x16
                    text run at (0,0) width 16: "\x{8DB3}"
          LayoutText {#text} at (627,343) size 17x96
            text run at (627,343) width 96: "\x{308B}\x{3002}\x{3053}\x{306E}\x{6545}\x{306B}"
          LayoutRuby (inline) {RUBY} at (0,0) size 17x32
            LayoutRubyRun (anonymous) at (627,439) size 18x32
              LayoutRubyText {RT} at (-13,0) size 14x32
                LayoutText {#text} at (1,0) size 12x31
                  text run at (1,0) width 30: "\x{3080}\x{305B}\x{3044}"
              LayoutRubyBase (anonymous) at (0,0) size 18x32
                LayoutInline {RB} at (0,0) size 17x32
                  LayoutText {#text} at (0,0) size 17x32
                    text run at (0,0) width 32: "\x{7121}\x{58F0}"
          LayoutText {#text} at (627,471) size 46x503
            text run at (627,471) width 32: "\x{306E}\x{8A69}"
            text run at (656,0) width 128: "\x{4EBA}\x{306B}\x{306F}\x{4E00}\x{53E5}\x{306A}\x{304F}\x{3001}"
          LayoutRuby (inline) {RUBY} at (0,0) size 17x34
            LayoutRubyRun (anonymous) at (656,127) size 18x36
              LayoutRubyText {RT} at (-13,0) size 14x36
                LayoutText {#text} at (1,0) size 12x36
                  text run at (1,0) width 36: "\x{3080}\x{3057}\x{3087}\x{304F}"
              LayoutRubyBase (anonymous) at (0,0) size 18x36
                LayoutInline {RB} at (0,0) size 17x34
                  LayoutText {#text} at (0,1) size 17x34
                    text run at (0,1) width 34: "\x{7121}\x{8272}"
          LayoutText {#text} at (656,162) size 17x80
            text run at (656,162) width 80: "\x{306E}\x{753B}\x{5BB6}\x{306B}\x{306F}"
          LayoutRuby (inline) {RUBY} at (0,0) size 17x34
            LayoutRubyRun (anonymous) at (656,241) size 18x36
              LayoutRubyText {RT} at (-13,0) size 14x36
                LayoutText {#text} at (1,0) size 12x36
                  text run at (1,0) width 36: "\x{305B}\x{3063}\x{3051}\x{3093}"
              LayoutRubyBase (anonymous) at (0,0) size 18x36
                LayoutInline {RB} at (0,0) size 17x34
                  LayoutText {#text} at (0,1) size 17x34
                    text run at (0,1) width 34: "\x{5C3A}\x{7E11}"
          LayoutText {#text} at (656,276) size 17x96
            text run at (656,276) width 96: "\x{306A}\x{304D}\x{3082}\x{3001}\x{304B}\x{304F}"
          LayoutRuby (inline) {RUBY} at (0,0) size 17x34
            LayoutRubyRun (anonymous) at (656,371) size 18x36
              LayoutRubyText {RT} at (-13,0) size 14x36
                LayoutText {#text} at (1,0) size 12x36
                  text run at (1,0) width 36: "\x{3058}\x{3093}\x{305B}\x{3044}"
              LayoutRubyBase (anonymous) at (0,0) size 18x36
                LayoutInline {RB} at (0,0) size 17x34
                  LayoutText {#text} at (0,1) size 17x34
                    text run at (0,1) width 34: "\x{4EBA}\x{4E16}"
          LayoutText {#text} at (656,406) size 46x502
            text run at (656,406) width 96: "\x{3092}\x{89B3}\x{3058}\x{5F97}\x{308B}\x{306E}"
            text run at (685,0) width 128: "\x{70B9}\x{306B}\x{304A}\x{3044}\x{3066}\x{3001}\x{304B}\x{304F}"
          LayoutRuby (inline) {RUBY} at (0,0) size 17x34
            LayoutRubyRun (anonymous) at (685,127) size 18x36
              LayoutRubyText {RT} at (-13,0) size 14x36
                LayoutText {#text} at (1,0) size 12x36
                  text run at (1,0) width 36: "\x{307C}\x{3093}\x{306E}\x{3046}"
              LayoutRubyBase (anonymous) at (0,0) size 18x36
                LayoutInline {RB} at (0,0) size 17x34
                  LayoutText {#text} at (0,1) size 17x34
                    text run at (0,1) width 34: "\x{7169}\x{60A9}"
          LayoutText {#text} at (685,162) size 17x16
            text run at (685,162) width 16: "\x{3092}"
          LayoutRuby (inline) {RUBY} at (0,0) size 17x32
            LayoutRubyRun (anonymous) at (685,178) size 18x32
              LayoutRubyText {RT} at (-13,0) size 14x32
                LayoutText {#text} at (1,0) size 12x31
                  text run at (1,0) width 30: "\x{3052}\x{3060}\x{3064}"
              LayoutRubyBase (anonymous) at (0,0) size 18x32
                LayoutInline {RB} at (0,0) size 17x32
                  LayoutText {#text} at (0,0) size 17x32
                    text run at (0,0) width 32: "\x{89E3}\x{8131}"
          LayoutText {#text} at (685,210) size 17x176
            text run at (685,210) width 176: "\x{3059}\x{308B}\x{306E}\x{70B9}\x{306B}\x{304A}\x{3044}\x{3066}\x{3001}\x{304B}\x{304F}"
          LayoutRuby (inline) {RUBY} at (0,0) size 17x64
            LayoutRubyRun (anonymous) at (685,382) size 18x72
              LayoutRubyText {RT} at (-13,0) size 14x72
                LayoutText {#text} at (1,0) size 12x72
                  text run at (1,0) width 72: "\x{3057}\x{3087}\x{3046}\x{3058}\x{3087}\x{3046}\x{304B}\x{3044}"
              LayoutRubyBase (anonymous) at (0,0) size 18x72
                LayoutInline {RB} at (0,0) size 17x64
                  LayoutText {#text} at (0,4) size 17x64
                    text run at (0,4) width 64: "\x{6E05}\x{6D44}\x{754C}"
          LayoutText {#text} at (685,450) size 17x16
            text run at (685,450) width 16: "\x{306B}"
          LayoutRuby (inline) {RUBY} at (0,0) size 17x50
            LayoutRubyRun (anonymous) at (714,0) size 18x54
              LayoutRubyText {RT} at (-13,0) size 14x54
                LayoutText {#text} at (1,0) size 12x54
                  text run at (1,0) width 54: "\x{3057}\x{3085}\x{3064}\x{306B}\x{3085}\x{3046}"
              LayoutRubyBase (anonymous) at (0,0) size 18x54
                LayoutInline {RB} at (0,0) size 17x44
                  LayoutText {#text} at (0,5) size 17x44
                    text run at (0,5) width 43: "\x{51FA}\x{5165}"
          LayoutText {#text} at (714,50) size 17x224
            text run at (714,50) width 224: "\x{3057}\x{5F97}\x{308B}\x{306E}\x{70B9}\x{306B}\x{304A}\x{3044}\x{3066}\x{3001}\x{307E}\x{305F}\x{3053}\x{306E}"
          LayoutRuby (inline) {RUBY} at (0,0) size 17x64
            LayoutRubyRun (anonymous) at (714,274) size 18x64
              LayoutRubyText {RT} at (-13,0) size 14x64
                LayoutText {#text} at (1,1) size 12x61
                  text run at (1,1) width 60: "\x{3075}\x{3069}\x{3046}\x{3075}\x{3058}"
              LayoutRubyBase (anonymous) at (0,0) size 18x64
                LayoutInline {RB} at (0,0) size 17x64
                  LayoutText {#text} at (0,0) size 17x64
                    text run at (0,0) width 64: "\x{4E0D}\x{540C}\x{4E0D}\x{4E8C}"
          LayoutText {#text} at (714,338) size 17x16
            text run at (714,338) width 16: "\x{306E}"
          LayoutRuby (inline) {RUBY} at (0,0) size 17x34
            LayoutRubyRun (anonymous) at (714,353) size 18x36
              LayoutRubyText {RT} at (-13,0) size 14x36
                LayoutText {#text} at (1,0) size 12x36
                  text run at (1,0) width 36: "\x{3051}\x{3093}\x{3053}\x{3093}"
              LayoutRubyBase (anonymous) at (0,0) size 18x36
                LayoutInline {RB} at (0,0) size 17x34
                  LayoutText {#text} at (0,1) size 17x34
                    text run at (0,1) width 34: "\x{4E7E}\x{5764}"
          LayoutText {#text} at (714,388) size 17x16
            text run at (714,388) width 16: "\x{3092}"
          LayoutRuby (inline) {RUBY} at (0,0) size 17x39
            LayoutRubyRun (anonymous) at (714,401) size 18x45
              LayoutRubyText {RT} at (-13,0) size 14x45
                LayoutText {#text} at (1,0) size 12x45
                  text run at (1,0) width 45: "\x{3053}\x{3093}\x{308A}\x{3085}\x{3046}"
              LayoutRubyBase (anonymous) at (0,0) size 18x45
                LayoutInline {RB} at (0,0) size 17x39
                  LayoutText {#text} at (0,3) size 17x39
                    text run at (0,3) width 38: "\x{5EFA}\x{7ACB}"
          LayoutText {#text} at (714,443) size 46x491
            text run at (714,443) width 48: "\x{3057}\x{5F97}\x{308B}"
            text run at (743,0) width 112: "\x{306E}\x{70B9}\x{306B}\x{304A}\x{3044}\x{3066}\x{3001}"
          LayoutRuby (inline) {RUBY} at (0,0) size 17x64
            LayoutRubyRun (anonymous) at (743,112) size 18x64
              LayoutRubyText {RT} at (-13,0) size 14x64
                LayoutText {#text} at (1,1) size 12x61
                  text run at (1,1) width 60: "\x{304C}\x{308A}\x{3057}\x{3088}\x{304F}"
              LayoutRubyBase (anonymous) at (0,0) size 18x64
                LayoutInline {RB} at (0,0) size 17x64
                  LayoutText {#text} at (0,0) size 17x64
                    text run at (0,0) width 64: "\x{6211}\x{5229}\x{79C1}\x{617E}"
          LayoutText {#text} at (743,176) size 17x16
            text run at (743,176) width 16: "\x{306E}"
          LayoutRuby (inline) {RUBY} at (0,0) size 17x32
            LayoutRubyRun (anonymous) at (743,192) size 18x32
              LayoutRubyText {RT} at (-13,0) size 14x32
                LayoutText {#text} at (1,0) size 12x31
                  text run at (1,0) width 30: "\x{304D}\x{306F}\x{3093}"
              LayoutRubyBase (anonymous) at (0,0) size 18x32
                LayoutInline {RB} at (0,0) size 17x32
                  LayoutText {#text} at (0,0) size 17x32
                    text run at (0,0) width 32: "\x{898A}\x{7D46}"
          LayoutText {#text} at (743,224) size 17x16
            text run at (743,224) width 16: "\x{3092}"
          LayoutRuby (inline) {RUBY} at (0,0) size 17x34
            LayoutRubyRun (anonymous) at (743,239) size 18x36
              LayoutRubyText {RT} at (-13,0) size 14x36
                LayoutText {#text} at (1,0) size 12x36
                  text run at (1,0) width 36: "\x{305D}\x{3046}\x{3068}\x{3046}"
              LayoutRubyBase (anonymous) at (0,0) size 18x36
                LayoutInline {RB} at (0,0) size 17x34
                  LayoutText {#text} at (0,1) size 17x34
                    text run at (0,1) width 34: "\x{6383}\x{8569}"
          LayoutText {#text} at (743,274) size 17x176
            text run at (743,274) width 176: "\x{3059}\x{308B}\x{306E}\x{70B9}\x{306B}\x{304A}\x{3044}\x{3066}\x{3001}\x{2015}\x{2015}"
          LayoutRuby (inline) {RUBY} at (0,0) size 17x34
            LayoutRubyRun (anonymous) at (743,449) size 18x36
              LayoutRubyText {RT} at (-13,0) size 14x36
                LayoutText {#text} at (1,0) size 12x36
                  text run at (1,0) width 36: "\x{305B}\x{3093}\x{304D}\x{3093}"
              LayoutRubyBase (anonymous) at (0,0) size 18x36
                LayoutInline {RB} at (0,0) size 17x34
                  LayoutText {#text} at (0,1) size 17x34
                    text run at (0,1) width 34: "\x{5343}\x{91D1}"
          LayoutText {#text} at (743,484) size 46x500
            text run at (743,484) width 16: "\x{306E}"
            text run at (772,0) width 80: "\x{5B50}\x{3088}\x{308A}\x{3082}\x{3001}"
          LayoutRuby (inline) {RUBY} at (0,0) size 17x39
            LayoutRubyRun (anonymous) at (772,77) size 18x45
              LayoutRubyText {RT} at (-13,0) size 14x45
                LayoutText {#text} at (1,0) size 12x45
                  text run at (1,0) width 45: "\x{3070}\x{3093}\x{3058}\x{3087}\x{3046}"
              LayoutRubyBase (anonymous) at (0,0) size 18x45
                LayoutInline {RB} at (0,0) size 17x39
                  LayoutText {#text} at (0,3) size 17x39
                    text run at (0,3) width 38: "\x{4E07}\x{4E57}"
          LayoutText {#text} at (772,119) size 17x208
            text run at (772,119) width 208: "\x{306E}\x{541B}\x{3088}\x{308A}\x{3082}\x{3001}\x{3042}\x{3089}\x{3086}\x{308B}\x{4FD7}\x{754C}\x{306E}"
          LayoutRuby (inline) {RUBY} at (0,0) size 17x34
            LayoutRubyRun (anonymous) at (772,326) size 18x36
              LayoutRubyText {RT} at (-13,0) size 14x36
                LayoutText {#text} at (1,0) size 12x36
                  text run at (1,0) width 36: "\x{3061}\x{3087}\x{3046}\x{3058}"
              LayoutRubyBase (anonymous) at (0,0) size 18x36
                LayoutInline {RB} at (0,0) size 17x34
                  LayoutText {#text} at (0,1) size 17x34
                    text run at (0,1) width 34: "\x{5BF5}\x{5150}"
          LayoutText {#text} at (772,361) size 41x473
            text run at (772,361) width 112: "\x{3088}\x{308A}\x{3082}\x{5E78}\x{798F}\x{3067}\x{3042}"
            text run at (796,0) width 32: "\x{308B}\x{3002}"
          LayoutBR {BR} at (796,32) size 17x0
          LayoutText {#text} at (825,0) size 17x273
            text run at (825,0) width 273: "\x{3000}\x{4E16}\x{306B}\x{4F4F}\x{3080}\x{3053}\x{3068}\x{4E8C}\x{5341}\x{5E74}\x{306B}\x{3057}\x{3066}\x{3001}\x{4F4F}\x{3080}\x{306B}"
          LayoutRuby (inline) {RUBY} at (0,0) size 17x32
            LayoutRubyRun (anonymous) at (825,273) size 18x32
              LayoutRubyText {RT} at (-13,0) size 14x32
                LayoutText {#text} at (1,3) size 12x26
                  text run at (1,3) width 25: "\x{304B}\x{3044}"
              LayoutRubyBase (anonymous) at (0,0) size 18x32
                LayoutInline {RB} at (0,0) size 17x32
                  LayoutText {#text} at (0,0) size 17x32
                    text run at (0,0) width 32: "\x{7532}\x{6590}"
          LayoutText {#text} at (825,305) size 46x497
            text run at (825,305) width 192: "\x{3042}\x{308B}\x{4E16}\x{3068}\x{77E5}\x{3063}\x{305F}\x{3002}\x{4E8C}\x{5341}\x{4E94}\x{5E74}"
            text run at (854,0) width 96: "\x{306B}\x{3057}\x{3066}\x{660E}\x{6697}\x{306F}"
          LayoutRuby (inline) {RUBY} at (0,0) size 17x34
            LayoutRubyRun (anonymous) at (854,95) size 18x36
              LayoutRubyText {RT} at (-13,0) size 14x36
                LayoutText {#text} at (1,0) size 12x36
                  text run at (1,0) width 36: "\x{3072}\x{3087}\x{3046}\x{308A}"
              LayoutRubyBase (anonymous) at (0,0) size 18x36
                LayoutInline {RB} at (0,0) size 17x34
                  LayoutText {#text} at (0,1) size 17x34
                    text run at (0,1) width 34: "\x{8868}\x{88CF}"
          LayoutText {#text} at (854,130) size 46x498
            text run at (854,130) width 368: "\x{306E}\x{3054}\x{3068}\x{304F}\x{3001}\x{65E5}\x{306E}\x{3042}\x{305F}\x{308B}\x{6240}\x{306B}\x{306F}\x{304D}\x{3063}\x{3068}\x{5F71}\x{304C}\x{3055}\x{3059}\x{3068}\x{609F}\x{3063}"
            text run at (883,0) width 80: "\x{305F}\x{3002}\x{4E09}\x{5341}\x{306E}"
          LayoutRuby (inline) {RUBY} at (0,0) size 17x34
            LayoutRubyRun (anonymous) at (883,79) size 18x36
              LayoutRubyText {RT} at (-13,0) size 14x36
                LayoutText {#text} at (1,0) size 12x36
                  text run at (1,0) width 36: "\x{3053}\x{3093}\x{306B}\x{3061}"
              LayoutRubyBase (anonymous) at (0,0) size 18x36
                LayoutInline {RB} at (0,0) size 17x34
                  LayoutText {#text} at (0,1) size 17x34
                    text run at (0,1) width 34: "\x{4ECA}\x{65E5}"
          LayoutText {#text} at (883,114) size 17x288
            text run at (883,114) width 288: "\x{306F}\x{3053}\x{3046}\x{601D}\x{3046}\x{3066}\x{3044}\x{308B}\x{3002}\x{2015}\x{2015}\x{559C}\x{3073}\x{306E}\x{6DF1}\x{304D}\x{3068}\x{304D}"
          LayoutRuby (inline) {RUBY} at (0,0) size 17x19
            LayoutRubyRun (anonymous) at (883,398) size 18x27
              LayoutRubyText {RT} at (-13,0) size 14x27
                LayoutText {#text} at (1,0) size 12x27
                  text run at (1,0) width 27: "\x{3046}\x{308C}\x{3044}"
              LayoutRubyBase (anonymous) at (0,0) size 18x27
                LayoutInline {RB} at (0,0) size 17x17
                  LayoutText {#text} at (0,5) size 17x17
                    text run at (0,5) width 16: "\x{6182}"
          LayoutText {#text} at (883,421) size 46x501
            text run at (883,421) width 80: "\x{3044}\x{3088}\x{3044}\x{3088}\x{6DF1}"
            text run at (912,0) width 32: "\x{304F}\x{3001}"
          LayoutRuby (inline) {RUBY} at (0,0) size 17x19
            LayoutRubyRun (anonymous) at (912,28) size 18x27
              LayoutRubyText {RT} at (-13,0) size 14x27
                LayoutText {#text} at (1,0) size 12x27
                  text run at (1,0) width 27: "\x{305F}\x{306E}\x{3057}"
              LayoutRubyBase (anonymous) at (0,0) size 18x27
                LayoutInline {RB} at (0,0) size 17x17
                  LayoutText {#text} at (0,5) size 17x17
                    text run at (0,5) width 16: "\x{697D}"
          LayoutText {#text} at (912,51) size 46x499
            text run at (912,51) width 448: "\x{307F}\x{306E}\x{5927}\x{3044}\x{306A}\x{308B}\x{307B}\x{3069}\x{82E6}\x{3057}\x{307F}\x{3082}\x{5927}\x{304D}\x{3044}\x{3002}\x{3053}\x{308C}\x{3092}\x{5207}\x{308A}\x{653E}\x{305D}\x{3046}\x{3068}\x{3059}\x{308B}\x{3068}"
            text run at (941,0) width 96: "\x{8EAB}\x{304C}\x{6301}\x{3066}\x{306C}\x{3002}"
          LayoutRuby (inline) {RUBY} at (0,0) size 17x16
            LayoutRubyRun (anonymous) at (941,95) size 18x18
              LayoutRubyText {RT} at (-13,0) size 14x18
                LayoutText {#text} at (1,0) size 12x18
                  text run at (1,0) width 18: "\x{304B}\x{305F}"
              LayoutRubyBase (anonymous) at (0,0) size 18x18
                LayoutInline {RB} at (0,0) size 17x16
                  LayoutText {#text} at (0,1) size 17x16
                    text run at (0,1) width 16: "\x{7247}"
          LayoutText {#text} at (941,112) size 46x496
            text run at (941,112) width 384: "\x{3065}\x{3051}\x{3088}\x{3046}\x{3068}\x{3059}\x{308C}\x{3070}\x{4E16}\x{304C}\x{7ACB}\x{305F}\x{306C}\x{3002}\x{91D1}\x{306F}\x{5927}\x{4E8B}\x{3060}\x{3001}\x{5927}\x{4E8B}\x{306A}\x{3082}"
            text run at (970,0) width 32: "\x{306E}\x{304C}"
          LayoutRuby (inline) {RUBY} at (0,0) size 17x16
            LayoutRubyRun (anonymous) at (970,32) size 18x16
              LayoutRubyText {RT} at (-13,0) size 14x16
                LayoutText {#text} at (1,3) size 12x10
                  text run at (1,3) width 9: "\x{3075}"
              LayoutRubyBase (anonymous) at (0,0) size 18x16
                LayoutInline {RB} at (0,0) size 17x16
                  LayoutText {#text} at (0,0) size 17x16
                    text run at (0,0) width 16: "\x{6B96}"
          LayoutText {#text} at (970,48) size 17x48
            text run at (970,48) width 48: "\x{3048}\x{308C}\x{3070}"
          LayoutRuby (inline) {RUBY} at (0,0) size 17x16
            LayoutRubyRun (anonymous) at (970,96) size 18x16
              LayoutRubyText {RT} at (-13,0) size 14x16
                LayoutText {#text} at (1,3) size 12x10
                  text run at (1,3) width 9: "\x{306D}"
              LayoutRubyBase (anonymous) at (0,0) size 18x16
                LayoutInline {RB} at (0,0) size 17x16
                  LayoutText {#text} at (0,0) size 17x16
                    text run at (0,0) width 16: "\x{5BDD}"
          LayoutText {#text} at (970,112) size 17x16
            text run at (970,112) width 16: "\x{308B}"
          LayoutRuby (inline) {RUBY} at (0,0) size 17x16
            LayoutRubyRun (anonymous) at (970,128) size 18x16
              LayoutRubyText {RT} at (-13,0) size 14x16
                LayoutText {#text} at (1,3) size 12x10
                  text run at (1,3) width 9: "\x{307E}"
              LayoutRubyBase (anonymous) at (0,0) size 18x16
                LayoutInline {RB} at (0,0) size 17x16
                  LayoutText {#text} at (0,0) size 17x16
                    text run at (0,0) width 16: "\x{9593}"
          LayoutText {#text} at (970,144) size 46x496
            text run at (970,144) width 352: "\x{3082}\x{5FC3}\x{914D}\x{3060}\x{308D}\x{3046}\x{3002}\x{604B}\x{306F}\x{3046}\x{308C}\x{3057}\x{3044}\x{3001}\x{5B09}\x{3057}\x{3044}\x{604B}\x{304C}\x{7A4D}\x{3082}\x{308C}"
            text run at (999,0) width 464: "\x{3070}\x{3001}\x{604B}\x{3092}\x{305B}\x{306C}\x{6614}\x{304C}\x{304B}\x{3048}\x{3063}\x{3066}\x{604B}\x{3057}\x{304B}\x{308D}\x{3002}\x{95A3}\x{50DA}\x{306E}\x{80A9}\x{306F}\x{6570}\x{767E}\x{4E07}\x{4EBA}\x{306E}\x{8DB3}\x{3092}"
          LayoutRuby (inline) {RUBY} at (0,0) size 17x16
            LayoutRubyRun (anonymous) at (999,463) size 18x18
              LayoutRubyText {RT} at (-13,0) size 14x18
                LayoutText {#text} at (1,0) size 12x18
                  text run at (1,0) width 18: "\x{3055}\x{3055}"
              LayoutRubyBase (anonymous) at (0,0) size 18x18
                LayoutInline {RB} at (0,0) size 17x16
                  LayoutText {#text} at (0,1) size 17x16
                    text run at (0,1) width 16: "\x{652F}"
          LayoutText {#text} at (999,480) size 46x496
            text run at (999,480) width 16: "\x{3048}"
            text run at (1028,0) width 64: "\x{3066}\x{3044}\x{308B}\x{3002}"
          LayoutRuby (inline) {RUBY} at (0,0) size 17x32
            LayoutRubyRun (anonymous) at (1028,64) size 18x32
              LayoutRubyText {RT} at (-13,0) size 14x32
                LayoutText {#text} at (1,0) size 12x31
                  text run at (1,0) width 30: "\x{305B}\x{306A}\x{304B}"
              LayoutRubyBase (anonymous) at (0,0) size 18x32
                LayoutInline {RB} at (0,0) size 17x32
                  LayoutText {#text} at (0,0) size 17x32
                    text run at (0,0) width 32: "\x{80CC}\x{4E2D}"
          LayoutText {#text} at (1028,96) size 46x496
            text run at (1028,96) width 400: "\x{306B}\x{306F}\x{91CD}\x{3044}\x{5929}\x{4E0B}\x{304C}\x{304A}\x{3076}\x{3055}\x{3063}\x{3066}\x{3044}\x{308B}\x{3002}\x{3046}\x{307E}\x{3044}\x{7269}\x{3082}\x{98DF}\x{308F}\x{306D}\x{3070}\x{60DC}"
            text run at (1057,0) width 128: "\x{3057}\x{3044}\x{3002}\x{5C11}\x{3057}\x{98DF}\x{3048}\x{3070}"
          LayoutRuby (inline) {RUBY} at (0,0) size 17x16
            LayoutRubyRun (anonymous) at (1057,128) size 18x16
              LayoutRubyText {RT} at (-13,0) size 14x16
                LayoutText {#text} at (1,3) size 12x10
                  text run at (1,3) width 9: "\x{3042}"
              LayoutRubyBase (anonymous) at (0,0) size 18x16
                LayoutInline {RB} at (0,0) size 17x16
                  LayoutText {#text} at (0,0) size 17x16
                    text run at (0,0) width 16: "\x{98FD}"
          LayoutText {#text} at (1057,144) size 17x16
            text run at (1057,144) width 16: "\x{304D}"
          LayoutRuby (inline) {RUBY} at (0,0) size 17x16
            LayoutRubyRun (anonymous) at (1057,160) size 18x16
              LayoutRubyText {RT} at (-13,0) size 14x16
                LayoutText {#text} at (1,3) size 12x10
                  text run at (1,3) width 9: "\x{305F}"
              LayoutRubyBase (anonymous) at (0,0) size 18x16
                LayoutInline {RB} at (0,0) size 17x16
                  LayoutText {#text} at (0,0) size 17x16
                    text run at (0,0) width 16: "\x{8DB3}"
          LayoutText {#text} at (1057,176) size 17x288
            text run at (1057,176) width 288: "\x{3089}\x{306C}\x{3002}\x{5B58}\x{5206}\x{98DF}\x{3048}\x{3070}\x{3042}\x{3068}\x{304C}\x{4E0D}\x{6109}\x{5FEB}\x{3060}\x{3002}\x{2026}\x{2026}"
          LayoutBR {BR} at (1057,464) size 17x0
          LayoutText {#text} at (1086,0) size 17x17
            text run at (1086,0) width 17: "\x{3000}"
          LayoutRuby (inline) {RUBY} at (0,0) size 17x16
            LayoutRubyRun (anonymous) at (1086,17) size 18x16
              LayoutRubyText {RT} at (-13,0) size 14x16
                LayoutText {#text} at (1,3) size 12x10
                  text run at (1,3) width 9: "\x{3088}"
              LayoutRubyBase (anonymous) at (0,0) size 18x16
                LayoutInline {RB} at (0,0) size 17x16
                  LayoutText {#text} at (0,0) size 17x16
                    text run at (0,0) width 16: "\x{4F59}"
          LayoutText {#text} at (1086,33) size 17x16
            text run at (1086,33) width 16: "\x{306E}"
          LayoutRuby (inline) {RUBY} at (0,0) size 17x28
            LayoutRubyRun (anonymous) at (1086,45) size 18x36
              LayoutRubyText {RT} at (-13,0) size 14x36
                LayoutText {#text} at (1,0) size 12x36
                  text run at (1,0) width 36: "\x{304B}\x{3093}\x{304C}\x{3048}"
              LayoutRubyBase (anonymous) at (0,0) size 18x36
                LayoutInline {RB} at (0,0) size 17x16
                  LayoutText {#text} at (0,10) size 17x16
                    text run at (0,10) width 16: "\x{8003}"
          LayoutText {#text} at (1086,77) size 17x256
            text run at (1086,77) width 256: "\x{304C}\x{3053}\x{3053}\x{307E}\x{3067}\x{6F02}\x{6D41}\x{3057}\x{3066}\x{6765}\x{305F}\x{6642}\x{306B}\x{3001}\x{4F59}\x{306E}"
          LayoutRuby (inline) {RUBY} at (0,0) size 17x32
            LayoutRubyRun (anonymous) at (1086,333) size 18x32
              LayoutRubyText {RT} at (-13,0) size 14x32
                LayoutText {#text} at (1,0) size 12x31
                  text run at (1,0) width 30: "\x{3046}\x{305D}\x{304F}"
              LayoutRubyBase (anonymous) at (0,0) size 18x32
                LayoutInline {RB} at (0,0) size 17x32
                  LayoutText {#text} at (0,0) size 17x32
                    text run at (0,0) width 32: "\x{53F3}\x{8DB3}"
          LayoutText {#text} at (1086,365) size 17x48
            text run at (1086,365) width 48: "\x{306F}\x{7A81}\x{7136}"
          LayoutRuby (inline) {RUBY} at (0,0) size 17x16
            LayoutRubyRun (anonymous) at (1086,412) size 18x18
              LayoutRubyText {RT} at (-13,0) size 14x18
                LayoutText {#text} at (1,0) size 12x18
                  text run at (1,0) width 18: "\x{3059}\x{308F}"
              LayoutRubyBase (anonymous) at (0,0) size 18x18
                LayoutInline {RB} at (0,0) size 17x16
                  LayoutText {#text} at (0,1) size 17x16
                    text run at (0,1) width 16: "\x{5750}"
          LayoutText {#text} at (1086,429) size 46x493
            text run at (1086,429) width 64: "\x{308A}\x{306E}\x{308F}\x{308B}"
            text run at (1115,0) width 16: "\x{3044}"
          LayoutRuby (inline) {RUBY} at (0,0) size 17x34
            LayoutRubyRun (anonymous) at (1115,15) size 18x36
              LayoutRubyText {RT} at (-13,0) size 14x36
                LayoutText {#text} at (1,0) size 12x36
                  text run at (1,0) width 36: "\x{304B}\x{304F}\x{3044}\x{3057}"
              LayoutRubyBase (anonymous) at (0,0) size 18x36
                LayoutInline {RB} at (0,0) size 17x34
                  LayoutText {#text} at (0,1) size 17x34
                    text run at (0,1) width 34: "\x{89D2}\x{77F3}"
          LayoutText {#text} at (1115,50) size 17x16
            text run at (1115,50) width 16: "\x{306E}"
          LayoutRuby (inline) {RUBY} at (0,0) size 17x16
            LayoutRubyRun (anonymous) at (1115,65) size 18x18
              LayoutRubyText {RT} at (-13,0) size 14x18
                LayoutText {#text} at (1,0) size 12x18
                  text run at (1,0) width 18: "\x{306F}\x{3057}"
              LayoutRubyBase (anonymous) at (0,0) size 18x18
                LayoutInline {RB} at (0,0) size 17x16
                  LayoutText {#text} at (0,1) size 17x16
                    text run at (0,1) width 16: "\x{7AEF}"
          LayoutText {#text} at (1115,82) size 17x48
            text run at (1115,82) width 48: "\x{3092}\x{8E0F}\x{307F}"
          LayoutRuby (inline) {RUBY} at (0,0) size 17x16
            LayoutRubyRun (anonymous) at (1115,130) size 18x16
              LayoutRubyText {RT} at (-13,0) size 14x16
                LayoutText {#text} at (1,3) size 12x10
                  text run at (1,3) width 9: "\x{305D}"
              LayoutRubyBase (anonymous) at (0,0) size 18x16
                LayoutInline {RB} at (0,0) size 17x16
                  LayoutText {#text} at (0,0) size 17x16
                    text run at (0,0) width 16: "\x{640D}"
          LayoutText {#text} at (1115,146) size 17x80
            text run at (1115,146) width 80: "\x{304F}\x{306A}\x{3063}\x{305F}\x{3002}"
          LayoutRuby (inline) {RUBY} at (0,0) size 17x34
            LayoutRubyRun (anonymous) at (1115,225) size 18x36
              LayoutRubyText {RT} at (-13,0) size 14x36
                LayoutText {#text} at (1,0) size 12x36
                  text run at (1,0) width 36: "\x{3078}\x{3044}\x{3053}\x{3046}"
              LayoutRubyBase (anonymous) at (0,0) size 18x36
                LayoutInline {RB} at (0,0) size 17x34
                  LayoutText {#text} at (0,1) size 17x34
                    text run at (0,1) width 34: "\x{5E73}\x{8861}"
          LayoutText {#text} at (1115,260) size 46x500
            text run at (1115,260) width 240: "\x{3092}\x{4FDD}\x{3064}\x{305F}\x{3081}\x{306B}\x{3001}\x{3059}\x{308F}\x{3084}\x{3068}\x{524D}\x{306B}\x{98DB}\x{3073}"
            text run at (1144,0) width 48: "\x{51FA}\x{3057}\x{305F}"
          LayoutRuby (inline) {RUBY} at (0,0) size 17x32
            LayoutRubyRun (anonymous) at (1144,48) size 18x32
              LayoutRubyText {RT} at (-13,0) size 14x32
                LayoutText {#text} at (1,0) size 12x31
                  text run at (1,0) width 30: "\x{3055}\x{305D}\x{304F}"
              LayoutRubyBase (anonymous) at (0,0) size 18x32
                LayoutInline {RB} at (0,0) size 17x32
                  LayoutText {#text} at (0,0) size 17x32
                    text run at (0,0) width 32: "\x{5DE6}\x{8DB3}"
          LayoutText {#text} at (1144,80) size 17x32
            text run at (1144,80) width 32: "\x{304C}\x{3001}"
          LayoutRuby (inline) {RUBY} at (0,0) size 17x32
            LayoutRubyRun (anonymous) at (1144,112) size 18x32
              LayoutRubyText {RT} at (-13,0) size 14x32
                LayoutText {#text} at (1,0) size 12x31
                  text run at (1,0) width 30: "\x{3057}\x{305D}\x{3093}"
              LayoutRubyBase (anonymous) at (0,0) size 18x32
                LayoutInline {RB} at (0,0) size 17x32
                  LayoutText {#text} at (0,0) size 17x32
                    text run at (0,0) width 32: "\x{4ED5}\x{640D}"
          LayoutText {#text} at (1144,144) size 17x32
            text run at (1144,144) width 32: "\x{3058}\x{306E}"
          LayoutRuby (inline) {RUBY} at (0,0) size 17x16
            LayoutRubyRun (anonymous) at (1144,176) size 18x16
              LayoutRubyText {RT} at (-13,0) size 14x16
                LayoutText {#text} at (1,3) size 12x10
                  text run at (1,3) width 9: "\x{3046}"
              LayoutRubyBase (anonymous) at (0,0) size 18x16
                LayoutInline {RB} at (0,0) size 17x16
                  LayoutText {#text} at (0,0) size 17x16
                    text run at (0,0) width 16: "\x{57CB}"
          LayoutText {#text} at (1144,192) size 17x16
            text run at (1144,192) width 16: "\x{3081}"
          LayoutRuby (inline) {RUBY} at (0,0) size 17x16
            LayoutRubyRun (anonymous) at (1144,207) size 18x18
              LayoutRubyText {RT} at (-13,0) size 14x18
                LayoutText {#text} at (1,0) size 12x18
                  text run at (1,0) width 18: "\x{3042}\x{308F}"
              LayoutRubyBase (anonymous) at (0,0) size 18x18
                LayoutInline {RB} at (0,0) size 17x16
                  LayoutText {#text} at (0,1) size 17x16
                    text run at (0,1) width 16: "\x{5408}"
          LayoutText {#text} at (1144,224) size 17x256
            text run at (1144,224) width 256: "\x{305B}\x{3092}\x{3059}\x{308B}\x{3068}\x{5171}\x{306B}\x{3001}\x{4F59}\x{306E}\x{8170}\x{306F}\x{5177}\x{5408}\x{3088}\x{304F}"
          LayoutRuby (inline) {RUBY} at (0,0) size 17x17
            LayoutRubyRun (anonymous) at (1144,479) size 18x18
              LayoutRubyText {RT} at (-13,0) size 14x18
                LayoutText {#text} at (1,0) size 12x18
                  text run at (1,0) width 18: "\x{307B}\x{3046}"
              LayoutRubyBase (anonymous) at (0,0) size 18x18
                LayoutInline {RB} at (0,0) size 17x16
                  LayoutText {#text} at (0,1) size 17x16
                    text run at (0,1) width 16: "\x{65B9}"
          LayoutText {#text} at (1173,0) size 17x144
            text run at (1173,0) width 144: "\x{4E09}\x{5C3A}\x{307B}\x{3069}\x{306A}\x{5CA9}\x{306E}\x{4E0A}\x{306B}"
          LayoutRuby (inline) {RUBY} at (0,0) size 17x16
            LayoutRubyRun (anonymous) at (1173,144) size 18x16
              LayoutRubyText {RT} at (-13,0) size 14x16
                LayoutText {#text} at (1,3) size 12x10
                  text run at (1,3) width 9: "\x{304A}"
              LayoutRubyBase (anonymous) at (0,0) size 18x16
                LayoutInline {RB} at (0,0) size 17x16
                  LayoutText {#text} at (0,0) size 17x16
                    text run at (0,0) width 16: "\x{5378}"
          LayoutText {#text} at (1173,160) size 17x208
            text run at (1173,160) width 208: "\x{308A}\x{305F}\x{3002}\x{80A9}\x{306B}\x{304B}\x{3051}\x{305F}\x{7D75}\x{306E}\x{5177}\x{7BB1}\x{304C}"
          LayoutRuby (inline) {RUBY} at (0,0) size 17x16
            LayoutRubyRun (anonymous) at (1173,367) size 18x18
              LayoutRubyText {RT} at (-13,0) size 14x18
                LayoutText {#text} at (1,0) size 12x18
                  text run at (1,0) width 18: "\x{308F}\x{304D}"
              LayoutRubyBase (anonymous) at (0,0) size 18x18
                LayoutInline {RB} at (0,0) size 17x16
                  LayoutText {#text} at (0,1) size 17x16
                    text run at (0,1) width 16: "\x{814B}"
          LayoutText {#text} at (1173,384) size 17x64
            text run at (1173,384) width 64: "\x{306E}\x{4E0B}\x{304B}\x{3089}"
          LayoutRuby (inline) {RUBY} at (0,0) size 17x16
            LayoutRubyRun (anonymous) at (1173,447) size 18x18
              LayoutRubyText {RT} at (-13,0) size 14x18
                LayoutText {#text} at (1,0) size 12x18
                  text run at (1,0) width 18: "\x{304A}\x{3069}"
              LayoutRubyBase (anonymous) at (0,0) size 18x18
                LayoutInline {RB} at (0,0) size 17x16
                  LayoutText {#text} at (0,1) size 17x16
                    text run at (0,1) width 16: "\x{8E8D}"
          LayoutText {#text} at (1173,464) size 46x496
            text run at (1173,464) width 32: "\x{308A}\x{51FA}"
            text run at (1202,0) width 144: "\x{3057}\x{305F}\x{3060}\x{3051}\x{3067}\x{3001}\x{5E78}\x{3044}\x{3068}"
          LayoutRuby (inline) {RUBY} at (0,0) size 17x16
            LayoutRubyRun (anonymous) at (1202,143) size 18x18
              LayoutRubyText {RT} at (-13,0) size 14x18
                LayoutText {#text} at (1,0) size 12x18
                  text run at (1,0) width 18: "\x{306A}\x{3093}"
              LayoutRubyBase (anonymous) at (0,0) size 18x18
                LayoutInline {RB} at (0,0) size 17x16
                  LayoutText {#text} at (0,1) size 17x16
                    text run at (0,1) width 16: "\x{4F55}"
          LayoutText {#text} at (1202,160) size 17x128
            text run at (1202,160) width 128: "\x{306E}\x{4E8B}\x{3082}\x{306A}\x{304B}\x{3063}\x{305F}\x{3002}"
          LayoutBR {BR} at (1202,288) size 17x0
          LayoutText {#text} at (1231,0) size 17x241
            text run at (1231,0) width 241: "\x{3000}\x{7ACB}\x{3061}\x{4E0A}\x{304C}\x{308B}\x{6642}\x{306B}\x{5411}\x{3046}\x{3092}\x{898B}\x{308B}\x{3068}\x{3001}"
          LayoutRuby (inline) {RUBY} at (0,0) size 17x16
            LayoutRubyRun (anonymous) at (1231,240) size 18x18
              LayoutRubyText {RT} at (-13,0) size 14x18
                LayoutText {#text} at (1,0) size 12x18
                  text run at (1,0) width 18: "\x{307F}\x{3061}"
              LayoutRubyBase (anonymous) at (0,0) size 18x18
                LayoutInline {RB} at (0,0) size 17x16
                  LayoutText {#text} at (0,1) size 17x16
                    text run at (0,1) width 16: "\x{8DEF}"
          LayoutText {#text} at (1231,257) size 46x497
            text run at (1231,257) width 240: "\x{304B}\x{3089}\x{5DE6}\x{306E}\x{65B9}\x{306B}\x{30D0}\x{30B1}\x{30C4}\x{3092}\x{4F0F}\x{305B}\x{305F}\x{3088}\x{3046}"
            text run at (1260,0) width 48: "\x{306A}\x{5CF0}\x{304C}"
          LayoutRuby (inline) {RUBY} at (0,0) size 17x16
            LayoutRubyRun (anonymous) at (1260,47) size 18x18
              LayoutRubyText {RT} at (-13,0) size 14x18
                LayoutText {#text} at (1,0) size 12x18
                  text run at (1,0) width 18: "\x{305D}\x{3073}"
              LayoutRubyBase (anonymous) at (0,0) size 18x18
                LayoutInline {RB} at (0,0) size 17x16
                  LayoutText {#text} at (0,1) size 17x16
                    text run at (0,1) width 16: "\x{8073}"
          LayoutText {#text} at (1260,64) size 17x112
            text run at (1260,64) width 112: "\x{3048}\x{3066}\x{3044}\x{308B}\x{3002}\x{6749}\x{304B}"
          LayoutRuby (inline) {RUBY} at (0,0) size 17x19
            LayoutRubyRun (anonymous) at (1260,172) size 18x27
              LayoutRubyText {RT} at (-13,0) size 14x27
                LayoutText {#text} at (1,0) size 12x27
                  text run at (1,0) width 27: "\x{3072}\x{306E}\x{304D}"
              LayoutRubyBase (anonymous) at (0,0) size 18x27
                LayoutInline {RB} at (0,0) size 17x17
                  LayoutText {#text} at (0,5) size 17x17
                    text run at (0,5) width 16: "\x{6A9C}"
          LayoutText {#text} at (1260,195) size 17x112
            text run at (1260,195) width 112: "\x{304B}\x{5206}\x{304B}\x{3089}\x{306A}\x{3044}\x{304C}"
          LayoutRuby (inline) {RUBY} at (0,0) size 17x32
            LayoutRubyRun (anonymous) at (1260,307) size 18x32
              LayoutRubyText {RT} at (-13,0) size 14x32
                LayoutText {#text} at (1,0) size 12x31
                  text run at (1,0) width 30: "\x{306D}\x{3082}\x{3068}"
              LayoutRubyBase (anonymous) at (0,0) size 18x32
                LayoutInline {RB} at (0,0) size 17x32
                  LayoutText {#text} at (0,0) size 17x32
                    text run at (0,0) width 32: "\x{6839}\x{5143}"
          LayoutText {#text} at (1260,339) size 17x32
            text run at (1260,339) width 32: "\x{304B}\x{3089}"
          LayoutRuby (inline) {RUBY} at (0,0) size 17x19
            LayoutRubyRun (anonymous) at (1260,367) size 18x27
              LayoutRubyText {RT} at (-13,0) size 14x27
                LayoutText {#text} at (1,0) size 12x27
                  text run at (1,0) width 27: "\x{3044}\x{305F}\x{3060}"
              LayoutRubyBase (anonymous) at (0,0) size 18x27
                LayoutInline {RB} at (0,0) size 17x17
                  LayoutText {#text} at (0,5) size 17x17
                    text run at (0,5) width 16: "\x{9802}"
          LayoutText {#text} at (1260,390) size 46x502
            text run at (1260,390) width 112: "\x{304D}\x{307E}\x{3067}\x{3053}\x{3068}\x{3054}\x{3068}"
            text run at (1289,0) width 16: "\x{304F}"
          LayoutRuby (inline) {RUBY} at (0,0) size 17x34
            LayoutRubyRun (anonymous) at (1289,15) size 18x36
              LayoutRubyText {RT} at (-13,0) size 14x36
                LayoutText {#text} at (1,0) size 12x36
                  text run at (1,0) width 36: "\x{3042}\x{304A}\x{3050}\x{308D}"
              LayoutRubyBase (anonymous) at (0,0) size 18x36
                LayoutInline {RB} at (0,0) size 17x34
                  LayoutText {#text} at (0,1) size 17x34
                    text run at (0,1) width 34: "\x{84BC}\x{9ED2}"
          LayoutText {#text} at (1289,50) size 17x240
            text run at (1289,50) width 240: "\x{3044}\x{4E2D}\x{306B}\x{3001}\x{5C71}\x{685C}\x{304C}\x{8584}\x{8D64}\x{304F}\x{3060}\x{3093}\x{3060}\x{3089}\x{306B}"
          LayoutRuby (inline) {RUBY} at (0,0) size 17x32
            LayoutRubyRun (anonymous) at (1289,290) size 18x32
              LayoutRubyText {RT} at (-13,0) size 14x32
                LayoutText {#text} at (1,0) size 12x31
                  text run at (1,0) width 30: "\x{305F}\x{306A}\x{3073}"
              LayoutRubyBase (anonymous) at (0,0) size 18x32
                LayoutInline {RB} at (0,0) size 17x32
                  LayoutText {#text} at (0,0) size 17x32
                    text run at (0,0) width 32: "\x{68DA}\x{5F15}"
          LayoutText {#text} at (1289,322) size 17x48
            text run at (1289,322) width 48: "\x{3044}\x{3066}\x{3001}"
          LayoutRuby (inline) {RUBY} at (0,0) size 17x16
            LayoutRubyRun (anonymous) at (1289,370) size 18x16
              LayoutRubyText {RT} at (-13,0) size 14x16
                LayoutText {#text} at (1,3) size 12x10
                  text run at (1,3) width 9: "\x{3064}"
              LayoutRubyBase (anonymous) at (0,0) size 18x16
                LayoutInline {RB} at (0,0) size 17x16
                  LayoutText {#text} at (0,0) size 17x16
                    text run at (0,0) width 16: "\x{7D9A}"
          LayoutText {#text} at (1289,386) size 17x16
            text run at (1289,386) width 16: "\x{304E}"
          LayoutRuby (inline) {RUBY} at (0,0) size 17x16
            LayoutRubyRun (anonymous) at (1289,402) size 18x16
              LayoutRubyText {RT} at (-13,0) size 14x16
                LayoutText {#text} at (1,3) size 12x10
                  text run at (1,3) width 9: "\x{3081}"
              LayoutRubyBase (anonymous) at (0,0) size 18x16
                LayoutInline {RB} at (0,0) size 17x16
                  LayoutText {#text} at (0,0) size 17x16
                    text run at (0,0) width 16: "\x{76EE}"
          LayoutText {#text} at (1289,418) size 17x16
            text run at (1289,418) width 16: "\x{304C}"
          LayoutRuby (inline) {RUBY} at (0,0) size 17x16
            LayoutRubyRun (anonymous) at (1289,433) size 18x18
              LayoutRubyText {RT} at (-13,0) size 14x18
                LayoutText {#text} at (1,0) size 12x18
                  text run at (1,0) width 18: "\x{3057}\x{304B}"
              LayoutRubyBase (anonymous) at (0,0) size 18x18
                LayoutInline {RB} at (0,0) size 17x16
                  LayoutText {#text} at (0,1) size 17x16
                    text run at (0,1) width 16: "\x{78BA}"
          LayoutText {#text} at (1289,450) size 46x498
            text run at (1289,450) width 48: "\x{3068}\x{898B}\x{3048}"
            text run at (1318,0) width 64: "\x{306C}\x{304F}\x{3089}\x{3044}"
          LayoutRuby (inline) {RUBY} at (0,0) size 17x16
            LayoutRubyRun (anonymous) at (1318,63) size 18x18
              LayoutRubyText {RT} at (-13,0) size 14x18
                LayoutText {#text} at (1,0) size 12x18
                  text run at (1,0) width 18: "\x{3082}\x{3084}"
              LayoutRubyBase (anonymous) at (0,0) size 18x18
                LayoutInline {RB} at (0,0) size 17x16
                  LayoutText {#text} at (0,1) size 17x16
                    text run at (0,1) width 16: "\x{9744}"
          LayoutText {#text} at (1318,80) size 17x144
            text run at (1318,80) width 144: "\x{304C}\x{6FC3}\x{3044}\x{3002}\x{5C11}\x{3057}\x{624B}\x{524D}\x{306B}"
          LayoutRuby (inline) {RUBY} at (0,0) size 17x34
            LayoutRubyRun (anonymous) at (1318,223) size 18x36
              LayoutRubyText {RT} at (-13,0) size 14x36
                LayoutText {#text} at (1,0) size 12x36
                  text run at (1,0) width 36: "\x{306F}\x{3052}\x{3084}\x{307E}"
              LayoutRubyBase (anonymous) at (0,0) size 18x36
                LayoutInline {RB} at (0,0) size 17x34
                  LayoutText {#text} at (0,1) size 17x34
                    text run at (0,1) width 34: "\x{79BF}\x{5C71}"
          LayoutText {#text} at (1318,258) size 17x64
            text run at (1318,258) width 64: "\x{304C}\x{4E00}\x{3064}\x{3001}"
          LayoutRuby (inline) {RUBY} at (0,0) size 17x16
            LayoutRubyRun (anonymous) at (1318,321) size 18x18
              LayoutRubyText {RT} at (-13,0) size 14x18
                LayoutText {#text} at (1,0) size 12x18
                  text run at (1,0) width 18: "\x{3050}\x{3093}"
              LayoutRubyBase (anonymous) at (0,0) size 18x18
                LayoutInline {RB} at (0,0) size 17x16
                  LayoutText {#text} at (0,1) size 17x16
                    text run at (0,1) width 16: "\x{7FA4}"
          LayoutText {#text} at (1318,338) size 17x96
            text run at (1318,338) width 96: "\x{3092}\x{306C}\x{304D}\x{3093}\x{3067}\x{3066}"
          LayoutRuby (inline) {RUBY} at (0,0) size 17x16
            LayoutRubyRun (anonymous) at (1318,433) size 18x18
              LayoutRubyText {RT} at (-13,0) size 14x18
                LayoutText {#text} at (1,0) size 12x18
                  text run at (1,0) width 18: "\x{307E}\x{3086}"
              LayoutRubyBase (anonymous) at (0,0) size 18x18
                LayoutInline {RB} at (0,0) size 17x16
                  LayoutText {#text} at (0,1) size 17x16
                    text run at (0,1) width 16: "\x{7709}"
          LayoutText {#text} at (1318,450) size 17x16
            text run at (1318,450) width 16: "\x{306B}"
          LayoutRuby (inline) {RUBY} at (0,0) size 17x17
            LayoutRubyRun (anonymous) at (1318,465) size 18x18
              LayoutRubyText {RT} at (-13,0) size 14x18
                LayoutText {#text} at (1,0) size 12x18
                  text run at (1,0) width 18: "\x{305B}\x{307E}"
              LayoutRubyBase (anonymous) at (0,0) size 18x18
                LayoutInline {RB} at (0,0) size 17x16
                  LayoutText {#text} at (0,1) size 17x16
                    text run at (0,1) width 16: "\x{903C}"
          LayoutText {#text} at (1347,0) size 17x32
            text run at (1347,0) width 32: "\x{308B}\x{3002}"
          LayoutRuby (inline) {RUBY} at (0,0) size 17x16
            LayoutRubyRun (anonymous) at (1347,32) size 18x16
              LayoutRubyText {RT} at (-13,0) size 14x16
                LayoutText {#text} at (1,3) size 12x10
                  text run at (1,3) width 9: "\x{306F}"
              LayoutRubyBase (anonymous) at (0,0) size 18x16
                LayoutInline {RB} at (0,0) size 17x16
                  LayoutText {#text} at (0,0) size 17x16
                    text run at (0,0) width 16: "\x{79BF}"
          LayoutText {#text} at (1347,48) size 17x128
            text run at (1347,48) width 128: "\x{3052}\x{305F}\x{5074}\x{9762}\x{306F}\x{5DE8}\x{4EBA}\x{306E}"
          LayoutRuby (inline) {RUBY} at (0,0) size 17x16
            LayoutRubyRun (anonymous) at (1347,175) size 18x18
              LayoutRubyText {RT} at (-13,0) size 14x18
                LayoutText {#text} at (1,0) size 12x18
                  text run at (1,0) width 18: "\x{304A}\x{306E}"
              LayoutRubyBase (anonymous) at (0,0) size 18x18
                LayoutInline {RB} at (0,0) size 17x16
                  LayoutText {#text} at (0,1) size 17x16
                    text run at (0,1) width 16: "\x{65A7}"
          LayoutText {#text} at (1347,192) size 17x16
            text run at (1347,192) width 16: "\x{3067}"
          LayoutRuby (inline) {RUBY} at (0,0) size 17x16
            LayoutRubyRun (anonymous) at (1347,207) size 18x18
              LayoutRubyText {RT} at (-13,0) size 14x18
                LayoutText {#text} at (1,0) size 12x18
                  text run at (1,0) width 18: "\x{3051}\x{305A}"
              LayoutRubyBase (anonymous) at (0,0) size 18x18
                LayoutInline {RB} at (0,0) size 17x16
                  LayoutText {#text} at (0,1) size 17x16
                    text run at (0,1) width 16: "\x{524A}"
          LayoutText {#text} at (1347,224) size 46x496
            text run at (1347,224) width 272: "\x{308A}\x{53BB}\x{3063}\x{305F}\x{304B}\x{3001}\x{92ED}\x{3069}\x{304D}\x{5E73}\x{9762}\x{3092}\x{3084}\x{3051}\x{306B}\x{8C37}\x{306E}"
            text run at (1376,0) width 32: "\x{5E95}\x{306B}"
          LayoutRuby (inline) {RUBY} at (0,0) size 17x16
            LayoutRubyRun (anonymous) at (1376,31) size 18x18
              LayoutRubyText {RT} at (-13,0) size 14x18
                LayoutText {#text} at (1,0) size 12x18
                  text run at (1,0) width 18: "\x{3046}\x{305A}"
              LayoutRubyBase (anonymous) at (0,0) size 18x18
                LayoutInline {RB} at (0,0) size 17x16
                  LayoutText {#text} at (0,1) size 17x16
                    text run at (0,1) width 16: "\x{57CB}"
          LayoutText {#text} at (1376,48) size 17x80
            text run at (1376,48) width 80: "\x{3081}\x{3066}\x{3044}\x{308B}\x{3002}"
          LayoutRuby (inline) {RUBY} at (0,0) size 17x34
            LayoutRubyRun (anonymous) at (1376,127) size 18x36
              LayoutRubyText {RT} at (-13,0) size 14x36
                LayoutText {#text} at (1,0) size 12x36
                  text run at (1,0) width 36: "\x{3066}\x{3063}\x{307A}\x{3093}"
              LayoutRubyBase (anonymous) at (0,0) size 18x36
                LayoutInline {RB} at (0,0) size 17x34
                  LayoutText {#text} at (0,1) size 17x34
                    text run at (0,1) width 34: "\x{5929}\x{8FBA}"
          LayoutText {#text} at (1376,162) size 17x336
            text run at (1376,162) width 336: "\x{306B}\x{4E00}\x{672C}\x{898B}\x{3048}\x{308B}\x{306E}\x{306F}\x{8D64}\x{677E}\x{3060}\x{308D}\x{3046}\x{3002}\x{679D}\x{306E}\x{9593}\x{306E}\x{7A7A}\x{3055}\x{3048}"
          LayoutRuby (inline) {RUBY} at (0,0) size 17x35
            LayoutRubyRun (anonymous) at (1405,0) size 18x36
              LayoutRubyText {RT} at (-13,0) size 14x36
                LayoutText {#text} at (1,0) size 12x36
                  text run at (1,0) width 36: "\x{306F}\x{3063}\x{304D}\x{308A}"
              LayoutRubyBase (anonymous) at (0,0) size 18x36
                LayoutInline {RB} at (0,0) size 17x34
                  LayoutText {#text} at (0,1) size 17x34
                    text run at (0,1) width 34: "\x{5224}\x{7136}"
          LayoutText {#text} at (1405,35) size 17x448
            text run at (1405,35) width 448: "\x{3057}\x{3066}\x{3044}\x{308B}\x{3002}\x{884C}\x{304F}\x{624B}\x{306F}\x{4E8C}\x{4E01}\x{307B}\x{3069}\x{3067}\x{5207}\x{308C}\x{3066}\x{3044}\x{308B}\x{304C}\x{3001}\x{9AD8}\x{3044}\x{6240}\x{304B}\x{3089}\x{8D64}\x{3044}"
          LayoutRuby (inline) {RUBY} at (0,0) size 17x32
            LayoutRubyRun (anonymous) at (1434,0) size 18x32
              LayoutRubyText {RT} at (-13,0) size 14x32
                LayoutText {#text} at (1,0) size 12x31
                  text run at (1,0) width 30: "\x{3051}\x{3063}\x{3068}"
              LayoutRubyBase (anonymous) at (0,0) size 18x32
                LayoutInline {RB} at (0,0) size 17x32
                  LayoutText {#text} at (0,0) size 17x32
                    text run at (0,0) width 32: "\x{6BDB}\x{5E03}"
          LayoutText {#text} at (1434,32) size 46x496
            text run at (1434,32) width 464: "\x{304C}\x{52D5}\x{3044}\x{3066}\x{6765}\x{308B}\x{306E}\x{3092}\x{898B}\x{308B}\x{3068}\x{3001}\x{767B}\x{308C}\x{3070}\x{3042}\x{3059}\x{3053}\x{3078}\x{51FA}\x{308B}\x{306E}\x{3060}\x{308D}\x{3046}\x{3002}\x{8DEF}\x{306F}\x{3059}"
            text run at (1463,0) width 48: "\x{3053}\x{3076}\x{308B}"
          LayoutRuby (inline) {RUBY} at (0,0) size 17x32
            LayoutRubyRun (anonymous) at (1463,48) size 18x32
              LayoutRubyText {RT} at (-13,0) size 14x32
                LayoutText {#text} at (1,0) size 12x31
                  text run at (1,0) width 30: "\x{306A}\x{3093}\x{304E}"
              LayoutRubyBase (anonymous) at (0,0) size 18x32
                LayoutInline {RB} at (0,0) size 17x32
                  LayoutText {#text} at (0,0) size 17x32
                    text run at (0,0) width 32: "\x{96E3}\x{7FA9}"
          LayoutText {#text} at (1463,80) size 17x32
            text run at (1463,80) width 32: "\x{3060}\x{3002}"
          LayoutBR {BR} at (1463,112) size 17x0
          LayoutText {#text} at (1492,0) size 17x209
            text run at (1492,0) width 209: "\x{3000}\x{571F}\x{3092}\x{306A}\x{3089}\x{3059}\x{3060}\x{3051}\x{306A}\x{3089}\x{3055}\x{307B}\x{3069}"
          LayoutRuby (inline) {RUBY} at (0,0) size 17x32
            LayoutRubyRun (anonymous) at (1492,209) size 18x32
              LayoutRubyText {RT} at (-13,0) size 14x32
                LayoutText {#text} at (1,3) size 12x26
                  text run at (1,3) width 25: "\x{3066}\x{307E}"
              LayoutRubyBase (anonymous) at (0,0) size 18x32
                LayoutInline {RB} at (0,0) size 17x32
                  LayoutText {#text} at (0,0) size 17x32
                    text run at (0,0) width 32: "\x{624B}\x{9593}"
          LayoutText {#text} at (1492,241) size 17x16
            text run at (1492,241) width 16: "\x{3082}"
          LayoutRuby (inline) {RUBY} at (0,0) size 17x16
            LayoutRubyRun (anonymous) at (1492,257) size 18x16
              LayoutRubyText {RT} at (-13,0) size 14x16
                LayoutText {#text} at (1,3) size 12x10
                  text run at (1,3) width 9: "\x{3044}"
              LayoutRubyBase (anonymous) at (0,0) size 18x16
                LayoutInline {RB} at (0,0) size 17x16
                  LayoutText {#text} at (0,0) size 17x16
                    text run at (0,0) width 16: "\x{5165}"
          LayoutText {#text} at (1492,273) size 46x497
            text run at (1492,273) width 224: "\x{308B}\x{307E}\x{3044}\x{304C}\x{3001}\x{571F}\x{306E}\x{4E2D}\x{306B}\x{306F}\x{5927}\x{304D}\x{306A}\x{77F3}"
            text run at (1521,0) width 96: "\x{304C}\x{3042}\x{308B}\x{3002}\x{571F}\x{306F}"
          LayoutRuby (inline) {RUBY} at (0,0) size 17x16
            LayoutRubyRun (anonymous) at (1521,95) size 18x18
              LayoutRubyText {RT} at (-13,0) size 14x18
                LayoutText {#text} at (1,0) size 12x18
                  text run at (1,0) width 18: "\x{305F}\x{3044}"
              LayoutRubyBase (anonymous) at (0,0) size 18x18
                LayoutInline {RB} at (0,0) size 17x16
                  LayoutText {#text} at (0,1) size 17x16
                    text run at (0,1) width 16: "\x{5E73}"
          LayoutText {#text} at (1521,112) size 46x496
            text run at (1521,112) width 384: "\x{3089}\x{306B}\x{3057}\x{3066}\x{3082}\x{77F3}\x{306F}\x{5E73}\x{3089}\x{306B}\x{306A}\x{3089}\x{306C}\x{3002}\x{77F3}\x{306F}\x{5207}\x{308A}\x{7815}\x{3044}\x{3066}\x{3082}\x{3001}\x{5CA9}"
            text run at (1550,0) width 128: "\x{306F}\x{59CB}\x{672B}\x{304C}\x{3064}\x{304B}\x{306C}\x{3002}"
          LayoutRuby (inline) {RUBY} at (0,0) size 17x34
            LayoutRubyRun (anonymous) at (1550,127) size 18x36
              LayoutRubyText {RT} at (-13,0) size 14x36
                LayoutText {#text} at (1,0) size 12x36
                  text run at (1,0) width 36: "\x{307B}\x{308A}\x{304F}\x{305A}"
              LayoutRubyBase (anonymous) at (0,0) size 18x36
                LayoutInline {RB} at (0,0) size 17x34
                  LayoutText {#text} at (0,1) size 17x34
                    text run at (0,1) width 34: "\x{6398}\x{5D29}"
          LayoutText {#text} at (1550,162) size 17x96
            text run at (1550,162) width 96: "\x{3057}\x{305F}\x{571F}\x{306E}\x{4E0A}\x{306B}"
          LayoutRuby (inline) {RUBY} at (0,0) size 17x34
            LayoutRubyRun (anonymous) at (1550,257) size 18x36
              LayoutRubyText {RT} at (-13,0) size 14x36
                LayoutText {#text} at (1,0) size 12x36
                  text run at (1,0) width 36: "\x{3086}\x{3046}\x{305C}\x{3093}"
              LayoutRubyBase (anonymous) at (0,0) size 18x36
                LayoutInline {RB} at (0,0) size 17x34
                  LayoutText {#text} at (0,1) size 17x34
                    text run at (0,1) width 34: "\x{60A0}\x{7136}"
          LayoutText {#text} at (1550,292) size 17x16
            text run at (1550,292) width 16: "\x{3068}"
          LayoutRuby (inline) {RUBY} at (0,0) size 17x19
            LayoutRubyRun (anonymous) at (1550,304) size 18x27
              LayoutRubyText {RT} at (-13,0) size 14x27
                LayoutText {#text} at (1,0) size 12x27
                  text run at (1,0) width 27: "\x{305D}\x{3070}\x{3060}"
              LayoutRubyBase (anonymous) at (0,0) size 18x27
                LayoutInline {RB} at (0,0) size 17x17
                  LayoutText {#text} at (0,5) size 17x17
                    text run at (0,5) width 16: "\x{5CD9}"
          LayoutText {#text} at (1550,327) size 46x503
            text run at (1550,327) width 176: "\x{3063}\x{3066}\x{3001}\x{543E}\x{3089}\x{306E}\x{305F}\x{3081}\x{306B}\x{9053}\x{3092}"
            text run at (1579,0) width 32: "\x{8B72}\x{308B}"
          LayoutRuby (inline) {RUBY} at (0,0) size 17x32
            LayoutRubyRun (anonymous) at (1579,32) size 18x32
              LayoutRubyText {RT} at (-13,0) size 14x32
                LayoutText {#text} at (1,0) size 12x31
                  text run at (1,0) width 30: "\x{3051}\x{3057}\x{304D}"
              LayoutRubyBase (anonymous) at (0,0) size 18x32
                LayoutInline {RB} at (0,0) size 17x32
                  LayoutText {#text} at (0,0) size 17x32
                    text run at (0,0) width 32: "\x{666F}\x{8272}"
          LayoutText {#text} at (1579,64) size 46x480
            text run at (1579,64) width 416: "\x{306F}\x{306A}\x{3044}\x{3002}\x{5411}\x{3046}\x{3067}\x{805E}\x{304B}\x{306C}\x{4E0A}\x{306F}\x{4E57}\x{308A}\x{8D8A}\x{3059}\x{304B}\x{3001}\x{5EFB}\x{3089}\x{306A}\x{3051}\x{308C}\x{3070}\x{306A}\x{3089}"
            text run at (1608,0) width 32: "\x{3093}\x{3002}"
          LayoutRuby (inline) {RUBY} at (0,0) size 17x16
            LayoutRubyRun (anonymous) at (1608,31) size 18x18
              LayoutRubyText {RT} at (-13,0) size 14x18
                LayoutText {#text} at (1,0) size 12x18
                  text run at (1,0) width 18: "\x{3044}\x{308F}"
              LayoutRubyBase (anonymous) at (0,0) size 18x18
                LayoutInline {RB} at (0,0) size 17x16
                  LayoutText {#text} at (0,1) size 17x16
                    text run at (0,1) width 16: "\x{5DCC}"
          LayoutText {#text} at (1608,48) size 17x112
            text run at (1608,48) width 112: "\x{306E}\x{306A}\x{3044}\x{6240}\x{3067}\x{3055}\x{3048}"
          LayoutRuby (inline) {RUBY} at (0,0) size 17x16
            LayoutRubyRun (anonymous) at (1608,160) size 18x16
              LayoutRubyText {RT} at (-13,0) size 14x16
                LayoutText {#text} at (1,3) size 12x10
                  text run at (1,3) width 9: "\x{3042}"
              LayoutRubyBase (anonymous) at (0,0) size 18x16
                LayoutInline {RB} at (0,0) size 17x16
                  LayoutText {#text} at (0,0) size 17x16
                    text run at (0,0) width 16: "\x{6B69}"
          LayoutText {#text} at (1608,176) size 17x304
            text run at (1608,176) width 304: "\x{308B}\x{304D}\x{3088}\x{304F}\x{306F}\x{306A}\x{3044}\x{3002}\x{5DE6}\x{53F3}\x{304C}\x{9AD8}\x{304F}\x{3063}\x{3066}\x{3001}\x{4E2D}\x{5FC3}\x{304C}"
          LayoutRuby (inline) {RUBY} at (0,0) size 17x17
            LayoutRubyRun (anonymous) at (1608,479) size 18x18
              LayoutRubyText {RT} at (-13,0) size 14x18
                LayoutText {#text} at (1,0) size 12x18
                  text run at (1,0) width 18: "\x{304F}\x{307C}"
              LayoutRubyBase (anonymous) at (0,0) size 18x18
                LayoutInline {RB} at (0,0) size 17x16
                  LayoutText {#text} at (0,1) size 17x16
                    text run at (0,1) width 16: "\x{7AAA}"
          LayoutText {#text} at (1637,0) size 17x128
            text run at (1637,0) width 128: "\x{3093}\x{3067}\x{3001}\x{307E}\x{308B}\x{3067}\x{4E00}\x{9593}"
          LayoutRuby (inline) {RUBY} at (0,0) size 17x16
            LayoutRubyRun (anonymous) at (1637,127) size 18x18
              LayoutRubyText {RT} at (-13,0) size 14x18
                LayoutText {#text} at (1,0) size 12x18
                  text run at (1,0) width 18: "\x{306F}\x{3070}"
              LayoutRubyBase (anonymous) at (0,0) size 18x18
                LayoutInline {RB} at (0,0) size 17x16
                  LayoutText {#text} at (0,1) size 17x16
                    text run at (0,1) width 16: "\x{5E45}"
          LayoutText {#text} at (1637,144) size 17x64
            text run at (1637,144) width 64: "\x{3092}\x{4E09}\x{89D2}\x{306B}"
          LayoutRuby (inline) {RUBY} at (0,0) size 17x16
            LayoutRubyRun (anonymous) at (1637,208) size 18x16
              LayoutRubyText {RT} at (-13,0) size 14x16
                LayoutText {#text} at (1,3) size 12x10
                  text run at (1,3) width 9: "\x{304F}"
              LayoutRubyBase (anonymous) at (0,0) size 18x16
                LayoutInline {RB} at (0,0) size 17x16
                  LayoutText {#text} at (0,0) size 17x16
                    text run at (0,0) width 16: "\x{7A7F}"
          LayoutText {#text} at (1637,224) size 17x128
            text run at (1637,224) width 128: "\x{3063}\x{3066}\x{3001}\x{305D}\x{306E}\x{9802}\x{70B9}\x{304C}"
          LayoutRuby (inline) {RUBY} at (0,0) size 17x34
            LayoutRubyRun (anonymous) at (1637,351) size 18x36
              LayoutRubyText {RT} at (-13,0) size 14x36
                LayoutText {#text} at (1,0) size 12x36
                  text run at (1,0) width 36: "\x{307E}\x{3093}\x{306A}\x{304B}"
              LayoutRubyBase (anonymous) at (0,0) size 18x36
                LayoutInline {RB} at (0,0) size 17x34
                  LayoutText {#text} at (0,1) size 17x34
                    text run at (0,1) width 34: "\x{771F}\x{4E2D}"
          LayoutText {#text} at (1637,386) size 17x16
            text run at (1637,386) width 16: "\x{3092}"
          LayoutRuby (inline) {RUBY} at (0,0) size 17x19
            LayoutRubyRun (anonymous) at (1637,398) size 18x27
              LayoutRubyText {RT} at (-13,0) size 14x27
                LayoutText {#text} at (1,0) size 12x27
                  text run at (1,0) width 27: "\x{3064}\x{3089}\x{306C}"
              LayoutRubyBase (anonymous) at (0,0) size 18x27
                LayoutInline {RB} at (0,0) size 17x17
                  LayoutText {#text} at (0,5) size 17x17
                    text run at (0,5) width 16: "\x{8CAB}"
          LayoutText {#text} at (1637,421) size 46x501
            text run at (1637,421) width 80: "\x{3044}\x{3066}\x{3044}\x{308B}\x{3068}"
            text run at (1666,0) width 320: "\x{8A55}\x{3057}\x{3066}\x{3082}\x{3088}\x{3044}\x{3002}\x{8DEF}\x{3092}\x{884C}\x{304F}\x{3068}\x{4E91}\x{308F}\x{3093}\x{3088}\x{308A}\x{5DDD}\x{5E95}\x{3092}"
          LayoutRuby (inline) {RUBY} at (0,0) size 17x16
            LayoutRubyRun (anonymous) at (1666,319) size 18x18
              LayoutRubyText {RT} at (-13,0) size 14x18
                LayoutText {#text} at (1,0) size 12x18
                  text run at (1,0) width 18: "\x{308F}\x{305F}"
              LayoutRubyBase (anonymous) at (0,0) size 18x18
                LayoutInline {RB} at (0,0) size 17x16
                  LayoutText {#text} at (0,1) size 17x16
                    text run at (0,1) width 16: "\x{6E09}"
          LayoutText {#text} at (1666,336) size 17x160
            text run at (1666,336) width 160: "\x{308B}\x{3068}\x{4E91}\x{3046}\x{65B9}\x{304C}\x{9069}\x{5F53}\x{3060}\x{3002}"
          LayoutRuby (inline) {RUBY} at (0,0) size 17x17
            LayoutRubyRun (anonymous) at (1695,0) size 18x18
              LayoutRubyText {RT} at (-13,0) size 14x18
                LayoutText {#text} at (1,0) size 12x18
                  text run at (1,0) width 18: "\x{3082}\x{3068}"
              LayoutRubyBase (anonymous) at (0,0) size 18x18
                LayoutInline {RB} at (0,0) size 17x16
                  LayoutText {#text} at (0,1) size 17x16
                    text run at (0,1) width 16: "\x{56FA}"
          LayoutText {#text} at (1695,17) size 17x256
            text run at (1695,17) width 256: "\x{3088}\x{308A}\x{6025}\x{3050}\x{65C5}\x{3067}\x{306A}\x{3044}\x{304B}\x{3089}\x{3001}\x{3076}\x{3089}\x{3076}\x{3089}\x{3068}"
          LayoutRuby (inline) {RUBY} at (0,0) size 17x34
            LayoutRubyRun (anonymous) at (1695,272) size 18x36
              LayoutRubyText {RT} at (-13,0) size 14x36
                LayoutText {#text} at (1,0) size 12x36
                  text run at (1,0) width 36: "\x{306A}\x{306A}\x{307E}\x{304C}"
              LayoutRubyBase (anonymous) at (0,0) size 18x36
                LayoutInline {RB} at (0,0) size 17x34
                  LayoutText {#text} at (0,1) size 17x34
                    text run at (0,1) width 34: "\x{4E03}\x{66F2}"
          LayoutText {#text} at (1695,307) size 17x96
            text run at (1695,307) width 96: "\x{308A}\x{3078}\x{304B}\x{304B}\x{308B}\x{3002}"
          LayoutBR {BR} at (1695,403) size 17x0
          LayoutText {#text} at (1724,0) size 17x145
            text run at (1724,0) width 145: "\x{3000}\x{305F}\x{3061}\x{307E}\x{3061}\x{8DB3}\x{306E}\x{4E0B}\x{3067}"
          LayoutRuby (inline) {RUBY} at (0,0) size 17x32
            LayoutRubyRun (anonymous) at (1724,145) size 18x32
              LayoutRubyText {RT} at (-13,0) size 14x32
                LayoutText {#text} at (1,0) size 12x31
                  text run at (1,0) width 30: "\x{3072}\x{3070}\x{308A}"
              LayoutRubyBase (anonymous) at (0,0) size 18x32
                LayoutInline {RB} at (0,0) size 17x32
                  LayoutText {#text} at (0,0) size 17x32
                    text run at (0,0) width 32: "\x{96F2}\x{96C0}"
          LayoutText {#text} at (1724,177) size 17x160
            text run at (1724,177) width 160: "\x{306E}\x{58F0}\x{304C}\x{3057}\x{51FA}\x{3057}\x{305F}\x{3002}\x{8C37}\x{3092}"
          LayoutRuby (inline) {RUBY} at (0,0) size 17x32
            LayoutRubyRun (anonymous) at (1724,337) size 18x32
              LayoutRubyText {RT} at (-13,0) size 14x32
                LayoutText {#text} at (1,0) size 12x31
                  text run at (1,0) width 30: "\x{307F}\x{304A}\x{308D}"
              LayoutRubyBase (anonymous) at (0,0) size 18x32
                LayoutInline {RB} at (0,0) size 17x32
                  LayoutText {#text} at (0,0) size 17x32
                    text run at (0,0) width 32: "\x{898B}\x{4E0B}"
          LayoutText {#text} at (1724,369) size 46x497
            text run at (1724,369) width 128: "\x{3057}\x{305F}\x{304C}\x{3001}\x{3069}\x{3053}\x{3067}\x{9CF4}"
            text run at (1753,0) width 480: "\x{3044}\x{3066}\x{308B}\x{304B}\x{5F71}\x{3082}\x{5F62}\x{3082}\x{898B}\x{3048}\x{306C}\x{3002}\x{305F}\x{3060}\x{58F0}\x{3060}\x{3051}\x{304C}\x{660E}\x{3089}\x{304B}\x{306B}\x{805E}\x{3048}\x{308B}\x{3002}\x{305B}\x{3063}\x{305B}\x{3068}"
          LayoutRuby (inline) {RUBY} at (0,0) size 17x17
            LayoutRubyRun (anonymous) at (1753,479) size 18x18
              LayoutRubyText {RT} at (-13,0) size 14x18
                LayoutText {#text} at (1,0) size 12x18
                  text run at (1,0) width 18: "\x{305B}\x{308F}"
              LayoutRubyBase (anonymous) at (0,0) size 18x18
                LayoutInline {RB} at (0,0) size 17x16
                  LayoutText {#text} at (0,1) size 17x16
                    text run at (0,1) width 16: "\x{5FD9}"
          LayoutText {#text} at (1782,0) size 17x48
            text run at (1782,0) width 48: "\x{3057}\x{304F}\x{3001}"
          LayoutRuby (inline) {RUBY} at (0,0) size 17x32
            LayoutRubyRun (anonymous) at (1782,48) size 18x32
              LayoutRubyText {RT} at (-13,0) size 14x32
                LayoutText {#text} at (1,0) size 12x31
                  text run at (1,0) width 30: "\x{305F}\x{3048}\x{307E}"
              LayoutRubyBase (anonymous) at (0,0) size 18x32
                LayoutInline {RB} at (0,0) size 17x32
                  LayoutText {#text} at (0,0) size 17x32
                    text run at (0,0) width 32: "\x{7D76}\x{9593}"
          LayoutText {#text} at (1782,80) size 17x128
            text run at (1782,80) width 128: "\x{306A}\x{304F}\x{9CF4}\x{3044}\x{3066}\x{3044}\x{308B}\x{3002}"
          LayoutRuby (inline) {RUBY} at (0,0) size 17x48
            LayoutRubyRun (anonymous) at (1782,208) size 18x48
              LayoutRubyText {RT} at (-13,0) size 14x48
                LayoutText {#text} at (1,0) size 12x48
                  text run at (1,0) width 47: "\x{307B}\x{3046}\x{3044}\x{304F}\x{308A}"
              LayoutRubyBase (anonymous) at (0,0) size 18x48
                LayoutInline {RB} at (0,0) size 17x48
                  LayoutText {#text} at (0,0) size 17x48
                    text run at (0,0) width 48: "\x{65B9}\x{5E7E}\x{91CC}"
          LayoutText {#text} at (1782,256) size 17x112
            text run at (1782,256) width 112: "\x{306E}\x{7A7A}\x{6C17}\x{304C}\x{4E00}\x{9762}\x{306B}"
          LayoutRuby (inline) {RUBY} at (0,0) size 17x16
            LayoutRubyRun (anonymous) at (1782,367) size 18x18
              LayoutRubyText {RT} at (-13,0) size 14x18
                LayoutText {#text} at (1,0) size 12x18
                  text run at (1,0) width 18: "\x{306E}\x{307F}"
              LayoutRubyBase (anonymous) at (0,0) size 18x18
                LayoutInline {RB} at (0,0) size 17x16
                  LayoutText {#text} at (0,1) size 17x16
                    text run at (0,1) width 16: "\x{86A4}"
          LayoutText {#text} at (1782,384) size 46x496
            text run at (1782,384) width 112: "\x{306B}\x{523A}\x{3055}\x{308C}\x{3066}\x{3044}\x{305F}"
            text run at (1811,0) width 304: "\x{305F}\x{307E}\x{308C}\x{306A}\x{3044}\x{3088}\x{3046}\x{306A}\x{6C17}\x{304C}\x{3059}\x{308B}\x{3002}\x{3042}\x{306E}\x{9CE5}\x{306E}\x{9CF4}\x{304F}"
          LayoutRuby (inline) {RUBY} at (0,0) size 17x16
            LayoutRubyRun (anonymous) at (1811,304) size 18x16
              LayoutRubyText {RT} at (-13,0) size 14x16
                LayoutText {#text} at (1,3) size 12x10
                  text run at (1,3) width 9: "\x{306D}"
              LayoutRubyBase (anonymous) at (0,0) size 18x16
                LayoutInline {RB} at (0,0) size 17x16
                  LayoutText {#text} at (0,0) size 17x16
                    text run at (0,0) width 16: "\x{97F3}"
          LayoutText {#text} at (1811,320) size 94x496
            text run at (1811,320) width 176: "\x{306B}\x{306F}\x{77AC}\x{6642}\x{306E}\x{4F59}\x{88D5}\x{3082}\x{306A}\x{3044}\x{3002}"
            text run at (1835,0) width 496: "\x{306E}\x{3069}\x{304B}\x{306A}\x{6625}\x{306E}\x{65E5}\x{3092}\x{9CF4}\x{304D}\x{5C3D}\x{304F}\x{3057}\x{3001}\x{9CF4}\x{304D}\x{3042}\x{304B}\x{3057}\x{3001}\x{307E}\x{305F}\x{9CF4}\x{304D}\x{66AE}\x{3089}\x{3055}\x{306A}\x{3051}\x{308C}\x{3070}"
            text run at (1859,0) width 496: "\x{6C17}\x{304C}\x{6E08}\x{307E}\x{3093}\x{3068}\x{898B}\x{3048}\x{308B}\x{3002}\x{305D}\x{306E}\x{4E0A}\x{3069}\x{3053}\x{307E}\x{3067}\x{3082}\x{767B}\x{3063}\x{3066}\x{884C}\x{304F}\x{3001}\x{3044}\x{3064}\x{307E}\x{3067}\x{3082}\x{767B}\x{3063}"
            text run at (1888,0) width 432: "\x{3066}\x{884C}\x{304F}\x{3002}\x{96F2}\x{96C0}\x{306F}\x{304D}\x{3063}\x{3068}\x{96F2}\x{306E}\x{4E2D}\x{3067}\x{6B7B}\x{306C}\x{306B}\x{76F8}\x{9055}\x{306A}\x{3044}\x{3002}\x{767B}\x{308A}\x{8A70}\x{3081}\x{305F}"
          LayoutRuby (inline) {RUBY} at (0,0) size 17x32
            LayoutRubyRun (anonymous) at (1888,432) size 18x32
              LayoutRubyText {RT} at (-13,0) size 14x32
                LayoutText {#text} at (1,0) size 12x31
                  text run at (1,0) width 30: "\x{3042}\x{3052}\x{304F}"
              LayoutRubyBase (anonymous) at (0,0) size 18x32
                LayoutInline {RB} at (0,0) size 17x32
                  LayoutText {#text} at (0,0) size 17x32
                    text run at (0,0) width 32: "\x{63DA}\x{53E5}"
          LayoutText {#text} at (1888,464) size 46x496
            text run at (1888,464) width 32: "\x{306F}\x{3001}"
            text run at (1917,0) width 80: "\x{6D41}\x{308C}\x{3066}\x{96F2}\x{306B}"
          LayoutRuby (inline) {RUBY} at (0,0) size 17x16
            LayoutRubyRun (anonymous) at (1917,80) size 18x16
              LayoutRubyText {RT} at (-13,0) size 14x16
                LayoutText {#text} at (1,3) size 12x10
                  text run at (1,3) width 9: "\x{3044}"
              LayoutRubyBase (anonymous) at (0,0) size 18x16
                LayoutInline {RB} at (0,0) size 17x16
                  LayoutText {#text} at (0,0) size 17x16
                    text run at (0,0) width 16: "\x{5165}"
          LayoutText {#text} at (1917,96) size 17x48
            text run at (1917,96) width 48: "\x{3063}\x{3066}\x{3001}"
          LayoutRuby (inline) {RUBY} at (0,0) size 17x19
            LayoutRubyRun (anonymous) at (1917,140) size 18x27
              LayoutRubyText {RT} at (-13,0) size 14x27
                LayoutText {#text} at (1,0) size 12x27
                  text run at (1,0) width 27: "\x{305F}\x{3060}\x{3088}"
              LayoutRubyBase (anonymous) at (0,0) size 18x27
                LayoutInline {RB} at (0,0) size 17x17
                  LayoutText {#text} at (0,5) size 17x17
                    text run at (0,5) width 16: "\x{6F02}"
          LayoutText {#text} at (1917,163) size 46x499
            text run at (1917,163) width 336: "\x{3046}\x{3066}\x{3044}\x{308B}\x{3046}\x{3061}\x{306B}\x{5F62}\x{306F}\x{6D88}\x{3048}\x{3066}\x{306A}\x{304F}\x{306A}\x{3063}\x{3066}\x{3001}\x{305F}\x{3060}\x{58F0}"
            text run at (1946,0) width 80: "\x{3060}\x{3051}\x{304C}\x{7A7A}\x{306E}"
          LayoutRuby (inline) {RUBY} at (0,0) size 17x16
            LayoutRubyRun (anonymous) at (1946,79) size 18x18
              LayoutRubyText {RT} at (-13,0) size 14x18
                LayoutText {#text} at (1,0) size 12x18
                  text run at (1,0) width 18: "\x{3046}\x{3061}"
              LayoutRubyBase (anonymous) at (0,0) size 18x18
                LayoutInline {RB} at (0,0) size 17x16
                  LayoutText {#text} at (0,1) size 17x16
                    text run at (0,1) width 16: "\x{88E1}"
          LayoutText {#text} at (1946,96) size 17x176
            text run at (1946,96) width 176: "\x{306B}\x{6B8B}\x{308B}\x{306E}\x{304B}\x{3082}\x{77E5}\x{308C}\x{306A}\x{3044}\x{3002}"
          LayoutBR {BR} at (1946,272) size 17x0
          LayoutText {#text} at (1975,0) size 17x17
            text run at (1975,0) width 17: "\x{3000}"
          LayoutRuby (inline) {RUBY} at (0,0) size 17x34
            LayoutRubyRun (anonymous) at (1975,16) size 18x36
              LayoutRubyText {RT} at (-13,0) size 14x36
                LayoutText {#text} at (1,0) size 12x36
                  text run at (1,0) width 36: "\x{3044}\x{308F}\x{304B}\x{3069}"
              LayoutRubyBase (anonymous) at (0,0) size 18x36
                LayoutInline {RB} at (0,0) size 17x34
                  LayoutText {#text} at (0,1) size 17x34
                    text run at (0,1) width 34: "\x{5DCC}\x{89D2}"
          LayoutText {#text} at (1975,51) size 17x128
            text run at (1975,51) width 128: "\x{3092}\x{92ED}\x{3069}\x{304F}\x{5EFB}\x{3063}\x{3066}\x{3001}"
          LayoutRuby (inline) {RUBY} at (0,0) size 17x32
            LayoutRubyRun (anonymous) at (1975,179) size 18x32
              LayoutRubyText {RT} at (-13,0) size 14x32
                LayoutText {#text} at (1,0) size 12x31
                  text run at (1,0) width 30: "\x{3042}\x{3093}\x{307E}"
              LayoutRubyBase (anonymous) at (0,0) size 18x32
                LayoutInline {RB} at (0,0) size 17x32
                  LayoutText {#text} at (0,0) size 17x32
                    text run at (0,0) width 32: "\x{6309}\x{6469}"
          LayoutText {#text} at (1975,211) size 17x32
            text run at (1975,211) width 32: "\x{306A}\x{3089}"
          LayoutRuby (inline) {RUBY} at (0,0) size 17x52
            LayoutRubyRun (anonymous) at (1975,242) size 18x54
              LayoutRubyText {RT} at (-13,0) size 14x54
                LayoutText {#text} at (1,0) size 12x54
                  text run at (1,0) width 54: "\x{307E}\x{3063}\x{3055}\x{304B}\x{3055}\x{307E}"
              LayoutRubyBase (anonymous) at (0,0) size 18x54
                LayoutInline {RB} at (0,0) size 17x52
                  LayoutText {#text} at (0,1) size 17x52
                    text run at (0,1) width 52: "\x{771F}\x{9006}\x{69D8}"
          LayoutText {#text} at (1975,295) size 17x144
            text run at (1975,295) width 144: "\x{306B}\x{843D}\x{3064}\x{308B}\x{3068}\x{3053}\x{308D}\x{3092}\x{3001}"
          LayoutRuby (inline) {RUBY} at (0,0) size 17x16
            LayoutRubyRun (anonymous) at (1975,438) size 18x18
              LayoutRubyText {RT} at (-13,0) size 14x18
                LayoutText {#text} at (1,0) size 12x18
                  text run at (1,0) width 18: "\x{304D}\x{308F}"
              LayoutRubyBase (anonymous) at (0,0) size 18x18
                LayoutInline {RB} at (0,0) size 17x16
                  LayoutText {#text} at (0,1) size 17x16
                    text run at (0,1) width 16: "\x{969B}"
          LayoutText {#text} at (1975,455) size 46x503
            text run at (1975,455) width 48: "\x{3069}\x{304F}\x{53F3}"
            text run at (2004,0) width 112: "\x{3078}\x{5207}\x{308C}\x{3066}\x{3001}\x{6A2A}\x{306B}"
          LayoutRuby (inline) {RUBY} at (0,0) size 17x32
            LayoutRubyRun (anonymous) at (2004,112) size 18x32
              LayoutRubyText {RT} at (-13,0) size 14x32
                LayoutText {#text} at (1,0) size 12x31
                  text run at (1,0) width 30: "\x{307F}\x{304A}\x{308D}"
              LayoutRubyBase (anonymous) at (0,0) size 18x32
                LayoutInline {RB} at (0,0) size 17x32
                  LayoutText {#text} at (0,0) size 17x32
                    text run at (0,0) width 32: "\x{898B}\x{4E0B}"
          LayoutText {#text} at (2004,144) size 17x48
            text run at (2004,144) width 48: "\x{3059}\x{3068}\x{3001}"
          LayoutRuby (inline) {RUBY} at (0,0) size 17x16
            LayoutRubyRun (anonymous) at (2004,192) size 18x16
              LayoutRubyText {RT} at (-13,0) size 14x16
                LayoutText {#text} at (1,3) size 12x10
                  text run at (1,3) width 9: "\x{306A}"
              LayoutRubyBase (anonymous) at (0,0) size 18x16
                LayoutInline {RB} at (0,0) size 17x16
                  LayoutText {#text} at (0,0) size 17x16
                    text run at (0,0) width 16: "\x{83DC}"
          LayoutText {#text} at (2004,208) size 46x496
            text run at (2004,208) width 288: "\x{306E}\x{82B1}\x{304C}\x{4E00}\x{9762}\x{306B}\x{898B}\x{3048}\x{308B}\x{3002}\x{96F2}\x{96C0}\x{306F}\x{3042}\x{3059}\x{3053}\x{3078}\x{843D}"
            text run at (2033,0) width 240: "\x{3061}\x{308B}\x{306E}\x{304B}\x{3068}\x{601D}\x{3063}\x{305F}\x{3002}\x{3044}\x{3044}\x{3084}\x{3001}\x{3042}\x{306E}"
          LayoutRuby (inline) {RUBY} at (0,0) size 17x32
            LayoutRubyRun (anonymous) at (2033,240) size 18x32
              LayoutRubyText {RT} at (-13,0) size 14x32
                LayoutText {#text} at (1,0) size 12x31
                  text run at (1,0) width 30: "\x{3053}\x{304C}\x{306D}"
              LayoutRubyBase (anonymous) at (0,0) size 18x32
                LayoutInline {RB} at (0,0) size 17x32
                  LayoutText {#text} at (0,0) size 17x32
                    text run at (0,0) width 32: "\x{9EC4}\x{91D1}"
          LayoutText {#text} at (2033,272) size 46x496
            text run at (2033,272) width 224: "\x{306E}\x{539F}\x{304B}\x{3089}\x{98DB}\x{3073}\x{4E0A}\x{304C}\x{3063}\x{3066}\x{304F}\x{308B}\x{306E}\x{304B}"
            text run at (2062,0) width 240: "\x{3068}\x{601D}\x{3063}\x{305F}\x{3002}\x{6B21}\x{306B}\x{306F}\x{843D}\x{3061}\x{308B}\x{96F2}\x{96C0}\x{3068}\x{3001}"
          LayoutRuby (inline) {RUBY} at (0,0) size 17x16
            LayoutRubyRun (anonymous) at (2062,239) size 18x18
              LayoutRubyText {RT} at (-13,0) size 14x18
                LayoutText {#text} at (1,0) size 12x18
                  text run at (1,0) width 18: "\x{3042}\x{304C}"
              LayoutRubyBase (anonymous) at (0,0) size 18x18
                LayoutInline {RB} at (0,0) size 17x16
                  LayoutText {#text} at (0,1) size 17x16
                    text run at (0,1) width 16: "\x{4E0A}"
          LayoutText {#text} at (2062,256) size 17x16
            text run at (2062,256) width 16: "\x{308B}"
          LayoutRuby (inline) {RUBY} at (0,0) size 17x32
            LayoutRubyRun (anonymous) at (2062,272) size 18x32
              LayoutRubyText {RT} at (-13,0) size 14x32
                LayoutText {#text} at (1,0) size 12x31
                  text run at (1,0) width 30: "\x{3072}\x{3070}\x{308A}"
              LayoutRubyBase (anonymous) at (0,0) size 18x32
                LayoutInline {RB} at (0,0) size 17x32
                  LayoutText {#text} at (0,0) size 17x32
                    text run at (0,0) width 32: "\x{96F2}\x{96C0}"
          LayoutText {#text} at (2062,304) size 46x496
            text run at (2062,304) width 192: "\x{304C}\x{5341}\x{6587}\x{5B57}\x{306B}\x{3059}\x{308C}\x{9055}\x{3046}\x{306E}\x{304B}\x{3068}"
            text run at (2091,0) width 400: "\x{601D}\x{3063}\x{305F}\x{3002}\x{6700}\x{5F8C}\x{306B}\x{3001}\x{843D}\x{3061}\x{308B}\x{6642}\x{3082}\x{3001}\x{4E0A}\x{308B}\x{6642}\x{3082}\x{3001}\x{307E}\x{305F}\x{5341}\x{6587}\x{5B57}\x{306B}"
          LayoutRuby (inline) {RUBY} at (0,0) size 17x16
            LayoutRubyRun (anonymous) at (2091,400) size 18x16
              LayoutRubyText {RT} at (-13,0) size 14x16
                LayoutText {#text} at (1,3) size 12x10
                  text run at (1,3) width 9: "\x{3059}"
              LayoutRubyBase (anonymous) at (0,0) size 18x16
                LayoutInline {RB} at (0,0) size 17x16
                  LayoutText {#text} at (0,0) size 17x16
                    text run at (0,0) width 16: "\x{64E6}"
          LayoutText {#text} at (2091,416) size 41x496
            text run at (2091,416) width 80: "\x{308C}\x{9055}\x{3046}\x{3068}\x{304D}"
            text run at (2115,0) width 320: "\x{306B}\x{3082}\x{5143}\x{6C17}\x{3088}\x{304F}\x{9CF4}\x{304D}\x{3064}\x{3065}\x{3051}\x{308B}\x{3060}\x{308D}\x{3046}\x{3068}\x{601D}\x{3063}\x{305F}\x{3002}"
          LayoutBR {BR} at (2115,320) size 17x0
          LayoutText {#text} at (2144,0) size 17x193
            text run at (2144,0) width 193: "\x{3000}\x{6625}\x{306F}\x{7720}\x{304F}\x{306A}\x{308B}\x{3002}\x{732B}\x{306F}\x{9F20}\x{3092}"
          LayoutRuby (inline) {RUBY} at (0,0) size 17x16
            LayoutRubyRun (anonymous) at (2144,193) size 18x16
              LayoutRubyText {RT} at (-13,0) size 14x16
                LayoutText {#text} at (1,3) size 12x10
                  text run at (1,3) width 9: "\x{3068}"
              LayoutRubyBase (anonymous) at (0,0) size 18x16
                LayoutInline {RB} at (0,0) size 17x16
                  LayoutText {#text} at (0,0) size 17x16
                    text run at (0,0) width 16: "\x{6355}"
          LayoutText {#text} at (2144,209) size 46x497
            text run at (2144,209) width 288: "\x{308B}\x{4E8B}\x{3092}\x{5FD8}\x{308C}\x{3001}\x{4EBA}\x{9593}\x{306F}\x{501F}\x{91D1}\x{306E}\x{3042}\x{308B}\x{4E8B}\x{3092}\x{5FD8}\x{308C}"
            text run at (2173,0) width 128: "\x{308B}\x{3002}\x{6642}\x{306B}\x{306F}\x{81EA}\x{5206}\x{306E}"
          LayoutRuby (inline) {RUBY} at (0,0) size 17x28
            LayoutRubyRun (anonymous) at (2173,124) size 18x36
              LayoutRubyText {RT} at (-13,0) size 14x36
                LayoutText {#text} at (1,0) size 12x36
                  text run at (1,0) width 36: "\x{305F}\x{307E}\x{3057}\x{3044}"
              LayoutRubyBase (anonymous) at (0,0) size 18x36
                LayoutInline {RB} at (0,0) size 17x16
                  LayoutText {#text} at (0,10) size 17x16
                    text run at (0,10) width 16: "\x{9B42}"
          LayoutText {#text} at (2173,156) size 17x16
            text run at (2173,156) width 16: "\x{306E}"
          LayoutRuby (inline) {RUBY} at (0,0) size 17x34
            LayoutRubyRun (anonymous) at (2173,171) size 18x36
              LayoutRubyText {RT} at (-13,0) size 14x36
                LayoutText {#text} at (1,0) size 12x36
                  text run at (1,0) width 36: "\x{3044}\x{3069}\x{3053}\x{308D}"
              LayoutRubyBase (anonymous) at (0,0) size 18x36
                LayoutInline {RB} at (0,0) size 17x34
                  LayoutText {#text} at (0,1) size 17x34
                    text run at (0,1) width 34: "\x{5C45}\x{6240}"
          LayoutText {#text} at (2173,206) size 46x494
            text run at (2173,206) width 288: "\x{3055}\x{3048}\x{5FD8}\x{308C}\x{3066}\x{6B63}\x{4F53}\x{306A}\x{304F}\x{306A}\x{308B}\x{3002}\x{305F}\x{3060}\x{83DC}\x{306E}\x{82B1}\x{3092}"
            text run at (2202,0) width 160: "\x{9060}\x{304F}\x{671B}\x{3093}\x{3060}\x{3068}\x{304D}\x{306B}\x{773C}\x{304C}"
          LayoutRuby (inline) {RUBY} at (0,0) size 17x16
            LayoutRubyRun (anonymous) at (2202,160) size 18x16
              LayoutRubyText {RT} at (-13,0) size 14x16
                LayoutText {#text} at (1,3) size 12x10
                  text run at (1,3) width 9: "\x{3055}"
              LayoutRubyBase (anonymous) at (0,0) size 18x16
                LayoutInline {RB} at (0,0) size 17x16
                  LayoutText {#text} at (0,0) size 17x16
                    text run at (0,0) width 16: "\x{9192}"
          LayoutText {#text} at (2202,176) size 17x320
            text run at (2202,176) width 320: "\x{3081}\x{308B}\x{3002}\x{96F2}\x{96C0}\x{306E}\x{58F0}\x{3092}\x{805E}\x{3044}\x{305F}\x{3068}\x{304D}\x{306B}\x{9B42}\x{306E}\x{3042}\x{308A}\x{304B}\x{304C}"
          LayoutRuby (inline) {RUBY} at (0,0) size 17x35
            LayoutRubyRun (anonymous) at (2231,0) size 18x36
              LayoutRubyText {RT} at (-13,0) size 14x36
                LayoutText {#text} at (1,0) size 12x36
                  text run at (1,0) width 36: "\x{306F}\x{3093}\x{305C}\x{3093}"
              LayoutRubyBase (anonymous) at (0,0) size 18x36
                LayoutInline {RB} at (0,0) size 17x34
                  LayoutText {#text} at (0,1) size 17x34
                    text run at (0,1) width 34: "\x{5224}\x{7136}"
          LayoutText {#text} at (2231,35) size 65x499
            text run at (2231,35) width 464: "\x{3059}\x{308B}\x{3002}\x{96F2}\x{96C0}\x{306E}\x{9CF4}\x{304F}\x{306E}\x{306F}\x{53E3}\x{3067}\x{9CF4}\x{304F}\x{306E}\x{3067}\x{306F}\x{306A}\x{3044}\x{3001}\x{9B42}\x{5168}\x{4F53}\x{304C}\x{9CF4}\x{304F}\x{306E}\x{3060}\x{3002}"
            text run at (2255,0) width 496: "\x{9B42}\x{306E}\x{6D3B}\x{52D5}\x{304C}\x{58F0}\x{306B}\x{3042}\x{3089}\x{308F}\x{308C}\x{305F}\x{3082}\x{306E}\x{306E}\x{3046}\x{3061}\x{3067}\x{3001}\x{3042}\x{308C}\x{307B}\x{3069}\x{5143}\x{6C17}\x{306E}\x{3042}\x{308B}\x{3082}\x{306E}\x{306F}"
            text run at (2279,0) width 464: "\x{306A}\x{3044}\x{3002}\x{3042}\x{3042}\x{6109}\x{5FEB}\x{3060}\x{3002}\x{3053}\x{3046}\x{601D}\x{3063}\x{3066}\x{3001}\x{3053}\x{3046}\x{6109}\x{5FEB}\x{306B}\x{306A}\x{308B}\x{306E}\x{304C}\x{8A69}\x{3067}\x{3042}\x{308B}\x{3002}"
          LayoutBR {BR} at (2279,464) size 17x0
          LayoutText {#text} at (2303,0) size 46x497
            text run at (2303,0) width 497: "\x{3000}\x{305F}\x{3061}\x{307E}\x{3061}\x{30B7}\x{30A7}\x{30EC}\x{30FC}\x{306E}\x{96F2}\x{96C0}\x{306E}\x{8A69}\x{3092}\x{601D}\x{3044}\x{51FA}\x{3057}\x{3066}\x{3001}\x{53E3}\x{306E}\x{3046}\x{3061}\x{3067}\x{899A}\x{3048}\x{305F}\x{3068}\x{3053}"
            text run at (2332,0) width 48: "\x{308D}\x{3060}\x{3051}"
          LayoutRuby (inline) {RUBY} at (0,0) size 17x39
            LayoutRubyRun (anonymous) at (2332,45) size 18x45
              LayoutRubyText {RT} at (-13,0) size 14x45
                LayoutText {#text} at (1,0) size 12x45
                  text run at (1,0) width 45: "\x{3042}\x{3093}\x{3057}\x{3087}\x{3046}"
              LayoutRubyBase (anonymous) at (0,0) size 18x45
                LayoutInline {RB} at (0,0) size 17x39
                  LayoutText {#text} at (0,3) size 17x39
                    text run at (0,3) width 38: "\x{6697}\x{8AA6}"
          LayoutText {#text} at (2332,87) size 41x503
            text run at (2332,87) width 416: "\x{3057}\x{3066}\x{898B}\x{305F}\x{304C}\x{3001}\x{899A}\x{3048}\x{3066}\x{3044}\x{308B}\x{3068}\x{3053}\x{308D}\x{306F}\x{4E8C}\x{4E09}\x{53E5}\x{3057}\x{304B}\x{306A}\x{304B}\x{3063}\x{305F}\x{3002}\x{305D}"
            text run at (2356,0) width 256: "\x{306E}\x{4E8C}\x{4E09}\x{53E5}\x{306E}\x{306A}\x{304B}\x{306B}\x{3053}\x{3093}\x{306A}\x{306E}\x{304C}\x{3042}\x{308B}\x{3002}"
          LayoutBR {BR} at (2356,256) size 17x0
        LayoutBlockFlow {DIV} at (2377,32) size 90x472
          LayoutText {#text} at (0,0) size 17x193
            text run at (0,0) width 193: "\x{3000}\x{3000}We look before and after"
          LayoutBR {BR} at (0,192) size 17x1
          LayoutText {#text} at (18,0) size 17x229
            text run at (18,0) width 229: "\x{3000}\x{3000}\x{3000}\x{3000}And pine for what is not:"
          LayoutBR {BR} at (18,228) size 17x1
          LayoutText {#text} at (36,0) size 17x176
            text run at (36,0) width 176: "\x{3000}\x{3000}Our sincerest laughter"
          LayoutBR {BR} at (36,175) size 17x1
          LayoutText {#text} at (54,0) size 17x238
            text run at (54,0) width 238: "\x{3000}\x{3000}\x{3000}\x{3000}With some pain is fraught;"
          LayoutBR {BR} at (54,237) size 17x1
          LayoutText {#text} at (72,0) size 17x363
            text run at (72,0) width 363: "Our sweetest songs are those that tell of saddest thought."
          LayoutBR {BR} at (72,362) size 17x1
        LayoutBlockFlow (anonymous) at (2467,0) size 1799x504
          LayoutText {#text} at (12,0) size 17x112
            text run at (12,0) width 112: "\x{300C}\x{524D}\x{3092}\x{307F}\x{3066}\x{306F}\x{3001}"
          LayoutRuby (inline) {RUBY} at (0,0) size 17x16
            LayoutRubyRun (anonymous) at (12,111) size 18x18
              LayoutRubyText {RT} at (-13,0) size 14x18
                LayoutText {#text} at (1,0) size 12x18
                  text run at (1,0) width 18: "\x{3057}\x{308A}"
              LayoutRubyBase (anonymous) at (0,0) size 18x18
                LayoutInline {RB} at (0,0) size 17x16
                  LayoutText {#text} at (0,1) size 17x16
                    text run at (0,1) width 16: "\x{5F8C}"
          LayoutText {#text} at (12,128) size 17x96
            text run at (12,128) width 96: "\x{3048}\x{3092}\x{898B}\x{3066}\x{306F}\x{3001}"
          LayoutRuby (inline) {RUBY} at (0,0) size 17x32
            LayoutRubyRun (anonymous) at (12,224) size 18x32
              LayoutRubyText {RT} at (-13,0) size 14x32
                LayoutText {#text} at (1,0) size 12x31
                  text run at (1,0) width 30: "\x{3082}\x{306E}\x{307B}"
              LayoutRubyBase (anonymous) at (0,0) size 18x32
                LayoutInline {RB} at (0,0) size 17x32
                  LayoutText {#text} at (0,0) size 17x32
                    text run at (0,0) width 32: "\x{7269}\x{6B32}"
          LayoutText {#text} at (12,256) size 46x496
            text run at (12,256) width 240: "\x{3057}\x{3068}\x{3001}\x{3042}\x{3053}\x{304C}\x{308B}\x{308B}\x{304B}\x{306A}\x{308F}\x{308C}\x{3002}\x{8179}\x{304B}"
            text run at (41,0) width 448: "\x{3089}\x{306E}\x{3001}\x{7B11}\x{3068}\x{3044}\x{3048}\x{3069}\x{3001}\x{82E6}\x{3057}\x{307F}\x{306E}\x{3001}\x{305D}\x{3053}\x{306B}\x{3042}\x{308B}\x{3079}\x{3057}\x{3002}\x{3046}\x{3064}\x{304F}\x{3057}\x{304D}\x{3001}"
          LayoutRuby (inline) {RUBY} at (0,0) size 17x16
            LayoutRubyRun (anonymous) at (41,447) size 18x18
              LayoutRubyText {RT} at (-13,0) size 14x18
                LayoutText {#text} at (1,0) size 12x18
                  text run at (1,0) width 18: "\x{304D}\x{308F}"
              LayoutRubyBase (anonymous) at (0,0) size 18x18
                LayoutInline {RB} at (0,0) size 17x16
                  LayoutText {#text} at (0,1) size 17x16
                    text run at (0,1) width 16: "\x{6975}"
          LayoutText {#text} at (41,464) size 46x496
            text run at (41,464) width 32: "\x{307F}\x{306E}"
            text run at (70,0) width 176: "\x{6B4C}\x{306B}\x{3001}\x{60B2}\x{3057}\x{3055}\x{306E}\x{3001}\x{6975}\x{307F}\x{306E}"
          LayoutRuby (inline) {RUBY} at (0,0) size 17x19
            LayoutRubyRun (anonymous) at (70,172) size 18x27
              LayoutRubyText {RT} at (-13,0) size 14x27
                LayoutText {#text} at (1,0) size 12x27
                  text run at (1,0) width 27: "\x{304A}\x{3082}\x{3044}"
              LayoutRubyBase (anonymous) at (0,0) size 18x27
                LayoutInline {RB} at (0,0) size 17x17
                  LayoutText {#text} at (0,5) size 17x17
                    text run at (0,5) width 16: "\x{60F3}"
          LayoutText {#text} at (70,195) size 17x16
            text run at (70,195) width 16: "\x{3001}"
          LayoutRuby (inline) {RUBY} at (0,0) size 17x16
            LayoutRubyRun (anonymous) at (70,210) size 18x18
              LayoutRubyText {RT} at (-13,0) size 14x18
                LayoutText {#text} at (1,0) size 12x18
                  text run at (1,0) width 18: "\x{3053}\x{3082}"
              LayoutRubyBase (anonymous) at (0,0) size 18x18
                LayoutInline {RB} at (0,0) size 17x16
                  LayoutText {#text} at (0,1) size 17x16
                    text run at (0,1) width 16: "\x{7C60}"
          LayoutText {#text} at (70,227) size 17x96
            text run at (70,227) width 96: "\x{308B}\x{3068}\x{305E}\x{77E5}\x{308C}\x{300D}"
          LayoutBR {BR} at (70,323) size 17x0
          LayoutText {#text} at (94,0) size 46x497
            text run at (94,0) width 497: "\x{3000}\x{306A}\x{308B}\x{307B}\x{3069}\x{3044}\x{304F}\x{3089}\x{8A69}\x{4EBA}\x{304C}\x{5E78}\x{798F}\x{3067}\x{3082}\x{3001}\x{3042}\x{306E}\x{96F2}\x{96C0}\x{306E}\x{3088}\x{3046}\x{306B}\x{601D}\x{3044}\x{5207}\x{3063}\x{3066}\x{3001}\x{4E00}"
            text run at (123,0) width 320: "\x{5FC3}\x{4E0D}\x{4E71}\x{306B}\x{3001}\x{524D}\x{5F8C}\x{3092}\x{5FD8}\x{5374}\x{3057}\x{3066}\x{3001}\x{308F}\x{304C}\x{559C}\x{3073}\x{3092}\x{6B4C}\x{3046}"
          LayoutRuby (inline) {RUBY} at (0,0) size 17x16
            LayoutRubyRun (anonymous) at (123,319) size 18x18
              LayoutRubyText {RT} at (-13,0) size 14x18
                LayoutText {#text} at (1,0) size 12x18
                  text run at (1,0) width 18: "\x{308F}\x{3051}"
              LayoutRubyBase (anonymous) at (0,0) size 18x18
                LayoutInline {RB} at (0,0) size 17x16
                  LayoutText {#text} at (0,1) size 17x16
                    text run at (0,1) width 16: "\x{8A33}"
          LayoutText {#text} at (123,336) size 46x496
            text run at (123,336) width 160: "\x{306B}\x{306F}\x{884C}\x{304F}\x{307E}\x{3044}\x{3002}\x{897F}\x{6D0B}\x{306E}"
            text run at (152,0) width 256: "\x{8A69}\x{306F}\x{7121}\x{8AD6}\x{306E}\x{4E8B}\x{3001}\x{652F}\x{90A3}\x{306E}\x{8A69}\x{306B}\x{3082}\x{3001}\x{3088}\x{304F}"
          LayoutRuby (inline) {RUBY} at (0,0) size 17x34
            LayoutRubyRun (anonymous) at (152,255) size 18x36
              LayoutRubyText {RT} at (-13,0) size 14x36
                LayoutText {#text} at (1,0) size 12x36
                  text run at (1,0) width 36: "\x{3070}\x{3093}\x{3053}\x{304F}"
              LayoutRubyBase (anonymous) at (0,0) size 18x36
                LayoutInline {RB} at (0,0) size 17x34
                  LayoutText {#text} at (0,1) size 17x34
                    text run at (0,1) width 34: "\x{4E07}\x{659B}"
          LayoutText {#text} at (152,290) size 17x16
            text run at (152,290) width 16: "\x{306E}"
          LayoutRuby (inline) {RUBY} at (0,0) size 17x19
            LayoutRubyRun (anonymous) at (152,302) size 18x27
              LayoutRubyText {RT} at (-13,0) size 14x27
                LayoutText {#text} at (1,0) size 12x27
                  text run at (1,0) width 27: "\x{3046}\x{308C}\x{3044}"
              LayoutRubyBase (anonymous) at (0,0) size 18x27
                LayoutInline {RB} at (0,0) size 17x17
                  LayoutText {#text} at (0,5) size 17x17
                    text run at (0,5) width 16: "\x{6101}"
          LayoutText {#text} at (152,325) size 46x501
            text run at (152,325) width 176: "\x{306A}\x{3069}\x{3068}\x{4E91}\x{3046}\x{5B57}\x{304C}\x{3042}\x{308B}\x{3002}\x{8A69}"
            text run at (181,0) width 112: "\x{4EBA}\x{3060}\x{304B}\x{3089}\x{4E07}\x{659B}\x{3067}"
          LayoutRuby (inline) {RUBY} at (0,0) size 17x34
            LayoutRubyRun (anonymous) at (181,111) size 18x36
              LayoutRubyText {RT} at (-13,0) size 14x36
                LayoutText {#text} at (1,0) size 12x36
                  text run at (1,0) width 36: "\x{3057}\x{308D}\x{3046}\x{3068}"
              LayoutRubyBase (anonymous) at (0,0) size 18x36
                LayoutInline {RB} at (0,0) size 17x34
                  LayoutText {#text} at (0,1) size 17x34
                    text run at (0,1) width 34: "\x{7D20}\x{4EBA}"
          LayoutText {#text} at (181,146) size 17x48
            text run at (181,146) width 48: "\x{306A}\x{3089}\x{4E00}"
          LayoutRuby (inline) {RUBY} at (0,0) size 17x16
            LayoutRubyRun (anonymous) at (181,193) size 18x18
              LayoutRubyText {RT} at (-13,0) size 14x18
                LayoutText {#text} at (1,0) size 12x18
                  text run at (1,0) width 18: "\x{3054}\x{3046}"
              LayoutRubyBase (anonymous) at (0,0) size 18x18
                LayoutInline {RB} at (0,0) size 17x16
                  LayoutText {#text} at (0,1) size 17x16
                    text run at (0,1) width 16: "\x{5408}"
          LayoutText {#text} at (181,210) size 46x498
            text run at (181,210) width 288: "\x{3067}\x{6E08}\x{3080}\x{304B}\x{3082}\x{77E5}\x{308C}\x{306C}\x{3002}\x{3057}\x{3066}\x{898B}\x{308B}\x{3068}\x{8A69}\x{4EBA}\x{306F}\x{5E38}"
            text run at (210,0) width 160: "\x{306E}\x{4EBA}\x{3088}\x{308A}\x{3082}\x{82E6}\x{52B4}\x{6027}\x{3067}\x{3001}"
          LayoutRuby (inline) {RUBY} at (0,0) size 17x34
            LayoutRubyRun (anonymous) at (210,159) size 18x36
              LayoutRubyText {RT} at (-13,0) size 14x36
                LayoutText {#text} at (1,0) size 12x36
                  text run at (1,0) width 36: "\x{307C}\x{3093}\x{3053}\x{3064}"
              LayoutRubyBase (anonymous) at (0,0) size 18x36
                LayoutInline {RB} at (0,0) size 17x34
                  LayoutText {#text} at (0,1) size 17x34
                    text run at (0,1) width 34: "\x{51E1}\x{9AA8}"
          LayoutText {#text} at (210,194) size 46x498
            text run at (210,194) width 304: "\x{306E}\x{500D}\x{4EE5}\x{4E0A}\x{306B}\x{795E}\x{7D4C}\x{304C}\x{92ED}\x{654F}\x{306A}\x{306E}\x{304B}\x{3082}\x{77E5}\x{308C}\x{3093}\x{3002}\x{8D85}"
            text run at (239,0) width 208: "\x{4FD7}\x{306E}\x{559C}\x{3073}\x{3082}\x{3042}\x{308D}\x{3046}\x{304C}\x{3001}\x{7121}\x{91CF}\x{306E}"
          LayoutRuby (inline) {RUBY} at (0,0) size 17x28
            LayoutRubyRun (anonymous) at (239,204) size 18x36
              LayoutRubyText {RT} at (-13,0) size 14x36
                LayoutText {#text} at (1,0) size 12x36
                  text run at (1,0) width 36: "\x{304B}\x{306A}\x{3057}\x{307F}"
              LayoutRubyBase (anonymous) at (0,0) size 18x36
                LayoutInline {RB} at (0,0) size 17x16
                  LayoutText {#text} at (0,10) size 17x16
                    text run at (0,10) width 16: "\x{60B2}"
          LayoutText {#text} at (239,236) size 41x492
            text run at (239,236) width 256: "\x{3082}\x{591A}\x{304B}\x{308D}\x{3046}\x{3002}\x{305D}\x{3093}\x{306A}\x{3089}\x{3070}\x{8A69}\x{4EBA}\x{306B}\x{306A}\x{308B}"
            text run at (263,0) width 112: "\x{306E}\x{3082}\x{8003}\x{3048}\x{7269}\x{3060}\x{3002}"
          LayoutBR {BR} at (263,112) size 17x0
          LayoutText {#text} at (292,0) size 17x129
            text run at (292,0) width 129: "\x{3000}\x{3057}\x{3070}\x{3089}\x{304F}\x{306F}\x{8DEF}\x{304C}"
          LayoutRuby (inline) {RUBY} at (0,0) size 17x19
            LayoutRubyRun (anonymous) at (292,125) size 18x27
              LayoutRubyText {RT} at (-13,0) size 14x27
                LayoutText {#text} at (1,0) size 12x27
                  text run at (1,0) width 27: "\x{305F}\x{3044}\x{3089}"
              LayoutRubyBase (anonymous) at (0,0) size 18x27
                LayoutInline {RB} at (0,0) size 17x17
                  LayoutText {#text} at (0,5) size 17x17
                    text run at (0,5) width 16: "\x{5E73}"
          LayoutText {#text} at (292,148) size 17x64
            text run at (292,148) width 64: "\x{3067}\x{3001}\x{53F3}\x{306F}"
          LayoutRuby (inline) {RUBY} at (0,0) size 17x48
            LayoutRubyRun (anonymous) at (292,212) size 18x48
              LayoutRubyText {RT} at (-13,0) size 14x48
                LayoutText {#text} at (1,0) size 12x48
                  text run at (1,0) width 47: "\x{305E}\x{3046}\x{304D}\x{3084}\x{307E}"
              LayoutRubyBase (anonymous) at (0,0) size 18x48
                LayoutInline {RB} at (0,0) size 17x48
                  LayoutText {#text} at (0,0) size 17x48
                    text run at (0,0) width 48: "\x{96D1}\x{6728}\x{5C71}"
          LayoutText {#text} at (292,260) size 46x500
            text run at (292,260) width 240: "\x{3001}\x{5DE6}\x{306F}\x{83DC}\x{306E}\x{82B1}\x{306E}\x{898B}\x{3064}\x{3065}\x{3051}\x{3067}\x{3042}\x{308B}\x{3002}"
            text run at (321,0) width 96: "\x{8DB3}\x{306E}\x{4E0B}\x{306B}\x{6642}\x{3005}"
          LayoutRuby (inline) {RUBY} at (0,0) size 17x48
            LayoutRubyRun (anonymous) at (321,96) size 18x48
              LayoutRubyText {RT} at (-13,0) size 14x48
                LayoutText {#text} at (1,1) size 12x46
                  text run at (1,1) width 45: "\x{305F}\x{3093}\x{307D}\x{307D}"
              LayoutRubyBase (anonymous) at (0,0) size 18x48
                LayoutInline {RB} at (0,0) size 17x48
                  LayoutText {#text} at (0,0) size 17x48
                    text run at (0,0) width 48: "\x{84B2}\x{516C}\x{82F1}"
          LayoutText {#text} at (321,144) size 17x112
            text run at (321,144) width 112: "\x{3092}\x{8E0F}\x{307F}\x{3064}\x{3051}\x{308B}\x{3002}"
          LayoutRuby (inline) {RUBY} at (0,0) size 17x28
            LayoutRubyRun (anonymous) at (321,252) size 18x36
              LayoutRubyText {RT} at (-13,0) size 14x36
                LayoutText {#text} at (1,0) size 12x36
                  text run at (1,0) width 36: "\x{306E}\x{3053}\x{304E}\x{308A}"
              LayoutRubyBase (anonymous) at (0,0) size 18x36
                LayoutInline {RB} at (0,0) size 17x16
                  LayoutText {#text} at (0,10) size 17x16
                    text run at (0,10) width 16: "\x{92F8}"
          LayoutText {#text} at (321,284) size 46x492
            text run at (321,284) width 208: "\x{306E}\x{3088}\x{3046}\x{306A}\x{8449}\x{304C}\x{9060}\x{616E}\x{306A}\x{304F}\x{56DB}\x{65B9}\x{3078}"
            text run at (350,0) width 144: "\x{306E}\x{3057}\x{3066}\x{771F}\x{4E2D}\x{306B}\x{9EC4}\x{8272}\x{306A}"
          LayoutRuby (inline) {RUBY} at (0,0) size 17x16
            LayoutRubyRun (anonymous) at (350,143) size 18x18
              LayoutRubyText {RT} at (-13,0) size 14x18
                LayoutText {#text} at (1,0) size 12x18
                  text run at (1,0) width 18: "\x{305F}\x{307E}"
              LayoutRubyBase (anonymous) at (0,0) size 18x18
                LayoutInline {RB} at (0,0) size 17x16
                  LayoutText {#text} at (0,1) size 17x16
                    text run at (0,1) width 16: "\x{73E0}"
          LayoutText {#text} at (350,160) size 70x496
            text run at (350,160) width 336: "\x{3092}\x{64C1}\x{8B77}\x{3057}\x{3066}\x{3044}\x{308B}\x{3002}\x{83DC}\x{306E}\x{82B1}\x{306B}\x{6C17}\x{3092}\x{3068}\x{3089}\x{308C}\x{3066}\x{3001}\x{8E0F}\x{307F}"
            text run at (374,0) width 496: "\x{3064}\x{3051}\x{305F}\x{3042}\x{3068}\x{3067}\x{3001}\x{6C17}\x{306E}\x{6BD2}\x{306A}\x{4E8B}\x{3092}\x{3057}\x{305F}\x{3068}\x{3001}\x{632F}\x{308A}\x{5411}\x{3044}\x{3066}\x{898B}\x{308B}\x{3068}\x{3001}\x{9EC4}\x{8272}\x{306A}\x{73E0}\x{306F}"
            text run at (403,0) width 160: "\x{4F9D}\x{7136}\x{3068}\x{3057}\x{3066}\x{92F8}\x{306E}\x{306A}\x{304B}\x{306B}"
          LayoutRuby (inline) {RUBY} at (0,0) size 17x32
            LayoutRubyRun (anonymous) at (403,160) size 18x32
              LayoutRubyText {RT} at (-13,0) size 14x32
                LayoutText {#text} at (1,0) size 12x31
                  text run at (1,0) width 30: "\x{3061}\x{3093}\x{3056}"
              LayoutRubyBase (anonymous) at (0,0) size 18x32
                LayoutInline {RB} at (0,0) size 17x32
                  LayoutText {#text} at (0,0) size 17x32
                    text run at (0,0) width 32: "\x{93AE}\x{5EA7}"
          LayoutText {#text} at (403,192) size 17x80
            text run at (403,192) width 80: "\x{3057}\x{3066}\x{3044}\x{308B}\x{3002}"
          LayoutRuby (inline) {RUBY} at (0,0) size 17x32
            LayoutRubyRun (anonymous) at (403,272) size 18x32
              LayoutRubyText {RT} at (-13,0) size 14x32
                LayoutText {#text} at (1,0) size 12x31
                  text run at (1,0) width 30: "\x{306E}\x{3093}\x{304D}"
              LayoutRubyBase (anonymous) at (0,0) size 18x32
                LayoutInline {RB} at (0,0) size 17x32
                  LayoutText {#text} at (0,0) size 17x32
                    text run at (0,0) width 32: "\x{5451}\x{6C17}"
          LayoutText {#text} at (403,304) size 41x496
            text run at (403,304) width 192: "\x{306A}\x{3082}\x{306E}\x{3060}\x{3002}\x{307E}\x{305F}\x{8003}\x{3048}\x{3092}\x{3064}\x{3065}"
            text run at (427,0) width 48: "\x{3051}\x{308B}\x{3002}"
          LayoutBR {BR} at (427,48) size 17x0
          LayoutText {#text} at (456,0) size 17x65
            text run at (456,0) width 65: "\x{3000}\x{8A69}\x{4EBA}\x{306B}"
          LayoutRuby (inline) {RUBY} at (0,0) size 17x19
            LayoutRubyRun (anonymous) at (456,61) size 18x27
              LayoutRubyText {RT} at (-13,0) size 14x27
                LayoutText {#text} at (1,0) size 12x27
                  text run at (1,0) width 27: "\x{3046}\x{308C}\x{3044}"
              LayoutRubyBase (anonymous) at (0,0) size 18x27
                LayoutInline {RB} at (0,0) size 17x17
                  LayoutText {#text} at (0,5) size 17x17
                    text run at (0,5) width 16: "\x{6182}"
          LayoutText {#text} at (456,84) size 17x240
            text run at (456,84) width 240: "\x{306F}\x{3064}\x{304D}\x{3082}\x{306E}\x{304B}\x{3082}\x{77E5}\x{308C}\x{306A}\x{3044}\x{304C}\x{3001}\x{3042}\x{306E}"
          LayoutRuby (inline) {RUBY} at (0,0) size 17x32
            LayoutRubyRun (anonymous) at (456,324) size 18x32
              LayoutRubyText {RT} at (-13,0) size 14x32
                LayoutText {#text} at (1,0) size 12x31
                  text run at (1,0) width 30: "\x{3072}\x{3070}\x{308A}"
              LayoutRubyBase (anonymous) at (0,0) size 18x32
                LayoutInline {RB} at (0,0) size 17x32
                  LayoutText {#text} at (0,0) size 17x32
                    text run at (0,0) width 32: "\x{96F2}\x{96C0}"
          LayoutText {#text} at (456,356) size 17x144
            text run at (456,356) width 144: "\x{3092}\x{805E}\x{304F}\x{5FC3}\x{6301}\x{306B}\x{306A}\x{308C}\x{3070}"
          LayoutRuby (inline) {RUBY} at (0,0) size 17x32
            LayoutRubyRun (anonymous) at (485,0) size 18x32
              LayoutRubyText {RT} at (-13,0) size 14x32
                LayoutText {#text} at (1,0) size 12x31
                  text run at (1,0) width 30: "\x{307F}\x{3058}\x{3093}"
              LayoutRubyBase (anonymous) at (0,0) size 18x32
                LayoutInline {RB} at (0,0) size 17x32
                  LayoutText {#text} at (0,0) size 17x32
                    text run at (0,0) width 32: "\x{5FAE}\x{5875}"
          LayoutText {#text} at (485,32) size 17x16
            text run at (485,32) width 16: "\x{306E}"
          LayoutRuby (inline) {RUBY} at (0,0) size 17x16
            LayoutRubyRun (anonymous) at (485,48) size 18x16
              LayoutRubyText {RT} at (-13,0) size 14x16
                LayoutText {#text} at (1,3) size 12x10
                  text run at (1,3) width 9: "\x{304F}"
              LayoutRubyBase (anonymous) at (0,0) size 18x16
                LayoutInline {RB} at (0,0) size 17x16
                  LayoutText {#text} at (0,0) size 17x16
                    text run at (0,0) width 16: "\x{82E6}"
          LayoutText {#text} at (485,64) size 17x336
            text run at (485,64) width 336: "\x{3082}\x{306A}\x{3044}\x{3002}\x{83DC}\x{306E}\x{82B1}\x{3092}\x{898B}\x{3066}\x{3082}\x{3001}\x{305F}\x{3060}\x{3046}\x{308C}\x{3057}\x{304F}\x{3066}\x{80F8}\x{304C}"
          LayoutRuby (inline) {RUBY} at (0,0) size 17x16
            LayoutRubyRun (anonymous) at (485,399) size 18x18
              LayoutRubyText {RT} at (-13,0) size 14x18
                LayoutText {#text} at (1,0) size 12x18
                  text run at (1,0) width 18: "\x{304A}\x{3069}"
              LayoutRubyBase (anonymous) at (0,0) size 18x18
                LayoutInline {RB} at (0,0) size 17x16
                  LayoutText {#text} at (0,1) size 17x16
                    text run at (0,1) width 16: "\x{8E8D}"
          LayoutText {#text} at (485,416) size 70x496
            text run at (485,416) width 64: "\x{308B}\x{3070}\x{304B}\x{308A}"
            text run at (509,0) width 496: "\x{3060}\x{3002}\x{84B2}\x{516C}\x{82F1}\x{3082}\x{305D}\x{306E}\x{901A}\x{308A}\x{3001}\x{685C}\x{3082}\x{2015}\x{2015}\x{685C}\x{306F}\x{3044}\x{3064}\x{304B}\x{898B}\x{3048}\x{306A}\x{304F}\x{306A}\x{3063}\x{305F}\x{3002}\x{3053}\x{3046}\x{5C71}"
            text run at (538,0) width 128: "\x{306E}\x{4E2D}\x{3078}\x{6765}\x{3066}\x{81EA}\x{7136}\x{306E}"
          LayoutRuby (inline) {RUBY} at (0,0) size 17x34
            LayoutRubyRun (anonymous) at (538,127) size 18x36
              LayoutRubyText {RT} at (-13,0) size 14x36
                LayoutText {#text} at (1,0) size 12x36
                  text run at (1,0) width 36: "\x{3051}\x{3044}\x{3076}\x{3064}"
              LayoutRubyBase (anonymous) at (0,0) size 18x36
                LayoutInline {RB} at (0,0) size 17x34
                  LayoutText {#text} at (0,1) size 17x34
                    text run at (0,1) width 34: "\x{666F}\x{7269}"
          LayoutText {#text} at (538,162) size 46x498
            text run at (538,162) width 336: "\x{306B}\x{63A5}\x{3059}\x{308C}\x{3070}\x{3001}\x{898B}\x{308B}\x{3082}\x{306E}\x{3082}\x{805E}\x{304F}\x{3082}\x{306E}\x{3082}\x{9762}\x{767D}\x{3044}\x{3002}\x{9762}"
            text run at (567,0) width 384: "\x{767D}\x{3044}\x{3060}\x{3051}\x{3067}\x{5225}\x{6BB5}\x{306E}\x{82E6}\x{3057}\x{307F}\x{3082}\x{8D77}\x{3089}\x{306C}\x{3002}\x{8D77}\x{308B}\x{3068}\x{3059}\x{308C}\x{3070}\x{8DB3}\x{304C}"
          LayoutRuby (inline) {RUBY} at (0,0) size 17x32
            LayoutRubyRun (anonymous) at (567,384) size 18x32
              LayoutRubyText {RT} at (-13,0) size 14x32
                LayoutText {#text} at (1,0) size 12x31
                  text run at (1,0) width 30: "\x{304F}\x{305F}\x{3073}"
              LayoutRubyBase (anonymous) at (0,0) size 18x32
                LayoutInline {RB} at (0,0) size 17x32
                  LayoutText {#text} at (0,0) size 17x32
                    text run at (0,0) width 32: "\x{8349}\x{81E5}"
          LayoutText {#text} at (567,416) size 17x48
            text run at (567,416) width 48: "\x{308C}\x{3066}\x{3001}"
          LayoutRuby (inline) {RUBY} at (0,0) size 17x16
            LayoutRubyRun (anonymous) at (567,463) size 18x18
              LayoutRubyText {RT} at (-13,0) size 14x18
                LayoutText {#text} at (1,0) size 12x18
                  text run at (1,0) width 18: "\x{3046}\x{307E}"
              LayoutRubyBase (anonymous) at (0,0) size 18x18
                LayoutInline {RB} at (0,0) size 17x16
                  LayoutText {#text} at (0,1) size 17x16
                    text run at (0,1) width 16: "\x{65E8}"
          LayoutText {#text} at (567,480) size 41x496
            text run at (567,480) width 16: "\x{3044}"
            text run at (591,0) width 272: "\x{3082}\x{306E}\x{304C}\x{98DF}\x{3079}\x{3089}\x{308C}\x{306C}\x{304F}\x{3089}\x{3044}\x{306E}\x{4E8B}\x{3060}\x{308D}\x{3046}\x{3002}"
          LayoutBR {BR} at (591,272) size 17x0
          LayoutText {#text} at (620,0) size 17x417
            text run at (620,0) width 417: "\x{3000}\x{3057}\x{304B}\x{3057}\x{82E6}\x{3057}\x{307F}\x{306E}\x{306A}\x{3044}\x{306E}\x{306F}\x{306A}\x{305C}\x{3060}\x{308D}\x{3046}\x{3002}\x{305F}\x{3060}\x{3053}\x{306E}\x{666F}\x{8272}\x{3092}\x{4E00}"
          LayoutRuby (inline) {RUBY} at (0,0) size 17x16
            LayoutRubyRun (anonymous) at (620,416) size 18x18
              LayoutRubyText {RT} at (-13,0) size 14x18
                LayoutText {#text} at (1,0) size 12x18
                  text run at (1,0) width 18: "\x{3077}\x{304F}"
              LayoutRubyBase (anonymous) at (0,0) size 18x18
                LayoutInline {RB} at (0,0) size 17x16
                  LayoutText {#text} at (0,1) size 17x16
                    text run at (0,1) width 16: "\x{5E45}"
          LayoutText {#text} at (620,433) size 17x16
            text run at (620,433) width 16: "\x{306E}"
          LayoutRuby (inline) {RUBY} at (0,0) size 17x16
            LayoutRubyRun (anonymous) at (620,449) size 18x16
              LayoutRubyText {RT} at (-13,0) size 14x16
                LayoutText {#text} at (1,3) size 12x10
                  text run at (1,3) width 9: "\x{3048}"
              LayoutRubyBase (anonymous) at (0,0) size 18x16
                LayoutInline {RB} at (0,0) size 17x16
                  LayoutText {#text} at (0,0) size 17x16
                    text run at (0,0) width 16: "\x{753B}"
          LayoutText {#text} at (620,465) size 46x497
            text run at (620,465) width 32: "\x{3068}\x{3057}"
            text run at (649,0) width 16: "\x{3066}"
          LayoutRuby (inline) {RUBY} at (0,0) size 17x16
            LayoutRubyRun (anonymous) at (649,16) size 18x16
              LayoutRubyText {RT} at (-13,0) size 14x16
                LayoutText {#text} at (1,3) size 12x10
                  text run at (1,3) width 9: "\x{307F}"
              LayoutRubyBase (anonymous) at (0,0) size 18x16
                LayoutInline {RB} at (0,0) size 17x16
                  LayoutText {#text} at (0,0) size 17x16
                    text run at (0,0) width 16: "\x{89B3}"
          LayoutText {#text} at (649,32) size 17x32
            text run at (649,32) width 32: "\x{3001}\x{4E00}"
          LayoutRuby (inline) {RUBY} at (0,0) size 17x16
            LayoutRubyRun (anonymous) at (649,63) size 18x18
              LayoutRubyText {RT} at (-13,0) size 14x18
                LayoutText {#text} at (1,0) size 12x18
                  text run at (1,0) width 18: "\x{304B}\x{3093}"
              LayoutRubyBase (anonymous) at (0,0) size 18x18
                LayoutInline {RB} at (0,0) size 17x16
                  LayoutText {#text} at (0,1) size 17x16
                    text run at (0,1) width 16: "\x{5DFB}"
          LayoutText {#text} at (649,80) size 17x208
            text run at (649,80) width 208: "\x{306E}\x{8A69}\x{3068}\x{3057}\x{3066}\x{8AAD}\x{3080}\x{304B}\x{3089}\x{3067}\x{3042}\x{308B}\x{3002}"
          LayoutRuby (inline) {RUBY} at (0,0) size 17x16
            LayoutRubyRun (anonymous) at (649,288) size 18x16
              LayoutRubyText {RT} at (-13,0) size 14x16
                LayoutText {#text} at (1,3) size 12x10
                  text run at (1,3) width 9: "\x{304C}"
              LayoutRubyBase (anonymous) at (0,0) size 18x16
                LayoutInline {RB} at (0,0) size 17x16
                  LayoutText {#text} at (0,0) size 17x16
                    text run at (0,0) width 16: "\x{753B}"
          LayoutText {#text} at (649,304) size 17x160
            text run at (649,304) width 160: "\x{3067}\x{3042}\x{308A}\x{8A69}\x{3067}\x{3042}\x{308B}\x{4EE5}\x{4E0A}\x{306F}"
          LayoutRuby (inline) {RUBY} at (0,0) size 17x32
            LayoutRubyRun (anonymous) at (649,464) size 18x32
              LayoutRubyText {RT} at (-13,0) size 14x32
                LayoutText {#text} at (1,0) size 12x31
                  text run at (1,0) width 30: "\x{3058}\x{3081}\x{3093}"
              LayoutRubyBase (anonymous) at (0,0) size 18x32
                LayoutInline {RB} at (0,0) size 17x32
                  LayoutText {#text} at (0,0) size 17x32
                    text run at (0,0) width 32: "\x{5730}\x{9762}"
          LayoutText {#text} at (678,0) size 17x368
            text run at (678,0) width 368: "\x{3092}\x{8CB0}\x{3063}\x{3066}\x{3001}\x{958B}\x{62D3}\x{3059}\x{308B}\x{6C17}\x{306B}\x{3082}\x{306A}\x{3089}\x{306D}\x{3070}\x{3001}\x{9244}\x{9053}\x{3092}\x{304B}\x{3051}\x{3066}"
          LayoutRuby (inline) {RUBY} at (0,0) size 17x34
            LayoutRubyRun (anonymous) at (678,367) size 18x36
              LayoutRubyText {RT} at (-13,0) size 14x36
                LayoutText {#text} at (1,0) size 12x36
                  text run at (1,0) width 36: "\x{3072}\x{3068}\x{3082}\x{3046}"
              LayoutRubyBase (anonymous) at (0,0) size 18x36
                LayoutInline {RB} at (0,0) size 17x34
                  LayoutText {#text} at (0,1) size 17x34
                    text run at (0,1) width 34: "\x{4E00}\x{5132}"
          LayoutText {#text} at (678,402) size 17x48
            text run at (678,402) width 48: "\x{3051}\x{3059}\x{308B}"
          LayoutRuby (inline) {RUBY} at (0,0) size 17x42
            LayoutRubyRun (anonymous) at (678,447) size 18x45
              LayoutRubyText {RT} at (-13,0) size 14x45
                LayoutText {#text} at (1,0) size 12x45
                  text run at (1,0) width 45: "\x{308A}\x{3087}\x{3046}\x{3051}\x{3093}"
              LayoutRubyBase (anonymous) at (0,0) size 18x45
                LayoutInline {RB} at (0,0) size 17x39
                  LayoutText {#text} at (0,3) size 17x39
                    text run at (0,3) width 38: "\x{4E86}\x{898B}"
          LayoutText {#text} at (707,0) size 17x256
            text run at (707,0) width 256: "\x{3082}\x{8D77}\x{3089}\x{306C}\x{3002}\x{305F}\x{3060}\x{3053}\x{306E}\x{666F}\x{8272}\x{304C}\x{2015}\x{2015}\x{8179}\x{306E}"
          LayoutRuby (inline) {RUBY} at (0,0) size 17x16
            LayoutRubyRun (anonymous) at (707,256) size 18x16
              LayoutRubyText {RT} at (-13,0) size 14x16
                LayoutText {#text} at (1,3) size 12x10
                  text run at (1,3) width 9: "\x{305F}"
              LayoutRubyBase (anonymous) at (0,0) size 18x16
                LayoutInline {RB} at (0,0) size 17x16
                  LayoutText {#text} at (0,0) size 17x16
                    text run at (0,0) width 16: "\x{8DB3}"
          LayoutText {#text} at (707,272) size 70x496
            text run at (707,272) width 224: "\x{3057}\x{306B}\x{3082}\x{306A}\x{3089}\x{306C}\x{3001}\x{6708}\x{7D66}\x{306E}\x{88DC}\x{3044}\x{306B}\x{3082}"
            text run at (731,0) width 496: "\x{306A}\x{3089}\x{306C}\x{3053}\x{306E}\x{666F}\x{8272}\x{304C}\x{666F}\x{8272}\x{3068}\x{3057}\x{3066}\x{306E}\x{307F}\x{3001}\x{4F59}\x{304C}\x{5FC3}\x{3092}\x{697D}\x{307E}\x{305B}\x{3064}\x{3064}\x{3042}\x{308B}\x{304B}\x{3089}\x{82E6}\x{52B4}"
            text run at (760,0) width 64: "\x{3082}\x{5FC3}\x{914D}\x{3082}"
          LayoutRuby (inline) {RUBY} at (0,0) size 17x19
            LayoutRubyRun (anonymous) at (760,60) size 18x27
              LayoutRubyText {RT} at (-13,0) size 14x27
                LayoutText {#text} at (1,0) size 12x27
                  text run at (1,0) width 27: "\x{3068}\x{3082}\x{306A}"
              LayoutRubyBase (anonymous) at (0,0) size 18x27
                LayoutInline {RB} at (0,0) size 17x17
                  LayoutText {#text} at (0,5) size 17x17
                    text run at (0,5) width 16: "\x{4F34}"
          LayoutText {#text} at (760,83) size 17x288
            text run at (760,83) width 288: "\x{308F}\x{306C}\x{306E}\x{3060}\x{308D}\x{3046}\x{3002}\x{81EA}\x{7136}\x{306E}\x{529B}\x{306F}\x{3053}\x{3053}\x{306B}\x{304A}\x{3044}\x{3066}"
          LayoutRuby (inline) {RUBY} at (0,0) size 17x16
            LayoutRubyRun (anonymous) at (760,370) size 18x18
              LayoutRubyText {RT} at (-13,0) size 14x18
                LayoutText {#text} at (1,0) size 12x18
                  text run at (1,0) width 18: "\x{305F}\x{3063}"
              LayoutRubyBase (anonymous) at (0,0) size 18x18
                LayoutInline {RB} at (0,0) size 17x16
                  LayoutText {#text} at (0,1) size 17x16
                    text run at (0,1) width 16: "\x{5C0A}"
          LayoutText {#text} at (760,387) size 46x499
            text run at (760,387) width 112: "\x{3068}\x{3044}\x{3002}\x{543E}\x{4EBA}\x{306E}\x{6027}"
            text run at (789,0) width 80: "\x{60C5}\x{3092}\x{77AC}\x{523B}\x{306B}"
          LayoutRuby (inline) {RUBY} at (0,0) size 17x32
            LayoutRubyRun (anonymous) at (789,80) size 18x32
              LayoutRubyText {RT} at (-13,0) size 14x32
                LayoutText {#text} at (1,0) size 12x31
                  text run at (1,0) width 30: "\x{3068}\x{3046}\x{3084}"
              LayoutRubyBase (anonymous) at (0,0) size 18x32
                LayoutInline {RB} at (0,0) size 17x32
                  LayoutText {#text} at (0,0) size 17x32
                    text run at (0,0) width 32: "\x{9676}\x{51B6}"
          LayoutText {#text} at (789,112) size 17x32
            text run at (789,112) width 32: "\x{3057}\x{3066}"
          LayoutRuby (inline) {RUBY} at (0,0) size 17x34
            LayoutRubyRun (anonymous) at (789,143) size 18x36
              LayoutRubyText {RT} at (-13,0) size 14x36
                LayoutText {#text} at (1,0) size 12x36
                  text run at (1,0) width 36: "\x{3058}\x{3085}\x{3093}\x{3053}"
              LayoutRubyBase (anonymous) at (0,0) size 18x36
                LayoutInline {RB} at (0,0) size 17x34
                  LayoutText {#text} at (0,1) size 17x34
                    text run at (0,1) width 34: "\x{9187}\x{4E4E}"
          LayoutText {#text} at (789,178) size 41x498
            text run at (789,178) width 320: "\x{3068}\x{3057}\x{3066}\x{9187}\x{306A}\x{308B}\x{8A69}\x{5883}\x{306B}\x{5165}\x{3089}\x{3057}\x{3080}\x{308B}\x{306E}\x{306F}\x{81EA}\x{7136}\x{3067}\x{3042}"
            text run at (813,0) width 32: "\x{308B}\x{3002}"
          LayoutBR {BR} at (813,32) size 17x0
          LayoutText {#text} at (837,0) size 46x497
            text run at (837,0) width 497: "\x{3000}\x{604B}\x{306F}\x{3046}\x{3064}\x{304F}\x{3057}\x{304B}\x{308D}\x{3001}\x{5B5D}\x{3082}\x{3046}\x{3064}\x{304F}\x{3057}\x{304B}\x{308D}\x{3001}\x{5FE0}\x{541B}\x{611B}\x{56FD}\x{3082}\x{7D50}\x{69CB}\x{3060}\x{308D}\x{3046}\x{3002}\x{3057}"
            text run at (866,0) width 112: "\x{304B}\x{3057}\x{81EA}\x{8EAB}\x{304C}\x{305D}\x{306E}"
          LayoutRuby (inline) {RUBY} at (0,0) size 17x19
            LayoutRubyRun (anonymous) at (866,108) size 18x27
              LayoutRubyText {RT} at (-13,0) size 14x27
                LayoutText {#text} at (1,0) size 12x27
                  text run at (1,0) width 27: "\x{304D}\x{3087}\x{304F}"
              LayoutRubyBase (anonymous) at (0,0) size 18x27
                LayoutInline {RB} at (0,0) size 17x17
                  LayoutText {#text} at (0,5) size 17x17
                    text run at (0,5) width 16: "\x{5C40}"
          LayoutText {#text} at (866,131) size 17x112
            text run at (866,131) width 112: "\x{306B}\x{5F53}\x{308C}\x{3070}\x{5229}\x{5BB3}\x{306E}"
          LayoutRuby (inline) {RUBY} at (0,0) size 17x32
            LayoutRubyRun (anonymous) at (866,243) size 18x32
              LayoutRubyText {RT} at (-13,0) size 14x32
                LayoutText {#text} at (1,0) size 12x31
                  text run at (1,0) width 30: "\x{3064}\x{3080}\x{3058}"
              LayoutRubyBase (anonymous) at (0,0) size 18x32
                LayoutInline {RB} at (0,0) size 17x32
                  LayoutText {#text} at (0,0) size 17x32
                    text run at (0,0) width 32: "\x{65CB}\x{98A8}"
          LayoutText {#text} at (866,275) size 17x16
            text run at (866,275) width 16: "\x{306B}"
          LayoutRuby (inline) {RUBY} at (0,0) size 17x16
            LayoutRubyRun (anonymous) at (866,291) size 18x16
              LayoutRubyText {RT} at (-13,0) size 14x16
                LayoutText {#text} at (1,3) size 12x10
                  text run at (1,3) width 9: "\x{307E}"
              LayoutRubyBase (anonymous) at (0,0) size 18x16
                LayoutInline {RB} at (0,0) size 17x16
                  LayoutText {#text} at (0,0) size 17x16
                    text run at (0,0) width 16: "\x{6372}"
          LayoutText {#text} at (866,307) size 46x499
            text run at (866,307) width 192: "\x{304D}\x{8FBC}\x{307E}\x{308C}\x{3066}\x{3001}\x{3046}\x{3064}\x{304F}\x{3057}\x{304D}\x{4E8B}"
            text run at (895,0) width 192: "\x{306B}\x{3082}\x{3001}\x{7D50}\x{69CB}\x{306A}\x{4E8B}\x{306B}\x{3082}\x{3001}\x{76EE}\x{306F}"
          LayoutRuby (inline) {RUBY} at (0,0) size 17x16
            LayoutRubyRun (anonymous) at (895,191) size 18x18
              LayoutRubyText {RT} at (-13,0) size 14x18
                LayoutText {#text} at (1,0) size 12x18
                  text run at (1,0) width 18: "\x{304F}\x{3089}"
              LayoutRubyBase (anonymous) at (0,0) size 18x18
                LayoutInline {RB} at (0,0) size 17x16
                  LayoutText {#text} at (0,1) size 17x16
                    text run at (0,1) width 16: "\x{7729}"
          LayoutText {#text} at (895,208) size 46x496
            text run at (895,208) width 288: "\x{3093}\x{3067}\x{3057}\x{307E}\x{3046}\x{3002}\x{3057}\x{305F}\x{304C}\x{3063}\x{3066}\x{3069}\x{3053}\x{306B}\x{8A69}\x{304C}\x{3042}\x{308B}"
            text run at (924,0) width 80: "\x{304B}\x{81EA}\x{8EAB}\x{306B}\x{306F}"
          LayoutRuby (inline) {RUBY} at (0,0) size 17x16
            LayoutRubyRun (anonymous) at (924,80) size 18x16
              LayoutRubyText {RT} at (-13,0) size 14x16
                LayoutText {#text} at (1,3) size 12x10
                  text run at (1,3) width 9: "\x{3052}"
              LayoutRubyBase (anonymous) at (0,0) size 18x16
                LayoutInline {RB} at (0,0) size 17x16
                  LayoutText {#text} at (0,0) size 17x16
                    text run at (0,0) width 16: "\x{89E3}"
          LayoutText {#text} at (924,96) size 17x80
            text run at (924,96) width 80: "\x{3057}\x{304B}\x{306D}\x{308B}\x{3002}"
          LayoutBR {BR} at (924,176) size 17x0
          LayoutText {#text} at (948,0) size 46x497
            text run at (948,0) width 497: "\x{3000}\x{3053}\x{308C}\x{304C}\x{308F}\x{304B}\x{308B}\x{305F}\x{3081}\x{306B}\x{306F}\x{3001}\x{308F}\x{304B}\x{308B}\x{3060}\x{3051}\x{306E}\x{4F59}\x{88D5}\x{306E}\x{3042}\x{308B}\x{7B2C}\x{4E09}\x{8005}\x{306E}\x{5730}\x{4F4D}\x{306B}\x{7ACB}"
            text run at (977,0) width 336: "\x{305F}\x{306D}\x{3070}\x{306A}\x{3089}\x{306C}\x{3002}\x{4E09}\x{8005}\x{306E}\x{5730}\x{4F4D}\x{306B}\x{7ACB}\x{3066}\x{3070}\x{3053}\x{305D}\x{829D}\x{5C45}\x{306F}"
          LayoutRuby (inline) {RUBY} at (0,0) size 17x16
            LayoutRubyRun (anonymous) at (977,336) size 18x16
              LayoutRubyText {RT} at (-13,0) size 14x16
                LayoutText {#text} at (1,3) size 12x10
                  text run at (1,3) width 9: "\x{307F}"
              LayoutRubyBase (anonymous) at (0,0) size 18x16
                LayoutInline {RB} at (0,0) size 17x16
                  LayoutText {#text} at (0,0) size 17x16
                    text run at (0,0) width 16: "\x{89B3}"
          LayoutText {#text} at (977,352) size 70x496
            text run at (977,352) width 144: "\x{3066}\x{9762}\x{767D}\x{3044}\x{3002}\x{5C0F}\x{8AAC}\x{3082}\x{898B}"
            text run at (1001,0) width 496: "\x{3066}\x{9762}\x{767D}\x{3044}\x{3002}\x{829D}\x{5C45}\x{3092}\x{898B}\x{3066}\x{9762}\x{767D}\x{3044}\x{4EBA}\x{3082}\x{3001}\x{5C0F}\x{8AAC}\x{3092}\x{8AAD}\x{3093}\x{3067}\x{9762}\x{767D}\x{3044}\x{4EBA}\x{3082}\x{3001}\x{81EA}\x{5DF1}\x{306E}"
            text run at (1030,0) width 48: "\x{5229}\x{5BB3}\x{306F}"
          LayoutRuby (inline) {RUBY} at (0,0) size 17x16
            LayoutRubyRun (anonymous) at (1030,47) size 18x18
              LayoutRubyText {RT} at (-13,0) size 14x18
                LayoutText {#text} at (1,0) size 12x18
                  text run at (1,0) width 18: "\x{305F}\x{306A}"
              LayoutRubyBase (anonymous) at (0,0) size 18x18
                LayoutInline {RB} at (0,0) size 17x16
                  LayoutText {#text} at (0,1) size 17x16
                    text run at (0,1) width 16: "\x{68DA}"
          LayoutText {#text} at (1030,64) size 17x416
            text run at (1030,64) width 416: "\x{3078}\x{4E0A}\x{3052}\x{3066}\x{3044}\x{308B}\x{3002}\x{898B}\x{305F}\x{308A}\x{8AAD}\x{3093}\x{3060}\x{308A}\x{3059}\x{308B}\x{9593}\x{3060}\x{3051}\x{306F}\x{8A69}\x{4EBA}\x{3067}\x{3042}\x{308B}\x{3002}"
          LayoutBR {BR} at (1030,480) size 17x0
          LayoutText {#text} at (1059,0) size 17x305
            text run at (1059,0) width 305: "\x{3000}\x{305D}\x{308C}\x{3059}\x{3089}\x{3001}\x{666E}\x{901A}\x{306E}\x{829D}\x{5C45}\x{3084}\x{5C0F}\x{8AAC}\x{3067}\x{306F}\x{4EBA}\x{60C5}\x{3092}"
          LayoutRuby (inline) {RUBY} at (0,0) size 17x16
            LayoutRubyRun (anonymous) at (1059,304) size 18x18
              LayoutRubyText {RT} at (-13,0) size 14x18
                LayoutText {#text} at (1,0) size 12x18
                  text run at (1,0) width 18: "\x{307E}\x{306C}"
              LayoutRubyBase (anonymous) at (0,0) size 18x18
                LayoutInline {RB} at (0,0) size 17x16
                  LayoutText {#text} at (0,1) size 17x16
                    text run at (0,1) width 16: "\x{514D}"
          LayoutText {#text} at (1059,321) size 70x497
            text run at (1059,321) width 176: "\x{304B}\x{308C}\x{306C}\x{3002}\x{82E6}\x{3057}\x{3093}\x{3060}\x{308A}\x{3001}\x{6012}"
            text run at (1083,0) width 496: "\x{3063}\x{305F}\x{308A}\x{3001}\x{9A12}\x{3044}\x{3060}\x{308A}\x{3001}\x{6CE3}\x{3044}\x{305F}\x{308A}\x{3059}\x{308B}\x{3002}\x{898B}\x{308B}\x{3082}\x{306E}\x{3082}\x{3044}\x{3064}\x{304B}\x{305D}\x{306E}\x{4E2D}\x{306B}\x{540C}\x{5316}\x{3057}"
            text run at (1112,0) width 384: "\x{3066}\x{82E6}\x{3057}\x{3093}\x{3060}\x{308A}\x{3001}\x{6012}\x{3063}\x{305F}\x{308A}\x{3001}\x{9A12}\x{3044}\x{3060}\x{308A}\x{3001}\x{6CE3}\x{3044}\x{305F}\x{308A}\x{3059}\x{308B}\x{3002}"
          LayoutRuby (inline) {RUBY} at (0,0) size 17x32
            LayoutRubyRun (anonymous) at (1112,384) size 18x32
              LayoutRubyText {RT} at (-13,0) size 14x32
                LayoutText {#text} at (1,0) size 12x31
                  text run at (1,0) width 30: "\x{3068}\x{308A}\x{3048}"
              LayoutRubyBase (anonymous) at (0,0) size 18x32
                LayoutInline {RB} at (0,0) size 17x32
                  LayoutText {#text} at (0,0) size 17x32
                    text run at (0,0) width 32: "\x{53D6}\x{67C4}"
          LayoutText {#text} at (1112,416) size 17x64
            text run at (1112,416) width 64: "\x{306F}\x{5229}\x{617E}\x{304C}"
          LayoutRuby (inline) {RUBY} at (0,0) size 17x17
            LayoutRubyRun (anonymous) at (1112,479) size 18x18
              LayoutRubyText {RT} at (-13,0) size 14x18
                LayoutText {#text} at (1,0) size 12x18
                  text run at (1,0) width 18: "\x{307E}\x{3058}"
              LayoutRubyBase (anonymous) at (0,0) size 18x18
                LayoutInline {RB} at (0,0) size 17x16
                  LayoutText {#text} at (0,1) size 17x16
                    text run at (0,1) width 16: "\x{4EA4}"
          LayoutText {#text} at (1141,0) size 17x112
            text run at (1141,0) width 112: "\x{3089}\x{306C}\x{3068}\x{4E91}\x{3046}\x{70B9}\x{306B}"
          LayoutRuby (inline) {RUBY} at (0,0) size 17x16
            LayoutRubyRun (anonymous) at (1141,111) size 18x18
              LayoutRubyText {RT} at (-13,0) size 14x18
                LayoutText {#text} at (1,0) size 12x18
                  text run at (1,0) width 18: "\x{305D}\x{3093}"
              LayoutRubyBase (anonymous) at (0,0) size 18x18
                LayoutInline {RB} at (0,0) size 17x16
                  LayoutText {#text} at (0,1) size 17x16
                    text run at (0,1) width 16: "\x{5B58}"
          LayoutText {#text} at (1141,128) size 17x304
            text run at (1141,128) width 304: "\x{3059}\x{308B}\x{304B}\x{3082}\x{77E5}\x{308C}\x{306C}\x{304C}\x{3001}\x{4EA4}\x{3089}\x{306C}\x{3060}\x{3051}\x{306B}\x{305D}\x{306E}\x{4ED6}\x{306E}"
          LayoutRuby (inline) {RUBY} at (0,0) size 17x39
            LayoutRubyRun (anonymous) at (1141,429) size 18x45
              LayoutRubyText {RT} at (-13,0) size 14x45
                LayoutText {#text} at (1,0) size 12x45
                  text run at (1,0) width 45: "\x{3058}\x{3087}\x{3046}\x{3057}\x{3087}"
              LayoutRubyBase (anonymous) at (0,0) size 18x45
                LayoutInline {RB} at (0,0) size 17x39
                  LayoutText {#text} at (0,3) size 17x39
                    text run at (0,3) width 38: "\x{60C5}\x{7DD2}"
          LayoutText {#text} at (1141,471) size 46x503
            text run at (1141,471) width 32: "\x{306F}\x{5E38}"
            text run at (1170,0) width 272: "\x{3088}\x{308A}\x{306F}\x{4F59}\x{8A08}\x{306B}\x{6D3B}\x{52D5}\x{3059}\x{308B}\x{3060}\x{308D}\x{3046}\x{3002}\x{305D}\x{308C}\x{304C}"
          LayoutRuby (inline) {RUBY} at (0,0) size 17x16
            LayoutRubyRun (anonymous) at (1170,271) size 18x18
              LayoutRubyText {RT} at (-13,0) size 14x18
                LayoutText {#text} at (1,0) size 12x18
                  text run at (1,0) width 18: "\x{3044}\x{3084}"
              LayoutRubyBase (anonymous) at (0,0) size 18x18
                LayoutInline {RB} at (0,0) size 17x16
                  LayoutText {#text} at (0,1) size 17x16
                    text run at (0,1) width 16: "\x{5ACC}"
          LayoutText {#text} at (1170,288) size 17x32
            text run at (1170,288) width 32: "\x{3060}\x{3002}"
          LayoutBR {BR} at (1170,320) size 17x0
          LayoutText {#text} at (1194,0) size 46x481
            text run at (1194,0) width 481: "\x{3000}\x{82E6}\x{3057}\x{3093}\x{3060}\x{308A}\x{3001}\x{6012}\x{3063}\x{305F}\x{308A}\x{3001}\x{9A12}\x{3044}\x{3060}\x{308A}\x{3001}\x{6CE3}\x{3044}\x{305F}\x{308A}\x{306F}\x{4EBA}\x{306E}\x{4E16}\x{306B}\x{3064}\x{304D}\x{3082}\x{306E}"
            text run at (1223,0) width 192: "\x{3060}\x{3002}\x{4F59}\x{3082}\x{4E09}\x{5341}\x{5E74}\x{306E}\x{9593}\x{305D}\x{308C}\x{3092}"
          LayoutRuby (inline) {RUBY} at (0,0) size 17x32
            LayoutRubyRun (anonymous) at (1223,192) size 18x32
              LayoutRubyText {RT} at (-13,0) size 14x32
                LayoutText {#text} at (1,0) size 12x31
                  text run at (1,0) width 30: "\x{3057}\x{3068}\x{304A}"
              LayoutRubyBase (anonymous) at (0,0) size 18x32
                LayoutInline {RB} at (0,0) size 17x32
                  LayoutText {#text} at (0,0) size 17x32
                    text run at (0,0) width 32: "\x{4ED5}\x{901A}"
          LayoutText {#text} at (1223,224) size 17x48
            text run at (1223,224) width 48: "\x{3057}\x{3066}\x{3001}"
          LayoutRuby (inline) {RUBY} at (0,0) size 17x34
            LayoutRubyRun (anonymous) at (1223,271) size 18x36
              LayoutRubyText {RT} at (-13,0) size 14x36
                LayoutText {#text} at (1,0) size 12x36
                  text run at (1,0) width 36: "\x{3042}\x{304D}\x{3042}\x{304D}"
              LayoutRubyBase (anonymous) at (0,0) size 18x36
                LayoutInline {RB} at (0,0) size 17x34
                  LayoutText {#text} at (0,1) size 17x34
                    text run at (0,1) width 34: "\x{98FD}\x{3005}"
          LayoutText {#text} at (1223,306) size 17x48
            text run at (1223,306) width 48: "\x{3057}\x{305F}\x{3002}"
          LayoutRuby (inline) {RUBY} at (0,0) size 17x16
            LayoutRubyRun (anonymous) at (1223,354) size 18x16
              LayoutRubyText {RT} at (-13,0) size 14x16
                LayoutText {#text} at (1,3) size 12x10
                  text run at (1,3) width 9: "\x{3042}"
              LayoutRubyBase (anonymous) at (0,0) size 18x16
                LayoutInline {RB} at (0,0) size 17x16
                  LayoutText {#text} at (0,0) size 17x16
                    text run at (0,0) width 16: "\x{98FD}"
          LayoutText {#text} at (1223,370) size 70x498
            text run at (1223,370) width 128: "\x{304D}\x{98FD}\x{304D}\x{3057}\x{305F}\x{4E0A}\x{306B}\x{829D}"
            text run at (1247,0) width 496: "\x{5C45}\x{3084}\x{5C0F}\x{8AAC}\x{3067}\x{540C}\x{3058}\x{523A}\x{6FC0}\x{3092}\x{7E70}\x{308A}\x{8FD4}\x{3057}\x{3066}\x{306F}\x{5927}\x{5909}\x{3060}\x{3002}\x{4F59}\x{304C}\x{6B32}\x{3059}\x{308B}\x{8A69}\x{306F}\x{305D}\x{3093}\x{306A}\x{4E16}"
            text run at (1276,0) width 96: "\x{9593}\x{7684}\x{306E}\x{4EBA}\x{60C5}\x{3092}"
          LayoutRuby (inline) {RUBY} at (0,0) size 17x32
            LayoutRubyRun (anonymous) at (1276,96) size 18x32
              LayoutRubyText {RT} at (-13,0) size 14x32
                LayoutText {#text} at (1,3) size 12x26
                  text run at (1,3) width 25: "\x{3053}\x{3076}"
              LayoutRubyBase (anonymous) at (0,0) size 18x32
                LayoutInline {RB} at (0,0) size 17x32
                  LayoutText {#text} at (0,0) size 17x32
                    text run at (0,0) width 32: "\x{9F13}\x{821E}"
          LayoutText {#text} at (1276,128) size 46x496
            text run at (1276,128) width 368: "\x{3059}\x{308B}\x{3088}\x{3046}\x{306A}\x{3082}\x{306E}\x{3067}\x{306F}\x{306A}\x{3044}\x{3002}\x{4FD7}\x{5FF5}\x{3092}\x{653E}\x{68C4}\x{3057}\x{3066}\x{3001}\x{3057}\x{3070}\x{3089}"
            text run at (1305,0) width 48: "\x{304F}\x{3067}\x{3082}"
          LayoutRuby (inline) {RUBY} at (0,0) size 17x34
            LayoutRubyRun (anonymous) at (1305,47) size 18x36
              LayoutRubyText {RT} at (-13,0) size 14x36
                LayoutText {#text} at (1,0) size 12x36
                  text run at (1,0) width 36: "\x{3058}\x{3093}\x{304B}\x{3044}"
              LayoutRubyBase (anonymous) at (0,0) size 18x36
                LayoutInline {RB} at (0,0) size 17x34
                  LayoutText {#text} at (0,1) size 17x34
                    text run at (0,1) width 34: "\x{5875}\x{754C}"
          LayoutText {#text} at (1305,82) size 94x498
            text run at (1305,82) width 416: "\x{3092}\x{96E2}\x{308C}\x{305F}\x{5FC3}\x{6301}\x{3061}\x{306B}\x{306A}\x{308C}\x{308B}\x{8A69}\x{3067}\x{3042}\x{308B}\x{3002}\x{3044}\x{304F}\x{3089}\x{5091}\x{4F5C}\x{3067}\x{3082}\x{4EBA}\x{60C5}\x{3092}"
            text run at (1329,0) width 496: "\x{96E2}\x{308C}\x{305F}\x{829D}\x{5C45}\x{306F}\x{306A}\x{3044}\x{3001}\x{7406}\x{975E}\x{3092}\x{7D76}\x{3057}\x{305F}\x{5C0F}\x{8AAC}\x{306F}\x{5C11}\x{304B}\x{308D}\x{3046}\x{3002}\x{3069}\x{3053}\x{307E}\x{3067}\x{3082}\x{4E16}\x{9593}\x{3092}"
            text run at (1353,0) width 496: "\x{51FA}\x{308B}\x{4E8B}\x{304C}\x{51FA}\x{6765}\x{306C}\x{306E}\x{304C}\x{5F7C}\x{3089}\x{306E}\x{7279}\x{8272}\x{3067}\x{3042}\x{308B}\x{3002}\x{3053}\x{3068}\x{306B}\x{897F}\x{6D0B}\x{306E}\x{8A69}\x{306B}\x{306A}\x{308B}\x{3068}\x{3001}\x{4EBA}"
            text run at (1382,0) width 208: "\x{4E8B}\x{304C}\x{6839}\x{672C}\x{306B}\x{306A}\x{308B}\x{304B}\x{3089}\x{3044}\x{308F}\x{3086}\x{308B}"
          LayoutRuby (inline) {RUBY} at (0,0) size 17x32
            LayoutRubyRun (anonymous) at (1382,208) size 18x32
              LayoutRubyText {RT} at (-13,0) size 14x32
                LayoutText {#text} at (1,0) size 12x31
                  text run at (1,0) width 30: "\x{3057}\x{3044}\x{304B}"
              LayoutRubyBase (anonymous) at (0,0) size 18x32
                LayoutInline {RB} at (0,0) size 17x32
                  LayoutText {#text} at (0,0) size 17x32
                    text run at (0,0) width 32: "\x{8A69}\x{6B4C}"
          LayoutText {#text} at (1382,240) size 17x160
            text run at (1382,240) width 160: "\x{306E}\x{7D14}\x{7C8B}\x{306A}\x{308B}\x{3082}\x{306E}\x{3082}\x{3053}\x{306E}"
          LayoutRuby (inline) {RUBY} at (0,0) size 17x19
            LayoutRubyRun (anonymous) at (1382,396) size 18x27
              LayoutRubyText {RT} at (-13,0) size 14x27
                LayoutText {#text} at (1,0) size 12x27
                  text run at (1,0) width 27: "\x{304D}\x{3087}\x{3046}"
              LayoutRubyBase (anonymous) at (0,0) size 18x27
                LayoutInline {RB} at (0,0) size 17x17
                  LayoutText {#text} at (0,5) size 17x17
                    text run at (0,5) width 16: "\x{5883}"
          LayoutText {#text} at (1382,419) size 17x16
            text run at (1382,419) width 16: "\x{3092}"
          LayoutRuby (inline) {RUBY} at (0,0) size 17x32
            LayoutRubyRun (anonymous) at (1382,435) size 18x32
              LayoutRubyText {RT} at (-13,0) size 14x32
                LayoutText {#text} at (1,0) size 12x31
                  text run at (1,0) width 30: "\x{3052}\x{3060}\x{3064}"
              LayoutRubyBase (anonymous) at (0,0) size 18x32
                LayoutInline {RB} at (0,0) size 17x32
                  LayoutText {#text} at (0,0) size 17x32
                    text run at (0,0) width 32: "\x{89E3}\x{8131}"
          LayoutText {#text} at (1382,467) size 70x499
            text run at (1382,467) width 32: "\x{3059}\x{308B}"
            text run at (1406,0) width 496: "\x{4E8B}\x{3092}\x{77E5}\x{3089}\x{306C}\x{3002}\x{3069}\x{3053}\x{307E}\x{3067}\x{3082}\x{540C}\x{60C5}\x{3060}\x{3068}\x{304B}\x{3001}\x{611B}\x{3060}\x{3068}\x{304B}\x{3001}\x{6B63}\x{7FA9}\x{3060}\x{3068}\x{304B}\x{3001}\x{81EA}\x{7531}\x{3060}"
            text run at (1435,0) width 48: "\x{3068}\x{304B}\x{3001}"
          LayoutRuby (inline) {RUBY} at (0,0) size 17x32
            LayoutRubyRun (anonymous) at (1435,48) size 18x32
              LayoutRubyText {RT} at (-13,0) size 14x32
                LayoutText {#text} at (1,0) size 12x31
                  text run at (1,0) width 30: "\x{3046}\x{304D}\x{3088}"
              LayoutRubyBase (anonymous) at (0,0) size 18x32
                LayoutInline {RB} at (0,0) size 17x32
                  LayoutText {#text} at (0,0) size 17x32
                    text run at (0,0) width 32: "\x{6D6E}\x{4E16}"
          LayoutText {#text} at (1435,80) size 17x16
            text run at (1435,80) width 16: "\x{306E}"
          LayoutRuby (inline) {RUBY} at (0,0) size 17x48
            LayoutRubyRun (anonymous) at (1435,96) size 18x48
              LayoutRubyText {RT} at (-13,0) size 14x48
                LayoutText {#text} at (1,0) size 12x48
                  text run at (1,0) width 47: "\x{304B}\x{3093}\x{3053}\x{3046}\x{3070}"
              LayoutRubyBase (anonymous) at (0,0) size 18x48
                LayoutInline {RB} at (0,0) size 17x48
                  LayoutText {#text} at (0,0) size 17x48
                    text run at (0,0) width 48: "\x{52E7}\x{5DE5}\x{5834}"
          LayoutText {#text} at (1435,144) size 17x160
            text run at (1435,144) width 160: "\x{306B}\x{3042}\x{308B}\x{3082}\x{306E}\x{3060}\x{3051}\x{3067}\x{7528}\x{3092}"
          LayoutRuby (inline) {RUBY} at (0,0) size 17x16
            LayoutRubyRun (anonymous) at (1435,303) size 18x18
              LayoutRubyText {RT} at (-13,0) size 14x18
                LayoutText {#text} at (1,0) size 12x18
                  text run at (1,0) width 18: "\x{3079}\x{3093}"
              LayoutRubyBase (anonymous) at (0,0) size 18x18
                LayoutInline {RB} at (0,0) size 17x16
                  LayoutText {#text} at (0,1) size 17x16
                    text run at (0,1) width 16: "\x{5F01}"
          LayoutText {#text} at (1435,320) size 46x496
            text run at (1435,320) width 176: "\x{3058}\x{3066}\x{3044}\x{308B}\x{3002}\x{3044}\x{304F}\x{3089}\x{8A69}\x{7684}\x{306B}"
            text run at (1464,0) width 144: "\x{306A}\x{3063}\x{3066}\x{3082}\x{5730}\x{9762}\x{306E}\x{4E0A}\x{3092}"
          LayoutRuby (inline) {RUBY} at (0,0) size 17x16
            LayoutRubyRun (anonymous) at (1464,144) size 18x16
              LayoutRubyText {RT} at (-13,0) size 14x16
                LayoutText {#text} at (1,3) size 12x10
                  text run at (1,3) width 9: "\x{304B}"
              LayoutRubyBase (anonymous) at (0,0) size 18x16
                LayoutInline {RB} at (0,0) size 17x16
                  LayoutText {#text} at (0,0) size 17x16
                    text run at (0,0) width 16: "\x{99B3}"
          LayoutText {#text} at (1464,160) size 17x112
            text run at (1464,160) width 112: "\x{3051}\x{3066}\x{3042}\x{308B}\x{3044}\x{3066}\x{3001}"
          LayoutRuby (inline) {RUBY} at (0,0) size 17x16
            LayoutRubyRun (anonymous) at (1464,271) size 18x18
              LayoutRubyText {RT} at (-13,0) size 14x18
                LayoutText {#text} at (1,0) size 12x18
                  text run at (1,0) width 18: "\x{305C}\x{306B}"
              LayoutRubyBase (anonymous) at (0,0) size 18x18
                LayoutInline {RB} at (0,0) size 17x16
                  LayoutText {#text} at (0,1) size 17x16
                    text run at (0,1) width 16: "\x{92AD}"
          LayoutText {#text} at (1464,288) size 46x496
            text run at (1464,288) width 208: "\x{306E}\x{52D8}\x{5B9A}\x{3092}\x{5FD8}\x{308C}\x{308B}\x{3072}\x{307E}\x{304C}\x{306A}\x{3044}\x{3002}"
            text run at (1493,0) width 80: "\x{30B7}\x{30A7}\x{30EC}\x{30FC}\x{304C}"
          LayoutRuby (inline) {RUBY} at (0,0) size 17x32
            LayoutRubyRun (anonymous) at (1493,80) size 18x32
              LayoutRubyText {RT} at (-13,0) size 14x32
                LayoutText {#text} at (1,0) size 12x31
                  text run at (1,0) width 30: "\x{3072}\x{3070}\x{308A}"
              LayoutRubyBase (anonymous) at (0,0) size 18x32
                LayoutInline {RB} at (0,0) size 17x32
                  LayoutText {#text} at (0,0) size 17x32
                    text run at (0,0) width 32: "\x{96F2}\x{96C0}"
          LayoutText {#text} at (1493,112) size 17x256
            text run at (1493,112) width 256: "\x{3092}\x{805E}\x{3044}\x{3066}\x{5606}\x{606F}\x{3057}\x{305F}\x{306E}\x{3082}\x{7121}\x{7406}\x{306F}\x{306A}\x{3044}\x{3002}"
          LayoutBR {BR} at (1493,368) size 17x0
          LayoutText {#text} at (1522,0) size 17x161
            text run at (1522,0) width 161: "\x{3000}\x{3046}\x{308C}\x{3057}\x{3044}\x{4E8B}\x{306B}\x{6771}\x{6D0B}\x{306E}"
          LayoutRuby (inline) {RUBY} at (0,0) size 17x32
            LayoutRubyRun (anonymous) at (1522,161) size 18x32
              LayoutRubyText {RT} at (-13,0) size 14x32
                LayoutText {#text} at (1,0) size 12x31
                  text run at (1,0) width 30: "\x{3057}\x{3044}\x{304B}"
              LayoutRubyBase (anonymous) at (0,0) size 18x32
                LayoutInline {RB} at (0,0) size 17x32
                  LayoutText {#text} at (0,0) size 17x32
                    text run at (0,0) width 32: "\x{8A69}\x{6B4C}"
          LayoutText {#text} at (1522,193) size 17x64
            text run at (1522,193) width 64: "\x{306F}\x{305D}\x{3053}\x{3092}"
          LayoutRuby (inline) {RUBY} at (0,0) size 17x32
            LayoutRubyRun (anonymous) at (1522,257) size 18x32
              LayoutRubyText {RT} at (-13,0) size 14x32
                LayoutText {#text} at (1,0) size 12x31
                  text run at (1,0) width 30: "\x{3052}\x{3060}\x{3064}"
              LayoutRubyBase (anonymous) at (0,0) size 18x32
                LayoutInline {RB} at (0,0) size 17x32
                  LayoutText {#text} at (0,0) size 17x32
                    text run at (0,0) width 32: "\x{89E3}\x{8131}"
          LayoutText {#text} at (1522,289) size 17x112
            text run at (1522,289) width 112: "\x{3057}\x{305F}\x{306E}\x{304C}\x{3042}\x{308B}\x{3002}"
          LayoutRuby (inline) {RUBY} at (0,0) size 17x42
            LayoutRubyRun (anonymous) at (1522,398) size 18x45
              LayoutRubyText {RT} at (-13,0) size 14x45
                LayoutText {#text} at (1,0) size 12x45
                  text run at (1,0) width 45: "\x{304D}\x{304F}\x{3092}\x{3068}\x{308B}"
              LayoutRubyBase (anonymous) at (0,0) size 18x45
                LayoutInline {RB} at (0,0) size 17x39
                  LayoutText {#text} at (0,3) size 17x39
                    text run at (0,3) width 38: "\x{63A1}\x{83CA}"
          LayoutRuby (inline) {RUBY} at (0,0) size 17x53
            LayoutRubyRun (anonymous) at (1551,0) size 18x54
              LayoutRubyText {RT} at (-13,0) size 14x54
                LayoutText {#text} at (1,0) size 12x54
                  text run at (1,0) width 54: "\x{3068}\x{3046}\x{308A}\x{306E}\x{3082}\x{3068}"
              LayoutRubyBase (anonymous) at (0,0) size 18x54
                LayoutInline {RB} at (0,0) size 17x52
                  LayoutText {#text} at (0,1) size 17x52
                    text run at (0,1) width 52: "\x{6771}\x{7C6C}\x{4E0B}"
          LayoutText {#text} at (1551,53) size 17x16
            text run at (1551,53) width 16: "\x{3001}"
          LayoutRuby (inline) {RUBY} at (0,0) size 17x59
            LayoutRubyRun (anonymous) at (1551,65) size 18x63
              LayoutRubyText {RT} at (-13,0) size 14x63
                LayoutText {#text} at (1,0) size 12x63
                  text run at (1,0) width 63: "\x{3086}\x{3046}\x{305C}\x{3093}\x{3068}\x{3057}\x{3066}"
              LayoutRubyBase (anonymous) at (0,0) size 18x63
                LayoutInline {RB} at (0,0) size 17x48
                  LayoutText {#text} at (0,7) size 17x48
                    text run at (0,7) width 47: "\x{60A0}\x{7136}"
          LayoutRuby (inline) {RUBY} at (0,0) size 17x61
            LayoutRubyRun (anonymous) at (1551,128) size 18x63
              LayoutRubyText {RT} at (-13,0) size 14x63
                LayoutText {#text} at (1,0) size 12x63
                  text run at (1,0) width 63: "\x{306A}\x{3093}\x{3056}\x{3093}\x{3092}\x{307F}\x{308B}"
              LayoutRubyBase (anonymous) at (0,0) size 18x63
                LayoutInline {RB} at (0,0) size 17x59
                  LayoutText {#text} at (0,2) size 17x59
                    text run at (0,2) width 58: "\x{898B}\x{5357}\x{5C71}"
          LayoutText {#text} at (1551,189) size 17x128
            text run at (1551,189) width 128: "\x{3002}\x{305F}\x{3060}\x{305D}\x{308C}\x{304E}\x{308A}\x{306E}"
          LayoutRuby (inline) {RUBY} at (0,0) size 17x16
            LayoutRubyRun (anonymous) at (1551,316) size 18x18
              LayoutRubyText {RT} at (-13,0) size 14x18
                LayoutText {#text} at (1,0) size 12x18
                  text run at (1,0) width 18: "\x{3046}\x{3061}"
              LayoutRubyBase (anonymous) at (0,0) size 18x18
                LayoutInline {RB} at (0,0) size 17x16
                  LayoutText {#text} at (0,1) size 17x16
                    text run at (0,1) width 16: "\x{88CF}"
          LayoutText {#text} at (1551,333) size 46x493
            text run at (1551,333) width 160: "\x{306B}\x{6691}\x{82E6}\x{3057}\x{3044}\x{4E16}\x{306E}\x{4E2D}\x{3092}\x{307E}"
            text run at (1580,0) width 368: "\x{308B}\x{3067}\x{5FD8}\x{308C}\x{305F}\x{5149}\x{666F}\x{304C}\x{51FA}\x{3066}\x{304F}\x{308B}\x{3002}\x{57A3}\x{306E}\x{5411}\x{3046}\x{306B}\x{96A3}\x{308A}\x{306E}\x{5A18}\x{304C}"
          LayoutRuby (inline) {RUBY} at (0,0) size 17x16
            LayoutRubyRun (anonymous) at (1580,367) size 18x18
              LayoutRubyText {RT} at (-13,0) size 14x18
                LayoutText {#text} at (1,0) size 12x18
                  text run at (1,0) width 18: "\x{306E}\x{305E}"
              LayoutRubyBase (anonymous) at (0,0) size 18x18
                LayoutInline {RB} at (0,0) size 17x16
                  LayoutText {#text} at (0,1) size 17x16
                    text run at (0,1) width 16: "\x{8997}"
          LayoutText {#text} at (1580,384) size 46x496
            text run at (1580,384) width 112: "\x{3044}\x{3066}\x{308B}\x{8A33}\x{3067}\x{3082}\x{306A}"
            text run at (1609,0) width 64: "\x{3051}\x{308C}\x{3070}\x{3001}"
          LayoutRuby (inline) {RUBY} at (0,0) size 17x34
            LayoutRubyRun (anonymous) at (1609,63) size 18x36
              LayoutRubyText {RT} at (-13,0) size 14x36
                LayoutText {#text} at (1,0) size 12x36
                  text run at (1,0) width 36: "\x{306A}\x{3093}\x{3056}\x{3093}"
              LayoutRubyBase (anonymous) at (0,0) size 18x36
                LayoutInline {RB} at (0,0) size 17x34
                  LayoutText {#text} at (0,1) size 17x34
                    text run at (0,1) width 34: "\x{5357}\x{5C71}"
          LayoutText {#text} at (1609,98) size 17x320
            text run at (1609,98) width 320: "\x{306B}\x{89AA}\x{53CB}\x{304C}\x{5949}\x{8077}\x{3057}\x{3066}\x{3044}\x{308B}\x{6B21}\x{7B2C}\x{3067}\x{3082}\x{306A}\x{3044}\x{3002}\x{8D85}\x{7136}\x{3068}"
          LayoutRuby (inline) {RUBY} at (0,0) size 17x70
            LayoutRubyRun (anonymous) at (1609,417) size 18x72
              LayoutRubyText {RT} at (-13,0) size 14x72
                LayoutText {#text} at (1,0) size 12x72
                  text run at (1,0) width 72: "\x{3057}\x{3085}\x{3063}\x{305B}\x{3051}\x{3093}\x{3066}\x{304D}"
              LayoutRubyBase (anonymous) at (0,0) size 18x72
                LayoutInline {RB} at (0,0) size 17x70
                  LayoutText {#text} at (0,1) size 17x70
                    text run at (0,1) width 70: "\x{51FA}\x{4E16}\x{9593}\x{7684}"
          LayoutText {#text} at (1609,488) size 46x504
            text run at (1609,488) width 16: "\x{306B}"
            text run at (1638,0) width 320: "\x{5229}\x{5BB3}\x{640D}\x{5F97}\x{306E}\x{6C57}\x{3092}\x{6D41}\x{3057}\x{53BB}\x{3063}\x{305F}\x{5FC3}\x{6301}\x{3061}\x{306B}\x{306A}\x{308C}\x{308B}\x{3002}"
          LayoutRuby (inline) {RUBY} at (0,0) size 17x23
            LayoutRubyRun (anonymous) at (1638,316) size 18x27
              LayoutRubyText {RT} at (-13,0) size 14x27
                LayoutText {#text} at (1,0) size 12x27
                  text run at (1,0) width 27: "\x{3072}\x{3068}\x{308A}"
              LayoutRubyBase (anonymous) at (0,0) size 18x27
                LayoutInline {RB} at (0,0) size 17x17
                  LayoutText {#text} at (0,5) size 17x17
                    text run at (0,5) width 16: "\x{72EC}"
          LayoutRuby (inline) {RUBY} at (0,0) size 17x87
            LayoutRubyRun (anonymous) at (1638,343) size 18x90
              LayoutRubyText {RT} at (-13,0) size 14x90
                LayoutText {#text} at (1,0) size 12x90
                  text run at (1,0) width 90: "\x{3086}\x{3046}\x{3053}\x{3046}\x{306E}\x{3046}\x{3061}\x{306B}\x{3056}\x{3057}"
              LayoutRubyBase (anonymous) at (0,0) size 18x90
                LayoutInline {RB} at (0,0) size 17x84
                  LayoutText {#text} at (0,3) size 17x84
                    text run at (0,3) width 83: "\x{5750}\x{5E7D}\x{7BC1}\x{88CF}"
          LayoutText {#text} at (1638,430) size 17x16
            text run at (1638,430) width 16: "\x{3001}"
          LayoutRuby (inline) {RUBY} at (0,0) size 17x63
            LayoutRubyRun (anonymous) at (1667,0) size 18x63
              LayoutRubyText {RT} at (-13,0) size 14x63
                LayoutText {#text} at (1,0) size 12x63
                  text run at (1,0) width 63: "\x{304D}\x{3093}\x{3092}\x{3060}\x{3093}\x{3058}\x{3066}"
              LayoutRubyBase (anonymous) at (0,0) size 18x63
                LayoutInline {RB} at (0,0) size 17x48
                  LayoutText {#text} at (0,7) size 17x48
                    text run at (0,7) width 47: "\x{5F3E}\x{7434}"
          LayoutRuby (inline) {RUBY} at (0,0) size 17x77
            LayoutRubyRun (anonymous) at (1667,63) size 18x81
              LayoutRubyText {RT} at (-13,0) size 14x81
                LayoutText {#text} at (1,0) size 12x81
                  text run at (1,0) width 81: "\x{307E}\x{305F}\x{3061}\x{3087}\x{3046}\x{3057}\x{3087}\x{3046}\x{3059}"
              LayoutRubyBase (anonymous) at (0,0) size 18x81
                LayoutInline {RB} at (0,0) size 17x71
                  LayoutText {#text} at (0,5) size 17x71
                    text run at (0,5) width 70: "\x{5FA9}\x{9577}\x{562F}"
          LayoutText {#text} at (1667,140) size 17x16
            text run at (1667,140) width 16: "\x{3001}"
          LayoutRuby (inline) {RUBY} at (0,0) size 17x35
            LayoutRubyRun (anonymous) at (1667,155) size 18x36
              LayoutRubyText {RT} at (-13,0) size 14x36
                LayoutText {#text} at (1,0) size 12x36
                  text run at (1,0) width 36: "\x{3057}\x{3093}\x{308A}\x{3093}"
              LayoutRubyBase (anonymous) at (0,0) size 18x36
                LayoutInline {RB} at (0,0) size 17x34
                  LayoutText {#text} at (0,1) size 17x34
                    text run at (0,1) width 34: "\x{6DF1}\x{6797}"
          LayoutRuby (inline) {RUBY} at (0,0) size 17x48
            LayoutRubyRun (anonymous) at (1667,191) size 18x48
              LayoutRubyText {RT} at (-13,0) size 14x48
                LayoutText {#text} at (1,0) size 12x48
                  text run at (1,0) width 47: "\x{3072}\x{3068}\x{3057}\x{3089}\x{305A}"
              LayoutRubyBase (anonymous) at (0,0) size 18x48
                LayoutInline {RB} at (0,0) size 17x48
                  LayoutText {#text} at (0,0) size 17x48
                    text run at (0,0) width 48: "\x{4EBA}\x{4E0D}\x{77E5}"
          LayoutText {#text} at (1667,239) size 17x16
            text run at (1667,239) width 16: "\x{3001}"
          LayoutRuby (inline) {RUBY} at (0,0) size 17x68
            LayoutRubyRun (anonymous) at (1667,251) size 18x72
              LayoutRubyText {RT} at (-13,0) size 14x72
                LayoutText {#text} at (1,0) size 12x72
                  text run at (1,0) width 72: "\x{3081}\x{3044}\x{3052}\x{3064}\x{304D}\x{305F}\x{308A}\x{3066}"
              LayoutRubyBase (anonymous) at (0,0) size 18x72
                LayoutInline {RB} at (0,0) size 17x64
                  LayoutText {#text} at (0,4) size 17x64
                    text run at (0,4) width 64: "\x{660E}\x{6708}\x{6765}"
          LayoutRuby (inline) {RUBY} at (0,0) size 17x42
            LayoutRubyRun (anonymous) at (1667,323) size 18x45
              LayoutRubyText {RT} at (-13,0) size 14x45
                LayoutText {#text} at (1,0) size 12x45
                  text run at (1,0) width 45: "\x{3042}\x{3044}\x{3066}\x{3089}\x{3059}"
              LayoutRubyBase (anonymous) at (0,0) size 18x45
                LayoutInline {RB} at (0,0) size 17x39
                  LayoutText {#text} at (0,3) size 17x39
                    text run at (0,3) width 38: "\x{76F8}\x{7167}"
          LayoutText {#text} at (1667,365) size 46x493
            text run at (1667,365) width 128: "\x{3002}\x{305F}\x{3060}\x{4E8C}\x{5341}\x{5B57}\x{306E}\x{3046}"
            text run at (1696,0) width 32: "\x{3061}\x{306B}"
          LayoutRuby (inline) {RUBY} at (0,0) size 17x16
            LayoutRubyRun (anonymous) at (1696,31) size 18x18
              LayoutRubyText {RT} at (-13,0) size 14x18
                LayoutText {#text} at (1,0) size 12x18
                  text run at (1,0) width 18: "\x{3086}\x{3046}"
              LayoutRubyBase (anonymous) at (0,0) size 18x18
                LayoutInline {RB} at (0,0) size 17x16
                  LayoutText {#text} at (0,1) size 17x16
                    text run at (0,1) width 16: "\x{512A}"
          LayoutText {#text} at (1696,48) size 17x16
            text run at (1696,48) width 16: "\x{306B}"
          LayoutRuby (inline) {RUBY} at (0,0) size 17x52
            LayoutRubyRun (anonymous) at (1696,63) size 18x54
              LayoutRubyText {RT} at (-13,0) size 14x54
                LayoutText {#text} at (1,0) size 12x54
                  text run at (1,0) width 54: "\x{3079}\x{3064}\x{3051}\x{3093}\x{3053}\x{3093}"
              LayoutRubyBase (anonymous) at (0,0) size 18x54
                LayoutInline {RB} at (0,0) size 17x52
                  LayoutText {#text} at (0,1) size 17x52
                    text run at (0,1) width 52: "\x{5225}\x{4E7E}\x{5764}"
          LayoutText {#text} at (1696,116) size 17x16
            text run at (1696,116) width 16: "\x{3092}"
          LayoutRuby (inline) {RUBY} at (0,0) size 17x39
            LayoutRubyRun (anonymous) at (1696,129) size 18x45
              LayoutRubyText {RT} at (-13,0) size 14x45
                LayoutText {#text} at (1,0) size 12x45
                  text run at (1,0) width 45: "\x{3053}\x{3093}\x{308A}\x{3085}\x{3046}"
              LayoutRubyBase (anonymous) at (0,0) size 18x45
                LayoutInline {RB} at (0,0) size 17x39
                  LayoutText {#text} at (0,3) size 17x39
                    text run at (0,3) width 38: "\x{5EFA}\x{7ACB}"
          LayoutText {#text} at (1696,171) size 17x160
            text run at (1696,171) width 160: "\x{3057}\x{3066}\x{3044}\x{308B}\x{3002}\x{3053}\x{306E}\x{4E7E}\x{5764}\x{306E}"
          LayoutRuby (inline) {RUBY} at (0,0) size 17x32
            LayoutRubyRun (anonymous) at (1696,331) size 18x32
              LayoutRubyText {RT} at (-13,0) size 14x32
                LayoutText {#text} at (1,0) size 12x31
                  text run at (1,0) width 30: "\x{304F}\x{3069}\x{304F}"
              LayoutRubyBase (anonymous) at (0,0) size 18x32
                LayoutInline {RB} at (0,0) size 17x32
                  LayoutText {#text} at (0,0) size 17x32
                    text run at (0,0) width 32: "\x{529F}\x{5FB3}"
          LayoutText {#text} at (1696,363) size 17x32
            text run at (1696,363) width 32: "\x{306F}\x{300C}"
          LayoutRuby (inline) {RUBY} at (0,0) size 17x48
            LayoutRubyRun (anonymous) at (1696,395) size 18x48
              LayoutRubyText {RT} at (-13,0) size 14x48
                LayoutText {#text} at (1,0) size 12x48
                  text run at (1,0) width 47: "\x{307B}\x{3068}\x{3068}\x{304E}\x{3059}"
              LayoutRubyBase (anonymous) at (0,0) size 18x48
                LayoutInline {RB} at (0,0) size 17x48
                  LayoutText {#text} at (0,0) size 17x48
                    text run at (0,0) width 48: "\x{4E0D}\x{5982}\x{5E30}"
          LayoutText {#text} at (1696,443) size 46x475
            text run at (1696,443) width 32: "\x{300D}\x{3084}"
            text run at (1725,0) width 16: "\x{300C}"
          LayoutRuby (inline) {RUBY} at (0,0) size 17x64
            LayoutRubyRun (anonymous) at (1725,16) size 18x64
              LayoutRubyText {RT} at (-13,0) size 14x64
                LayoutText {#text} at (1,0) size 12x64
                  text run at (1,0) width 63: "\x{3053}\x{3093}\x{3058}\x{304D}\x{3084}\x{3057}\x{3083}"
              LayoutRubyBase (anonymous) at (0,0) size 18x64
                LayoutInline {RB} at (0,0) size 17x64
                  LayoutText {#text} at (0,0) size 17x64
                    text run at (0,0) width 64: "\x{91D1}\x{8272}\x{591C}\x{53C9}"
          LayoutText {#text} at (1725,80) size 46x496
            text run at (1725,80) width 416: "\x{300D}\x{306E}\x{529F}\x{5FB3}\x{3067}\x{306F}\x{306A}\x{3044}\x{3002}\x{6C7D}\x{8239}\x{3001}\x{6C7D}\x{8ECA}\x{3001}\x{6A29}\x{5229}\x{3001}\x{7FA9}\x{52D9}\x{3001}\x{9053}\x{5FB3}\x{3001}\x{793C}\x{7FA9}"
            text run at (1754,0) width 96: "\x{3067}\x{75B2}\x{308C}\x{679C}\x{3066}\x{305F}"
          LayoutRuby (inline) {RUBY} at (0,0) size 17x16
            LayoutRubyRun (anonymous) at (1754,95) size 18x18
              LayoutRubyText {RT} at (-13,0) size 14x18
                LayoutText {#text} at (1,0) size 12x18
                  text run at (1,0) width 18: "\x{306E}\x{3061}"
              LayoutRubyBase (anonymous) at (0,0) size 18x18
                LayoutInline {RB} at (0,0) size 17x16
                  LayoutText {#text} at (0,1) size 17x16
                    text run at (0,1) width 16: "\x{5F8C}"
          LayoutText {#text} at (1754,112) size 41x496
            text run at (1754,112) width 384: "\x{306B}\x{3001}\x{3059}\x{3079}\x{3066}\x{3092}\x{5FD8}\x{5374}\x{3057}\x{3066}\x{3050}\x{3063}\x{3059}\x{308A}\x{5BDD}\x{8FBC}\x{3080}\x{3088}\x{3046}\x{306A}\x{529F}\x{5FB3}\x{3067}\x{3042}"
            text run at (1778,0) width 32: "\x{308B}\x{3002}"
          LayoutBR {BR} at (1778,32) size 17x0
