layer at (0,0) size 800x600 scrollX 3839.00 scrollWidth 4639
  LayoutView at (0,0) size 800x600
layer at (-3839,0) size 4639x600 backgroundClip at (0,0) size 800x600 clip at (0,0) size 800x600
  LayoutBlockFlow {HTML} at (0,0) size 4639.34x600
    LayoutBlockFlow {BODY} at (60,48) size 4519.34x504
      LayoutBlockFlow {H1} at (0,0) size 48x504
        LayoutText {#text} at (6,0) size 36x64
          text run at (6,0) width 64: "\x{8349}\x{6795}"
      LayoutBlockFlow {H2} at (69.44,0) size 36x504
        LayoutText {#text} at (5,0) size 26x96
          text run at (5,0) width 96: "\x{590F}\x{76EE}\x{6F31}\x{77F3}"
      LayoutBlockFlow {DIV} at (125.34,0) size 4394x504
        LayoutBlockFlow (anonymous) at (0,0) size 2431x504
          LayoutBR {BR} at (0,0) size 17x0
          LayoutBR {BR} at (18,0) size 17x0
          LayoutBR {BR} at (36,0) size 17x0
          LayoutText {#text} at (54,0) size 17x152
            text run at (54,0) width 152: "\x{3000}\x{3000}\x{3000}\x{3000}\x{3000}\x{3000}\x{3000}\x{3000}\x{4E00}"
          LayoutBR {BR} at (54,152) size 17x0
          LayoutBR {BR} at (72,0) size 17x0
          LayoutText {#text} at (101,0) size 17x17
            text run at (101,0) width 17: "\x{3000}"
          LayoutRuby (inline) {RUBY} at (0,0) size 17x34
            LayoutRubyRun (anonymous) at (101,16) size 18x36
              LayoutRubyText {RT} at (-14,0) size 16x36
                LayoutText {#text} at (2,0) size 12x36
                  text run at (2,0) width 36: "\x{3084}\x{307E}\x{307F}\x{3061}"
              LayoutRubyBase (anonymous) at (0,0) size 18x36
                LayoutInline {RB} at (0,0) size 17x34
                  LayoutText {#text} at (0,1) size 17x34
                    text run at (0,1) width 34: "\x{5C71}\x{8DEF}"
          LayoutText {#text} at (101,51) size 17x208
            text run at (101,51) width 208: "\x{3092}\x{767B}\x{308A}\x{306A}\x{304C}\x{3089}\x{3001}\x{3053}\x{3046}\x{8003}\x{3048}\x{305F}\x{3002}"
          LayoutBR {BR} at (101,259) size 17x0
          LayoutText {#text} at (130,0) size 17x17
            text run at (130,0) width 17: "\x{3000}"
          LayoutRuby (inline) {RUBY} at (0,0) size 17x16
            LayoutRubyRun (anonymous) at (130,17) size 18x16
              LayoutRubyText {RT} at (-14,0) size 16x16
                LayoutText {#text} at (2,3) size 12x10
                  text run at (2,3) width 9: "\x{3061}"
              LayoutRubyBase (anonymous) at (0,0) size 18x16
                LayoutInline {RB} at (0,0) size 17x16
                  LayoutText {#text} at (0,0) size 17x16
                    text run at (0,0) width 16: "\x{667A}"
          LayoutText {#text} at (130,33) size 17x64
            text run at (130,33) width 64: "\x{306B}\x{50CD}\x{3051}\x{3070}"
          LayoutRuby (inline) {RUBY} at (0,0) size 17x16
            LayoutRubyRun (anonymous) at (130,96) size 18x18
              LayoutRubyText {RT} at (-14,0) size 16x18
                LayoutText {#text} at (2,0) size 12x18
                  text run at (2,0) width 18: "\x{304B}\x{3069}"
              LayoutRubyBase (anonymous) at (0,0) size 18x18
                LayoutInline {RB} at (0,0) size 17x16
                  LayoutText {#text} at (0,1) size 17x16
                    text run at (0,1) width 16: "\x{89D2}"
          LayoutText {#text} at (130,113) size 17x64
            text run at (130,113) width 64: "\x{304C}\x{7ACB}\x{3064}\x{3002}"
          LayoutRuby (inline) {RUBY} at (0,0) size 17x19
            LayoutRubyRun (anonymous) at (130,173) size 18x27
              LayoutRubyText {RT} at (-14,0) size 16x27
                LayoutText {#text} at (2,0) size 12x27
                  text run at (2,0) width 27: "\x{3058}\x{3087}\x{3046}"
              LayoutRubyBase (anonymous) at (0,0) size 18x27
                LayoutInline {RB} at (0,0) size 17x17
                  LayoutText {#text} at (0,5) size 17x17
                    text run at (0,5) width 16: "\x{60C5}"
          LayoutText {#text} at (130,196) size 17x16
            text run at (130,196) width 16: "\x{306B}"
          LayoutRuby (inline) {RUBY} at (0,0) size 17x16
            LayoutRubyRun (anonymous) at (130,211) size 18x18
              LayoutRubyText {RT} at (-14,0) size 16x18
                LayoutText {#text} at (2,0) size 12x18
                  text run at (2,0) width 18: "\x{3055}\x{304A}"
              LayoutRubyBase (anonymous) at (0,0) size 18x18
                LayoutInline {RB} at (0,0) size 17x16
                  LayoutText {#text} at (0,1) size 17x16
                    text run at (0,1) width 16: "\x{68F9}"
          LayoutText {#text} at (130,228) size 17x176
            text run at (130,228) width 176: "\x{3055}\x{305B}\x{3070}\x{6D41}\x{3055}\x{308C}\x{308B}\x{3002}\x{610F}\x{5730}\x{3092}"
          LayoutRuby (inline) {RUBY} at (0,0) size 17x16
            LayoutRubyRun (anonymous) at (130,403) size 18x18
              LayoutRubyText {RT} at (-14,0) size 16x18
                LayoutText {#text} at (2,0) size 12x18
                  text run at (2,0) width 18: "\x{3068}\x{304A}"
              LayoutRubyBase (anonymous) at (0,0) size 18x18
                LayoutInline {RB} at (0,0) size 17x16
                  LayoutText {#text} at (0,1) size 17x16
                    text run at (0,1) width 16: "\x{901A}"
          LayoutText {#text} at (130,420) size 17x32
            text run at (130,420) width 32: "\x{305B}\x{3070}"
          LayoutRuby (inline) {RUBY} at (0,0) size 17x42
            LayoutRubyRun (anonymous) at (130,449) size 18x45
              LayoutRubyText {RT} at (-14,0) size 16x45
                LayoutText {#text} at (2,0) size 12x45
                  text run at (2,0) width 45: "\x{304D}\x{3085}\x{3046}\x{304F}\x{3064}"
              LayoutRubyBase (anonymous) at (0,0) size 18x45
                LayoutInline {RB} at (0,0) size 17x39
                  LayoutText {#text} at (0,3) size 17x39
                    text run at (0,3) width 38: "\x{7AAE}\x{5C48}"
          LayoutText {#text} at (158,0) size 17x256
            text run at (158,0) width 256: "\x{3060}\x{3002}\x{3068}\x{304B}\x{304F}\x{306B}\x{4EBA}\x{306E}\x{4E16}\x{306F}\x{4F4F}\x{307F}\x{306B}\x{304F}\x{3044}\x{3002}"
          LayoutBR {BR} at (158,256) size 17x0
          LayoutText {#text} at (187,0) size 17x113
            text run at (187,0) width 113: "\x{3000}\x{4F4F}\x{307F}\x{306B}\x{304F}\x{3055}\x{304C}"
          LayoutRuby (inline) {RUBY} at (0,0) size 17x16
            LayoutRubyRun (anonymous) at (187,112) size 18x18
              LayoutRubyText {RT} at (-14,0) size 16x18
                LayoutText {#text} at (2,0) size 12x18
                  text run at (2,0) width 18: "\x{3053}\x{3046}"
              LayoutRubyBase (anonymous) at (0,0) size 18x18
                LayoutInline {RB} at (0,0) size 17x16
                  LayoutText {#text} at (0,1) size 17x16
                    text run at (0,1) width 16: "\x{9AD8}"
          LayoutText {#text} at (187,129) size 46x497
            text run at (187,129) width 368: "\x{3058}\x{308B}\x{3068}\x{3001}\x{5B89}\x{3044}\x{6240}\x{3078}\x{5F15}\x{304D}\x{8D8A}\x{3057}\x{305F}\x{304F}\x{306A}\x{308B}\x{3002}\x{3069}\x{3053}\x{3078}\x{8D8A}\x{3057}\x{3066}"
            text run at (216,0) width 112: "\x{3082}\x{4F4F}\x{307F}\x{306B}\x{304F}\x{3044}\x{3068}"
          LayoutRuby (inline) {RUBY} at (0,0) size 17x16
            LayoutRubyRun (anonymous) at (216,111) size 18x18
              LayoutRubyText {RT} at (-14,0) size 16x18
                LayoutText {#text} at (2,0) size 12x18
                  text run at (2,0) width 18: "\x{3055}\x{3068}"
              LayoutRubyBase (anonymous) at (0,0) size 18x18
                LayoutInline {RB} at (0,0) size 17x16
                  LayoutText {#text} at (0,1) size 17x16
                    text run at (0,1) width 16: "\x{609F}"
          LayoutText {#text} at (216,128) size 17x160
            text run at (216,128) width 160: "\x{3063}\x{305F}\x{6642}\x{3001}\x{8A69}\x{304C}\x{751F}\x{308C}\x{3066}\x{3001}"
          LayoutRuby (inline) {RUBY} at (0,0) size 17x16
            LayoutRubyRun (anonymous) at (216,288) size 18x16
              LayoutRubyText {RT} at (-14,0) size 16x16
                LayoutText {#text} at (2,3) size 12x10
                  text run at (2,3) width 9: "\x{3048}"
              LayoutRubyBase (anonymous) at (0,0) size 18x16
                LayoutInline {RB} at (0,0) size 17x16
                  LayoutText {#text} at (0,0) size 17x16
                    text run at (0,0) width 16: "\x{753B}"
          LayoutText {#text} at (216,304) size 17x80
            text run at (216,304) width 80: "\x{304C}\x{51FA}\x{6765}\x{308B}\x{3002}"
          LayoutBR {BR} at (216,384) size 17x0
          LayoutText {#text} at (244,0) size 17x17
            text run at (244,0) width 17: "\x{3000}"
          LayoutInline {STRONG} at (0,0) size 17x48
            LayoutText {#text} at (244,17) size 17x48
              text run at (244,17) width 48: "\x{4EBA}\x{306E}\x{4E16}"
          LayoutText {#text} at (244,65) size 17x432
            text run at (244,65) width 432: "\x{3092}\x{4F5C}\x{3063}\x{305F}\x{3082}\x{306E}\x{306F}\x{795E}\x{3067}\x{3082}\x{306A}\x{3051}\x{308C}\x{3070}\x{9B3C}\x{3067}\x{3082}\x{306A}\x{3044}\x{3002}\x{3084}\x{306F}\x{308A}\x{5411}\x{3046}\x{4E09}\x{8ED2}"
          LayoutRuby (inline) {RUBY} at (0,0) size 17x42
            LayoutRubyRun (anonymous) at (273,0) size 18x45
              LayoutRubyText {RT} at (-14,0) size 16x45
                LayoutText {#text} at (2,0) size 12x45
                  text run at (2,0) width 45: "\x{308A}\x{3087}\x{3046}\x{3069}\x{306A}"
              LayoutRubyBase (anonymous) at (0,0) size 18x45
                LayoutInline {RB} at (0,0) size 17x39
                  LayoutText {#text} at (0,3) size 17x39
                    text run at (0,3) width 38: "\x{4E21}\x{96A3}"
          LayoutText {#text} at (273,42) size 17x384
            text run at (273,42) width 384: "\x{308A}\x{306B}\x{3061}\x{3089}\x{3061}\x{3089}\x{3059}\x{308B}\x{305F}\x{3060}\x{306E}\x{4EBA}\x{3067}\x{3042}\x{308B}\x{3002}\x{305F}\x{3060}\x{306E}\x{4EBA}\x{304C}\x{4F5C}\x{3063}\x{305F}"
          LayoutInline {STRONG} at (0,0) size 17x48
            LayoutText {#text} at (273,426) size 17x48
              text run at (273,426) width 48: "\x{4EBA}\x{306E}\x{4E16}"
          LayoutText {#text} at (273,474) size 45x490
            text run at (273,474) width 16: "\x{304C}"
            text run at (301,0) width 352: "\x{4F4F}\x{307F}\x{306B}\x{304F}\x{3044}\x{304B}\x{3089}\x{3068}\x{3066}\x{3001}\x{8D8A}\x{3059}\x{56FD}\x{306F}\x{3042}\x{308B}\x{307E}\x{3044}\x{3002}\x{3042}\x{308C}\x{3070}"
          LayoutInline {STRONG} at (0,0) size 17x64
            LayoutText {#text} at (301,352) size 17x64
              text run at (301,352) width 64: "\x{4EBA}\x{3067}\x{306A}\x{3057}"
          LayoutText {#text} at (301,416) size 45x496
            text run at (301,416) width 80: "\x{306E}\x{56FD}\x{3078}\x{884C}\x{304F}"
            text run at (329,0) width 80: "\x{3070}\x{304B}\x{308A}\x{3060}\x{3002}"
          LayoutInline {STRONG} at (0,0) size 17x64
            LayoutText {#text} at (329,80) size 17x64
              text run at (329,80) width 64: "\x{4EBA}\x{3067}\x{306A}\x{3057}"
          LayoutText {#text} at (329,144) size 17x48
            text run at (329,144) width 48: "\x{306E}\x{56FD}\x{306F}"
          LayoutInline {STRONG} at (0,0) size 17x48
            LayoutText {#text} at (329,192) size 17x48
              text run at (329,192) width 48: "\x{4EBA}\x{306E}\x{4E16}"
          LayoutText {#text} at (329,240) size 17x208
            text run at (329,240) width 208: "\x{3088}\x{308A}\x{3082}\x{306A}\x{304A}\x{4F4F}\x{307F}\x{306B}\x{304F}\x{304B}\x{308D}\x{3046}\x{3002}"
          LayoutBR {BR} at (329,448) size 17x0
          LayoutText {#text} at (357,0) size 17x497
            text run at (357,0) width 497: "\x{3000}\x{8D8A}\x{3059}\x{4E8B}\x{306E}\x{306A}\x{3089}\x{306C}\x{4E16}\x{304C}\x{4F4F}\x{307F}\x{306B}\x{304F}\x{3051}\x{308C}\x{3070}\x{3001}\x{4F4F}\x{307F}\x{306B}\x{304F}\x{3044}\x{6240}\x{3092}\x{3069}\x{308C}\x{307B}\x{3069}\x{304B}\x{3001}"
          LayoutRuby (inline) {RUBY} at (0,0) size 17x35
            LayoutRubyRun (anonymous) at (386,0) size 18x36
              LayoutRubyText {RT} at (-14,0) size 16x36
                LayoutText {#text} at (2,0) size 12x36
                  text run at (2,0) width 36: "\x{304F}\x{3064}\x{308D}\x{3052}"
              LayoutRubyBase (anonymous) at (0,0) size 18x36
                LayoutInline {RB} at (0,0) size 17x34
                  LayoutText {#text} at (0,1) size 17x34
                    text run at (0,1) width 34: "\x{5BDB}\x{5BB9}"
          LayoutText {#text} at (386,35) size 17x32
            text run at (386,35) width 32: "\x{3066}\x{3001}"
          LayoutRuby (inline) {RUBY} at (0,0) size 17x16
            LayoutRubyRun (anonymous) at (386,66) size 18x18
              LayoutRubyText {RT} at (-14,0) size 16x18
                LayoutText {#text} at (2,0) size 12x18
                  text run at (2,0) width 18: "\x{3064}\x{304B}"
              LayoutRubyBase (anonymous) at (0,0) size 18x18
                LayoutInline {RB} at (0,0) size 17x16
                  LayoutText {#text} at (0,1) size 17x16
                    text run at (0,1) width 16: "\x{675F}"
          LayoutText {#text} at (386,83) size 17x16
            text run at (386,83) width 16: "\x{306E}"
          LayoutRuby (inline) {RUBY} at (0,0) size 17x16
            LayoutRubyRun (anonymous) at (386,99) size 18x16
              LayoutRubyText {RT} at (-14,0) size 16x16
                LayoutText {#text} at (2,3) size 12x10
                  text run at (2,3) width 9: "\x{307E}"
              LayoutRubyBase (anonymous) at (0,0) size 18x16
                LayoutInline {RB} at (0,0) size 17x16
                  LayoutText {#text} at (0,0) size 17x16
                    text run at (0,0) width 16: "\x{9593}"
          LayoutText {#text} at (386,115) size 46x499
            text run at (386,115) width 384: "\x{306E}\x{547D}\x{3092}\x{3001}\x{675F}\x{306E}\x{9593}\x{3067}\x{3082}\x{4F4F}\x{307F}\x{3088}\x{304F}\x{305B}\x{306D}\x{3070}\x{306A}\x{3089}\x{306C}\x{3002}\x{3053}\x{3053}\x{306B}\x{8A69}"
            text run at (415,0) width 352: "\x{4EBA}\x{3068}\x{3044}\x{3046}\x{5929}\x{8077}\x{304C}\x{51FA}\x{6765}\x{3066}\x{3001}\x{3053}\x{3053}\x{306B}\x{753B}\x{5BB6}\x{3068}\x{3044}\x{3046}\x{4F7F}\x{547D}\x{304C}"
          LayoutRuby (inline) {RUBY} at (0,0) size 17x16
            LayoutRubyRun (anonymous) at (415,351) size 18x18
              LayoutRubyText {RT} at (-14,0) size 16x18
                LayoutText {#text} at (2,0) size 12x18
                  text run at (2,0) width 18: "\x{304F}\x{3060}"
              LayoutRubyBase (anonymous) at (0,0) size 18x18
                LayoutInline {RB} at (0,0) size 17x16
                  LayoutText {#text} at (0,1) size 17x16
                    text run at (0,1) width 16: "\x{964D}"
          LayoutText {#text} at (415,368) size 46x496
            text run at (415,368) width 128: "\x{308B}\x{3002}\x{3042}\x{3089}\x{3086}\x{308B}\x{82B8}\x{8853}"
            text run at (444,0) width 112: "\x{306E}\x{58EB}\x{306F}\x{4EBA}\x{306E}\x{4E16}\x{3092}"
          LayoutRuby (inline) {RUBY} at (0,0) size 17x32
            LayoutRubyRun (anonymous) at (444,112) size 18x32
              LayoutRubyText {RT} at (-14,0) size 16x32
                LayoutText {#text} at (2,0) size 12x31
                  text run at (2,0) width 30: "\x{306E}\x{3069}\x{304B}"
              LayoutRubyBase (anonymous) at (0,0) size 18x32
                LayoutInline {RB} at (0,0) size 17x32
                  LayoutText {#text} at (0,0) size 17x32
                    text run at (0,0) width 32: "\x{9577}\x{9591}"
          LayoutText {#text} at (444,144) size 17x208
            text run at (444,144) width 208: "\x{306B}\x{3057}\x{3001}\x{4EBA}\x{306E}\x{5FC3}\x{3092}\x{8C4A}\x{304B}\x{306B}\x{3059}\x{308B}\x{304C}"
          LayoutRuby (inline) {RUBY} at (0,0) size 17x16
            LayoutRubyRun (anonymous) at (444,351) size 18x18
              LayoutRubyText {RT} at (-14,0) size 16x18
                LayoutText {#text} at (2,0) size 12x18
                  text run at (2,0) width 18: "\x{3086}\x{3048}"
              LayoutRubyBase (anonymous) at (0,0) size 18x18
                LayoutInline {RB} at (0,0) size 17x16
                  LayoutText {#text} at (0,1) size 17x16
                    text run at (0,1) width 16: "\x{6545}"
          LayoutText {#text} at (444,368) size 17x16
            text run at (444,368) width 16: "\x{306B}"
          LayoutRuby (inline) {RUBY} at (0,0) size 17x16
            LayoutRubyRun (anonymous) at (444,383) size 18x18
              LayoutRubyText {RT} at (-14,0) size 16x18
                LayoutText {#text} at (2,0) size 12x18
                  text run at (2,0) width 18: "\x{305F}\x{3063}"
              LayoutRubyBase (anonymous) at (0,0) size 18x18
                LayoutInline {RB} at (0,0) size 17x16
                  LayoutText {#text} at (0,1) size 17x16
                    text run at (0,1) width 16: "\x{5C0A}"
          LayoutText {#text} at (444,400) size 17x48
            text run at (444,400) width 48: "\x{3068}\x{3044}\x{3002}"
          LayoutBR {BR} at (444,448) size 17x0
          LayoutText {#text} at (473,0) size 17x241
            text run at (473,0) width 241: "\x{3000}\x{4F4F}\x{307F}\x{306B}\x{304F}\x{304D}\x{4E16}\x{304B}\x{3089}\x{3001}\x{4F4F}\x{307F}\x{306B}\x{304F}\x{304D}"
          LayoutRuby (inline) {RUBY} at (0,0) size 17x19
            LayoutRubyRun (anonymous) at (473,237) size 18x27
              LayoutRubyText {RT} at (-14,0) size 16x27
                LayoutText {#text} at (2,0) size 12x27
                  text run at (2,0) width 27: "\x{308F}\x{305A}\x{3089}"
              LayoutRubyBase (anonymous) at (0,0) size 18x27
                LayoutInline {RB} at (0,0) size 17x17
                  LayoutText {#text} at (0,5) size 17x17
                    text run at (0,5) width 16: "\x{7169}"
          LayoutText {#text} at (473,260) size 46x500
            text run at (473,260) width 240: "\x{3044}\x{3092}\x{5F15}\x{304D}\x{629C}\x{3044}\x{3066}\x{3001}\x{3042}\x{308A}\x{304C}\x{305F}\x{3044}\x{4E16}\x{754C}"
            text run at (502,0) width 256: "\x{3092}\x{307E}\x{306E}\x{3042}\x{305F}\x{308A}\x{306B}\x{5199}\x{3059}\x{306E}\x{304C}\x{8A69}\x{3067}\x{3042}\x{308B}\x{3001}"
          LayoutRuby (inline) {RUBY} at (0,0) size 17x16
            LayoutRubyRun (anonymous) at (502,256) size 18x16
              LayoutRubyText {RT} at (-14,0) size 16x16
                LayoutText {#text} at (2,3) size 12x10
                  text run at (2,3) width 9: "\x{3048}"
              LayoutRubyBase (anonymous) at (0,0) size 18x16
                LayoutInline {RB} at (0,0) size 17x16
                  LayoutText {#text} at (0,0) size 17x16
                    text run at (0,0) width 16: "\x{753B}"
          LayoutText {#text} at (502,272) size 46x496
            text run at (502,272) width 224: "\x{3067}\x{3042}\x{308B}\x{3002}\x{3042}\x{308B}\x{306F}\x{97F3}\x{697D}\x{3068}\x{5F6B}\x{523B}\x{3067}\x{3042}"
            text run at (531,0) width 96: "\x{308B}\x{3002}\x{3053}\x{307E}\x{304B}\x{306B}"
          LayoutRuby (inline) {RUBY} at (0,0) size 17x16
            LayoutRubyRun (anonymous) at (531,96) size 18x16
              LayoutRubyText {RT} at (-14,0) size 16x16
                LayoutText {#text} at (2,3) size 12x10
                  text run at (2,3) width 9: "\x{3044}"
              LayoutRubyBase (anonymous) at (0,0) size 18x16
                LayoutInline {RB} at (0,0) size 17x16
                  LayoutText {#text} at (0,0) size 17x16
                    text run at (0,0) width 16: "\x{4E91}"
          LayoutText {#text} at (531,112) size 46x496
            text run at (531,112) width 384: "\x{3048}\x{3070}\x{5199}\x{3055}\x{306A}\x{3044}\x{3067}\x{3082}\x{3088}\x{3044}\x{3002}\x{305F}\x{3060}\x{307E}\x{306E}\x{3042}\x{305F}\x{308A}\x{306B}\x{898B}\x{308C}\x{3070}\x{3001}\x{305D}"
            text run at (560,0) width 144: "\x{3053}\x{306B}\x{8A69}\x{3082}\x{751F}\x{304D}\x{3001}\x{6B4C}\x{3082}"
          LayoutRuby (inline) {RUBY} at (0,0) size 17x16
            LayoutRubyRun (anonymous) at (560,144) size 18x16
              LayoutRubyText {RT} at (-14,0) size 16x16
                LayoutText {#text} at (2,3) size 12x10
                  text run at (2,3) width 9: "\x{308F}"
              LayoutRubyBase (anonymous) at (0,0) size 18x16
                LayoutInline {RB} at (0,0) size 17x16
                  LayoutText {#text} at (0,0) size 17x16
                    text run at (0,0) width 16: "\x{6E67}"
          LayoutText {#text} at (560,160) size 17x192
            text run at (560,160) width 192: "\x{304F}\x{3002}\x{7740}\x{60F3}\x{3092}\x{7D19}\x{306B}\x{843D}\x{3055}\x{306C}\x{3068}\x{3082}"
          LayoutRuby (inline) {RUBY} at (0,0) size 17x39
            LayoutRubyRun (anonymous) at (560,349) size 18x45
              LayoutRubyText {RT} at (-14,0) size 16x45
                LayoutText {#text} at (2,0) size 12x45
                  text run at (2,0) width 45: "\x{304D}\x{3085}\x{3046}\x{305D}\x{3046}"
              LayoutRubyBase (anonymous) at (0,0) size 18x45
                LayoutInline {RB} at (0,0) size 17x39
                  LayoutText {#text} at (0,3) size 17x23
                    text run at (0,3) width 22: "\x{7486}"
                  LayoutText {#text} at (0,25) size 17x17
                    text run at (0,25) width 16: "\x{93D8}"
          LayoutText {#text} at (560,391) size 17x16
            text run at (560,391) width 16: "\x{306E}"
          LayoutRuby (inline) {RUBY} at (0,0) size 17x16
            LayoutRubyRun (anonymous) at (560,406) size 18x18
              LayoutRubyText {RT} at (-14,0) size 16x18
                LayoutText {#text} at (2,0) size 12x18
                  text run at (2,0) width 18: "\x{304A}\x{3093}"
              LayoutRubyBase (anonymous) at (0,0) size 18x18
                LayoutInline {RB} at (0,0) size 17x16
                  LayoutText {#text} at (0,1) size 17x16
                    text run at (0,1) width 16: "\x{97F3}"
          LayoutText {#text} at (560,423) size 17x16
            text run at (560,423) width 16: "\x{306F}"
          LayoutRuby (inline) {RUBY} at (0,0) size 17x34
            LayoutRubyRun (anonymous) at (560,438) size 18x36
              LayoutRubyText {RT} at (-14,0) size 16x36
                LayoutText {#text} at (2,0) size 12x36
                  text run at (2,0) width 36: "\x{304D}\x{3087}\x{3046}\x{308A}"
              LayoutRubyBase (anonymous) at (0,0) size 18x36
                LayoutInline {RB} at (0,0) size 17x34
                  LayoutText {#text} at (0,1) size 17x34
                    text run at (0,1) width 34: "\x{80F8}\x{88CF}"
          LayoutText {#text} at (560,473) size 17x16
            text run at (560,473) width 16: "\x{306B}"
          LayoutRuby (inline) {RUBY} at (0,0) size 17x17
            LayoutRubyRun (anonymous) at (589,0) size 18x18
              LayoutRubyText {RT} at (-14,0) size 16x18
                LayoutText {#text} at (2,0) size 12x18
                  text run at (2,0) width 18: "\x{304A}\x{3053}"
              LayoutRubyBase (anonymous) at (0,0) size 18x18
                LayoutInline {RB} at (0,0) size 17x16
                  LayoutText {#text} at (0,1) size 17x16
                    text run at (0,1) width 16: "\x{8D77}"
          LayoutText {#text} at (589,17) size 17x32
            text run at (589,17) width 32: "\x{308B}\x{3002}"
          LayoutRuby (inline) {RUBY} at (0,0) size 17x34
            LayoutRubyRun (anonymous) at (589,48) size 18x36
              LayoutRubyText {RT} at (-14,0) size 16x36
                LayoutText {#text} at (2,0) size 12x36
                  text run at (2,0) width 36: "\x{305F}\x{3093}\x{305B}\x{3044}"
              LayoutRubyBase (anonymous) at (0,0) size 18x36
                LayoutInline {RB} at (0,0) size 17x34
                  LayoutText {#text} at (0,1) size 17x34
                    text run at (0,1) width 34: "\x{4E39}\x{9752}"
          LayoutText {#text} at (589,83) size 17x16
            text run at (589,83) width 16: "\x{306F}"
          LayoutRuby (inline) {RUBY} at (0,0) size 17x32
            LayoutRubyRun (anonymous) at (589,99) size 18x32
              LayoutRubyText {RT} at (-14,0) size 16x32
                LayoutText {#text} at (2,3) size 12x26
                  text run at (2,3) width 25: "\x{304C}\x{304B}"
              LayoutRubyBase (anonymous) at (0,0) size 18x32
                LayoutInline {RB} at (0,0) size 17x32
                  LayoutText {#text} at (0,0) size 17x32
                    text run at (0,0) width 32: "\x{753B}\x{67B6}"
          LayoutText {#text} at (589,131) size 17x64
            text run at (589,131) width 64: "\x{306B}\x{5411}\x{3063}\x{3066}"
          LayoutRuby (inline) {RUBY} at (0,0) size 17x32
            LayoutRubyRun (anonymous) at (589,195) size 18x32
              LayoutRubyText {RT} at (-14,0) size 16x32
                LayoutText {#text} at (2,0) size 12x31
                  text run at (2,0) width 30: "\x{3068}\x{307E}\x{3064}"
              LayoutRubyBase (anonymous) at (0,0) size 18x32
                LayoutInline {RB} at (0,0) size 17x32
                  LayoutText {#text} at (0,0) size 17x32
                    text run at (0,0) width 32: "\x{5857}\x{62B9}"
          LayoutText {#text} at (589,227) size 17x64
            text run at (589,227) width 64: "\x{305B}\x{3093}\x{3067}\x{3082}"
          LayoutRuby (inline) {RUBY} at (0,0) size 17x32
            LayoutRubyRun (anonymous) at (589,291) size 18x32
              LayoutRubyText {RT} at (-14,0) size 16x32
                LayoutText {#text} at (2,0) size 12x31
                  text run at (2,0) width 30: "\x{3054}\x{3055}\x{3044}"
              LayoutRubyBase (anonymous) at (0,0) size 18x32
                LayoutInline {RB} at (0,0) size 17x32
                  LayoutText {#text} at (0,0) size 17x32
                    text run at (0,0) width 32: "\x{4E94}\x{5F69}"
          LayoutText {#text} at (589,323) size 17x16
            text run at (589,323) width 16: "\x{306E}"
          LayoutRuby (inline) {RUBY} at (0,0) size 17x34
            LayoutRubyRun (anonymous) at (589,338) size 18x36
              LayoutRubyText {RT} at (-14,0) size 16x36
                LayoutText {#text} at (2,0) size 12x36
                  text run at (2,0) width 36: "\x{3051}\x{3093}\x{3089}\x{3093}"
              LayoutRubyBase (anonymous) at (0,0) size 18x36
                LayoutInline {RB} at (0,0) size 17x34
                  LayoutText {#text} at (0,1) size 17x34
                    text run at (0,1) width 34: "\x{7D62}\x{721B}"
          LayoutText {#text} at (589,373) size 17x16
            text run at (589,373) width 16: "\x{306F}"
          LayoutRuby (inline) {RUBY} at (0,0) size 17x19
            LayoutRubyRun (anonymous) at (589,385) size 18x27
              LayoutRubyText {RT} at (-14,0) size 16x27
                LayoutText {#text} at (2,0) size 12x27
                  text run at (2,0) width 27: "\x{304A}\x{306E}\x{305A}"
              LayoutRubyBase (anonymous) at (0,0) size 18x27
                LayoutInline {RB} at (0,0) size 17x17
                  LayoutText {#text} at (0,5) size 17x17
                    text run at (0,5) width 16: "\x{81EA}"
          LayoutText {#text} at (589,408) size 17x32
            text run at (589,408) width 32: "\x{304B}\x{3089}"
          LayoutRuby (inline) {RUBY} at (0,0) size 17x34
            LayoutRubyRun (anonymous) at (589,439) size 18x36
              LayoutRubyText {RT} at (-14,0) size 16x36
                LayoutText {#text} at (2,0) size 12x36
                  text run at (2,0) width 36: "\x{3057}\x{3093}\x{304C}\x{3093}"
              LayoutRubyBase (anonymous) at (0,0) size 18x36
                LayoutInline {RB} at (0,0) size 17x34
                  LayoutText {#text} at (0,1) size 17x34
                    text run at (0,1) width 34: "\x{5FC3}\x{773C}"
          LayoutText {#text} at (589,474) size 46x490
            text run at (589,474) width 16: "\x{306B}"
            text run at (618,0) width 240: "\x{6620}\x{308B}\x{3002}\x{305F}\x{3060}\x{304A}\x{306E}\x{304C}\x{4F4F}\x{3080}\x{4E16}\x{3092}\x{3001}\x{304B}\x{304F}"
          LayoutRuby (inline) {RUBY} at (0,0) size 17x16
            LayoutRubyRun (anonymous) at (618,239) size 18x18
              LayoutRubyText {RT} at (-14,0) size 16x18
                LayoutText {#text} at (2,0) size 12x18
                  text run at (2,0) width 18: "\x{304B}\x{3093}"
              LayoutRubyBase (anonymous) at (0,0) size 18x18
                LayoutInline {RB} at (0,0) size 17x16
                  LayoutText {#text} at (0,1) size 17x16
                    text run at (0,1) width 16: "\x{89B3}"
          LayoutText {#text} at (618,256) size 17x64
            text run at (618,256) width 64: "\x{3058}\x{5F97}\x{3066}\x{3001}"
          LayoutRuby (inline) {RUBY} at (0,0) size 17x70
            LayoutRubyRun (anonymous) at (618,319) size 18x72
              LayoutRubyText {RT} at (-14,0) size 16x72
                LayoutText {#text} at (2,0) size 12x72
                  text run at (2,0) width 72: "\x{308C}\x{3044}\x{3060}\x{3044}\x{307B}\x{3046}\x{3059}\x{3093}"
              LayoutRubyBase (anonymous) at (0,0) size 18x72
                LayoutInline {RB} at (0,0) size 17x70
                  LayoutText {#text} at (0,1) size 17x70
                    text run at (0,1) width 70: "\x{970A}\x{53F0}\x{65B9}\x{5BF8}"
          LayoutText {#text} at (618,390) size 17x80
            text run at (618,390) width 80: "\x{306E}\x{30AB}\x{30E1}\x{30E9}\x{306B}"
          LayoutRuby (inline) {RUBY} at (0,0) size 17x71
            LayoutRubyRun (anonymous) at (647,0) size 18x72
              LayoutRubyText {RT} at (-14,0) size 16x72
                LayoutText {#text} at (2,0) size 12x72
                  text run at (2,0) width 72: "\x{304E}\x{3087}\x{3046}\x{304D}\x{3053}\x{3093}\x{3060}\x{304F}"
              LayoutRubyBase (anonymous) at (0,0) size 18x72
                LayoutInline {RB} at (0,0) size 17x70
                  LayoutText {#text} at (0,1) size 17x70
                    text run at (0,1) width 70: "\x{6F86}\x{5B63}\x{6EB7}\x{6FC1}"
          LayoutText {#text} at (647,71) size 17x208
            text run at (647,71) width 208: "\x{306E}\x{4FD7}\x{754C}\x{3092}\x{6E05}\x{304F}\x{3046}\x{3089}\x{3089}\x{304B}\x{306B}\x{53CE}\x{3081}"
          LayoutRuby (inline) {RUBY} at (0,0) size 17x16
            LayoutRubyRun (anonymous) at (647,279) size 18x16
              LayoutRubyText {RT} at (-14,0) size 16x16
                LayoutText {#text} at (2,3) size 12x10
                  text run at (2,3) width 9: "\x{3046}"
              LayoutRubyBase (anonymous) at (0,0) size 18x16
                LayoutInline {RB} at (0,0) size 17x16
                  LayoutText {#text} at (0,0) size 17x16
                    text run at (0,0) width 16: "\x{5F97}"
          LayoutText {#text} at (647,295) size 17x32
            text run at (647,295) width 32: "\x{308C}\x{3070}"
          LayoutRuby (inline) {RUBY} at (0,0) size 17x16
            LayoutRubyRun (anonymous) at (647,327) size 18x16
              LayoutRubyText {RT} at (-14,0) size 16x16
                LayoutText {#text} at (2,3) size 12x10
                  text run at (2,3) width 9: "\x{305F}"
              LayoutRubyBase (anonymous) at (0,0) size 18x16
                LayoutInline {RB} at (0,0) size 17x16
                  LayoutText {#text} at (0,0) size 17x16
                    text run at (0,0) width 16: "\x{8DB3}"
          LayoutText {#text} at (647,343) size 17x96
            text run at (647,343) width 96: "\x{308B}\x{3002}\x{3053}\x{306E}\x{6545}\x{306B}"
          LayoutRuby (inline) {RUBY} at (0,0) size 17x32
            LayoutRubyRun (anonymous) at (647,439) size 18x32
              LayoutRubyText {RT} at (-14,0) size 16x32
                LayoutText {#text} at (2,0) size 12x31
                  text run at (2,0) width 30: "\x{3080}\x{305B}\x{3044}"
              LayoutRubyBase (anonymous) at (0,0) size 18x32
                LayoutInline {RB} at (0,0) size 17x32
                  LayoutText {#text} at (0,0) size 17x32
                    text run at (0,0) width 32: "\x{7121}\x{58F0}"
          LayoutText {#text} at (647,471) size 46x503
            text run at (647,471) width 32: "\x{306E}\x{8A69}"
            text run at (676,0) width 128: "\x{4EBA}\x{306B}\x{306F}\x{4E00}\x{53E5}\x{306A}\x{304F}\x{3001}"
          LayoutRuby (inline) {RUBY} at (0,0) size 17x34
            LayoutRubyRun (anonymous) at (676,127) size 18x36
              LayoutRubyText {RT} at (-14,0) size 16x36
                LayoutText {#text} at (2,0) size 12x36
                  text run at (2,0) width 36: "\x{3080}\x{3057}\x{3087}\x{304F}"
              LayoutRubyBase (anonymous) at (0,0) size 18x36
                LayoutInline {RB} at (0,0) size 17x34
                  LayoutText {#text} at (0,1) size 17x34
                    text run at (0,1) width 34: "\x{7121}\x{8272}"
          LayoutText {#text} at (676,162) size 17x80
            text run at (676,162) width 80: "\x{306E}\x{753B}\x{5BB6}\x{306B}\x{306F}"
          LayoutRuby (inline) {RUBY} at (0,0) size 17x34
            LayoutRubyRun (anonymous) at (676,241) size 18x36
              LayoutRubyText {RT} at (-14,0) size 16x36
                LayoutText {#text} at (2,0) size 12x36
                  text run at (2,0) width 36: "\x{305B}\x{3063}\x{3051}\x{3093}"
              LayoutRubyBase (anonymous) at (0,0) size 18x36
                LayoutInline {RB} at (0,0) size 17x34
                  LayoutText {#text} at (0,1) size 17x34
                    text run at (0,1) width 34: "\x{5C3A}\x{7E11}"
          LayoutText {#text} at (676,276) size 17x96
            text run at (676,276) width 96: "\x{306A}\x{304D}\x{3082}\x{3001}\x{304B}\x{304F}"
          LayoutRuby (inline) {RUBY} at (0,0) size 17x34
            LayoutRubyRun (anonymous) at (676,371) size 18x36
              LayoutRubyText {RT} at (-14,0) size 16x36
                LayoutText {#text} at (2,0) size 12x36
                  text run at (2,0) width 36: "\x{3058}\x{3093}\x{305B}\x{3044}"
              LayoutRubyBase (anonymous) at (0,0) size 18x36
                LayoutInline {RB} at (0,0) size 17x34
                  LayoutText {#text} at (0,1) size 17x34
                    text run at (0,1) width 34: "\x{4EBA}\x{4E16}"
          LayoutText {#text} at (676,406) size 46x502
            text run at (676,406) width 96: "\x{3092}\x{89B3}\x{3058}\x{5F97}\x{308B}\x{306E}"
            text run at (705,0) width 128: "\x{70B9}\x{306B}\x{304A}\x{3044}\x{3066}\x{3001}\x{304B}\x{304F}"
          LayoutRuby (inline) {RUBY} at (0,0) size 17x34
            LayoutRubyRun (anonymous) at (705,127) size 18x36
              LayoutRubyText {RT} at (-14,0) size 16x36
                LayoutText {#text} at (2,0) size 12x36
                  text run at (2,0) width 36: "\x{307C}\x{3093}\x{306E}\x{3046}"
              LayoutRubyBase (anonymous) at (0,0) size 18x36
                LayoutInline {RB} at (0,0) size 17x34
                  LayoutText {#text} at (0,1) size 17x34
                    text run at (0,1) width 34: "\x{7169}\x{60A9}"
          LayoutText {#text} at (705,162) size 17x16
            text run at (705,162) width 16: "\x{3092}"
          LayoutRuby (inline) {RUBY} at (0,0) size 17x32
            LayoutRubyRun (anonymous) at (705,178) size 18x32
              LayoutRubyText {RT} at (-14,0) size 16x32
                LayoutText {#text} at (2,0) size 12x31
                  text run at (2,0) width 30: "\x{3052}\x{3060}\x{3064}"
              LayoutRubyBase (anonymous) at (0,0) size 18x32
                LayoutInline {RB} at (0,0) size 17x32
                  LayoutText {#text} at (0,0) size 17x32
                    text run at (0,0) width 32: "\x{89E3}\x{8131}"
          LayoutText {#text} at (705,210) size 17x176
            text run at (705,210) width 176: "\x{3059}\x{308B}\x{306E}\x{70B9}\x{306B}\x{304A}\x{3044}\x{3066}\x{3001}\x{304B}\x{304F}"
          LayoutRuby (inline) {RUBY} at (0,0) size 17x64
            LayoutRubyRun (anonymous) at (705,382) size 18x72
              LayoutRubyText {RT} at (-14,0) size 16x72
                LayoutText {#text} at (2,0) size 12x72
                  text run at (2,0) width 72: "\x{3057}\x{3087}\x{3046}\x{3058}\x{3087}\x{3046}\x{304B}\x{3044}"
              LayoutRubyBase (anonymous) at (0,0) size 18x72
                LayoutInline {RB} at (0,0) size 17x64
                  LayoutText {#text} at (0,4) size 17x64
                    text run at (0,4) width 64: "\x{6E05}\x{6D44}\x{754C}"
          LayoutText {#text} at (705,450) size 17x16
            text run at (705,450) width 16: "\x{306B}"
          LayoutRuby (inline) {RUBY} at (0,0) size 17x50
            LayoutRubyRun (anonymous) at (734,0) size 18x54
              LayoutRubyText {RT} at (-14,0) size 16x54
                LayoutText {#text} at (2,0) size 12x54
                  text run at (2,0) width 54: "\x{3057}\x{3085}\x{3064}\x{306B}\x{3085}\x{3046}"
              LayoutRubyBase (anonymous) at (0,0) size 18x54
                LayoutInline {RB} at (0,0) size 17x44
                  LayoutText {#text} at (0,5) size 17x44
                    text run at (0,5) width 43: "\x{51FA}\x{5165}"
          LayoutText {#text} at (734,50) size 17x224
            text run at (734,50) width 224: "\x{3057}\x{5F97}\x{308B}\x{306E}\x{70B9}\x{306B}\x{304A}\x{3044}\x{3066}\x{3001}\x{307E}\x{305F}\x{3053}\x{306E}"
          LayoutRuby (inline) {RUBY} at (0,0) size 17x64
            LayoutRubyRun (anonymous) at (734,274) size 18x64
              LayoutRubyText {RT} at (-14,0) size 16x64
                LayoutText {#text} at (2,1) size 12x61
                  text run at (2,1) width 60: "\x{3075}\x{3069}\x{3046}\x{3075}\x{3058}"
              LayoutRubyBase (anonymous) at (0,0) size 18x64
                LayoutInline {RB} at (0,0) size 17x64
                  LayoutText {#text} at (0,0) size 17x64
                    text run at (0,0) width 64: "\x{4E0D}\x{540C}\x{4E0D}\x{4E8C}"
          LayoutText {#text} at (734,338) size 17x16
            text run at (734,338) width 16: "\x{306E}"
          LayoutRuby (inline) {RUBY} at (0,0) size 17x34
            LayoutRubyRun (anonymous) at (734,353) size 18x36
              LayoutRubyText {RT} at (-14,0) size 16x36
                LayoutText {#text} at (2,0) size 12x36
                  text run at (2,0) width 36: "\x{3051}\x{3093}\x{3053}\x{3093}"
              LayoutRubyBase (anonymous) at (0,0) size 18x36
                LayoutInline {RB} at (0,0) size 17x34
                  LayoutText {#text} at (0,1) size 17x34
                    text run at (0,1) width 34: "\x{4E7E}\x{5764}"
          LayoutText {#text} at (734,388) size 17x16
            text run at (734,388) width 16: "\x{3092}"
          LayoutRuby (inline) {RUBY} at (0,0) size 17x39
            LayoutRubyRun (anonymous) at (734,401) size 18x45
              LayoutRubyText {RT} at (-14,0) size 16x45
                LayoutText {#text} at (2,0) size 12x45
                  text run at (2,0) width 45: "\x{3053}\x{3093}\x{308A}\x{3085}\x{3046}"
              LayoutRubyBase (anonymous) at (0,0) size 18x45
                LayoutInline {RB} at (0,0) size 17x39
                  LayoutText {#text} at (0,3) size 17x39
                    text run at (0,3) width 38: "\x{5EFA}\x{7ACB}"
          LayoutText {#text} at (734,443) size 46x491
            text run at (734,443) width 48: "\x{3057}\x{5F97}\x{308B}"
            text run at (763,0) width 112: "\x{306E}\x{70B9}\x{306B}\x{304A}\x{3044}\x{3066}\x{3001}"
          LayoutRuby (inline) {RUBY} at (0,0) size 17x64
            LayoutRubyRun (anonymous) at (763,112) size 18x64
              LayoutRubyText {RT} at (-14,0) size 16x64
                LayoutText {#text} at (2,1) size 12x61
                  text run at (2,1) width 60: "\x{304C}\x{308A}\x{3057}\x{3088}\x{304F}"
              LayoutRubyBase (anonymous) at (0,0) size 18x64
                LayoutInline {RB} at (0,0) size 17x64
                  LayoutText {#text} at (0,0) size 17x64
                    text run at (0,0) width 64: "\x{6211}\x{5229}\x{79C1}\x{617E}"
          LayoutText {#text} at (763,176) size 17x16
            text run at (763,176) width 16: "\x{306E}"
          LayoutRuby (inline) {RUBY} at (0,0) size 17x32
            LayoutRubyRun (anonymous) at (763,192) size 18x32
              LayoutRubyText {RT} at (-14,0) size 16x32
                LayoutText {#text} at (2,0) size 12x31
                  text run at (2,0) width 30: "\x{304D}\x{306F}\x{3093}"
              LayoutRubyBase (anonymous) at (0,0) size 18x32
                LayoutInline {RB} at (0,0) size 17x32
                  LayoutText {#text} at (0,0) size 17x32
                    text run at (0,0) width 32: "\x{898A}\x{7D46}"
          LayoutText {#text} at (763,224) size 17x16
            text run at (763,224) width 16: "\x{3092}"
          LayoutRuby (inline) {RUBY} at (0,0) size 17x34
            LayoutRubyRun (anonymous) at (763,239) size 18x36
              LayoutRubyText {RT} at (-14,0) size 16x36
                LayoutText {#text} at (2,0) size 12x36
                  text run at (2,0) width 36: "\x{305D}\x{3046}\x{3068}\x{3046}"
              LayoutRubyBase (anonymous) at (0,0) size 18x36
                LayoutInline {RB} at (0,0) size 17x34
                  LayoutText {#text} at (0,1) size 17x34
                    text run at (0,1) width 34: "\x{6383}\x{8569}"
          LayoutText {#text} at (763,274) size 17x176
            text run at (763,274) width 176: "\x{3059}\x{308B}\x{306E}\x{70B9}\x{306B}\x{304A}\x{3044}\x{3066}\x{3001}\x{2015}\x{2015}"
          LayoutRuby (inline) {RUBY} at (0,0) size 17x34
            LayoutRubyRun (anonymous) at (763,449) size 18x36
              LayoutRubyText {RT} at (-14,0) size 16x36
                LayoutText {#text} at (2,0) size 12x36
                  text run at (2,0) width 36: "\x{305B}\x{3093}\x{304D}\x{3093}"
              LayoutRubyBase (anonymous) at (0,0) size 18x36
                LayoutInline {RB} at (0,0) size 17x34
                  LayoutText {#text} at (0,1) size 17x34
                    text run at (0,1) width 34: "\x{5343}\x{91D1}"
          LayoutText {#text} at (763,484) size 46x500
            text run at (763,484) width 16: "\x{306E}"
            text run at (792,0) width 80: "\x{5B50}\x{3088}\x{308A}\x{3082}\x{3001}"
          LayoutRuby (inline) {RUBY} at (0,0) size 17x39
            LayoutRubyRun (anonymous) at (792,77) size 18x45
              LayoutRubyText {RT} at (-14,0) size 16x45
                LayoutText {#text} at (2,0) size 12x45
                  text run at (2,0) width 45: "\x{3070}\x{3093}\x{3058}\x{3087}\x{3046}"
              LayoutRubyBase (anonymous) at (0,0) size 18x45
                LayoutInline {RB} at (0,0) size 17x39
                  LayoutText {#text} at (0,3) size 17x39
                    text run at (0,3) width 38: "\x{4E07}\x{4E57}"
          LayoutText {#text} at (792,119) size 17x208
            text run at (792,119) width 208: "\x{306E}\x{541B}\x{3088}\x{308A}\x{3082}\x{3001}\x{3042}\x{3089}\x{3086}\x{308B}\x{4FD7}\x{754C}\x{306E}"
          LayoutRuby (inline) {RUBY} at (0,0) size 17x34
            LayoutRubyRun (anonymous) at (792,326) size 18x36
              LayoutRubyText {RT} at (-14,0) size 16x36
                LayoutText {#text} at (2,0) size 12x36
                  text run at (2,0) width 36: "\x{3061}\x{3087}\x{3046}\x{3058}"
              LayoutRubyBase (anonymous) at (0,0) size 18x36
                LayoutInline {RB} at (0,0) size 17x34
                  LayoutText {#text} at (0,1) size 17x34
                    text run at (0,1) width 34: "\x{5BF5}\x{5150}"
          LayoutText {#text} at (792,361) size 45x473
            text run at (792,361) width 112: "\x{3088}\x{308A}\x{3082}\x{5E78}\x{798F}\x{3067}\x{3042}"
            text run at (820,0) width 32: "\x{308B}\x{3002}"
          LayoutBR {BR} at (820,32) size 17x0
          LayoutText {#text} at (849,0) size 17x273
            text run at (849,0) width 273: "\x{3000}\x{4E16}\x{306B}\x{4F4F}\x{3080}\x{3053}\x{3068}\x{4E8C}\x{5341}\x{5E74}\x{306B}\x{3057}\x{3066}\x{3001}\x{4F4F}\x{3080}\x{306B}"
          LayoutRuby (inline) {RUBY} at (0,0) size 17x32
            LayoutRubyRun (anonymous) at (849,273) size 18x32
              LayoutRubyText {RT} at (-14,0) size 16x32
                LayoutText {#text} at (2,3) size 12x26
                  text run at (2,3) width 25: "\x{304B}\x{3044}"
              LayoutRubyBase (anonymous) at (0,0) size 18x32
                LayoutInline {RB} at (0,0) size 17x32
                  LayoutText {#text} at (0,0) size 17x32
                    text run at (0,0) width 32: "\x{7532}\x{6590}"
          LayoutText {#text} at (849,305) size 46x497
            text run at (849,305) width 192: "\x{3042}\x{308B}\x{4E16}\x{3068}\x{77E5}\x{3063}\x{305F}\x{3002}\x{4E8C}\x{5341}\x{4E94}\x{5E74}"
            text run at (878,0) width 96: "\x{306B}\x{3057}\x{3066}\x{660E}\x{6697}\x{306F}"
          LayoutRuby (inline) {RUBY} at (0,0) size 17x34
            LayoutRubyRun (anonymous) at (878,95) size 18x36
              LayoutRubyText {RT} at (-14,0) size 16x36
                LayoutText {#text} at (2,0) size 12x36
                  text run at (2,0) width 36: "\x{3072}\x{3087}\x{3046}\x{308A}"
              LayoutRubyBase (anonymous) at (0,0) size 18x36
                LayoutInline {RB} at (0,0) size 17x34
                  LayoutText {#text} at (0,1) size 17x34
                    text run at (0,1) width 34: "\x{8868}\x{88CF}"
          LayoutText {#text} at (878,130) size 46x498
            text run at (878,130) width 368: "\x{306E}\x{3054}\x{3068}\x{304F}\x{3001}\x{65E5}\x{306E}\x{3042}\x{305F}\x{308B}\x{6240}\x{306B}\x{306F}\x{304D}\x{3063}\x{3068}\x{5F71}\x{304C}\x{3055}\x{3059}\x{3068}\x{609F}\x{3063}"
            text run at (907,0) width 80: "\x{305F}\x{3002}\x{4E09}\x{5341}\x{306E}"
          LayoutRuby (inline) {RUBY} at (0,0) size 17x34
            LayoutRubyRun (anonymous) at (907,79) size 18x36
              LayoutRubyText {RT} at (-14,0) size 16x36
                LayoutText {#text} at (2,0) size 12x36
                  text run at (2,0) width 36: "\x{3053}\x{3093}\x{306B}\x{3061}"
              LayoutRubyBase (anonymous) at (0,0) size 18x36
                LayoutInline {RB} at (0,0) size 17x34
                  LayoutText {#text} at (0,1) size 17x34
                    text run at (0,1) width 34: "\x{4ECA}\x{65E5}"
          LayoutText {#text} at (907,114) size 17x288
            text run at (907,114) width 288: "\x{306F}\x{3053}\x{3046}\x{601D}\x{3046}\x{3066}\x{3044}\x{308B}\x{3002}\x{2015}\x{2015}\x{559C}\x{3073}\x{306E}\x{6DF1}\x{304D}\x{3068}\x{304D}"
          LayoutRuby (inline) {RUBY} at (0,0) size 17x19
            LayoutRubyRun (anonymous) at (907,398) size 18x27
              LayoutRubyText {RT} at (-14,0) size 16x27
                LayoutText {#text} at (2,0) size 12x27
                  text run at (2,0) width 27: "\x{3046}\x{308C}\x{3044}"
              LayoutRubyBase (anonymous) at (0,0) size 18x27
                LayoutInline {RB} at (0,0) size 17x17
                  LayoutText {#text} at (0,5) size 17x17
                    text run at (0,5) width 16: "\x{6182}"
          LayoutText {#text} at (907,421) size 46x501
            text run at (907,421) width 80: "\x{3044}\x{3088}\x{3044}\x{3088}\x{6DF1}"
            text run at (936,0) width 32: "\x{304F}\x{3001}"
          LayoutRuby (inline) {RUBY} at (0,0) size 17x19
            LayoutRubyRun (anonymous) at (936,28) size 18x27
              LayoutRubyText {RT} at (-14,0) size 16x27
                LayoutText {#text} at (2,0) size 12x27
                  text run at (2,0) width 27: "\x{305F}\x{306E}\x{3057}"
              LayoutRubyBase (anonymous) at (0,0) size 18x27
                LayoutInline {RB} at (0,0) size 17x17
                  LayoutText {#text} at (0,5) size 17x17
                    text run at (0,5) width 16: "\x{697D}"
          LayoutText {#text} at (936,51) size 46x499
            text run at (936,51) width 448: "\x{307F}\x{306E}\x{5927}\x{3044}\x{306A}\x{308B}\x{307B}\x{3069}\x{82E6}\x{3057}\x{307F}\x{3082}\x{5927}\x{304D}\x{3044}\x{3002}\x{3053}\x{308C}\x{3092}\x{5207}\x{308A}\x{653E}\x{305D}\x{3046}\x{3068}\x{3059}\x{308B}\x{3068}"
            text run at (965,0) width 96: "\x{8EAB}\x{304C}\x{6301}\x{3066}\x{306C}\x{3002}"
          LayoutRuby (inline) {RUBY} at (0,0) size 17x16
            LayoutRubyRun (anonymous) at (965,95) size 18x18
              LayoutRubyText {RT} at (-14,0) size 16x18
                LayoutText {#text} at (2,0) size 12x18
                  text run at (2,0) width 18: "\x{304B}\x{305F}"
              LayoutRubyBase (anonymous) at (0,0) size 18x18
                LayoutInline {RB} at (0,0) size 17x16
                  LayoutText {#text} at (0,1) size 17x16
                    text run at (0,1) width 16: "\x{7247}"
          LayoutText {#text} at (965,112) size 46x496
            text run at (965,112) width 384: "\x{3065}\x{3051}\x{3088}\x{3046}\x{3068}\x{3059}\x{308C}\x{3070}\x{4E16}\x{304C}\x{7ACB}\x{305F}\x{306C}\x{3002}\x{91D1}\x{306F}\x{5927}\x{4E8B}\x{3060}\x{3001}\x{5927}\x{4E8B}\x{306A}\x{3082}"
            text run at (994,0) width 32: "\x{306E}\x{304C}"
          LayoutRuby (inline) {RUBY} at (0,0) size 17x16
            LayoutRubyRun (anonymous) at (994,32) size 18x16
              LayoutRubyText {RT} at (-14,0) size 16x16
                LayoutText {#text} at (2,3) size 12x10
                  text run at (2,3) width 9: "\x{3075}"
              LayoutRubyBase (anonymous) at (0,0) size 18x16
                LayoutInline {RB} at (0,0) size 17x16
                  LayoutText {#text} at (0,0) size 17x16
                    text run at (0,0) width 16: "\x{6B96}"
          LayoutText {#text} at (994,48) size 17x48
            text run at (994,48) width 48: "\x{3048}\x{308C}\x{3070}"
          LayoutRuby (inline) {RUBY} at (0,0) size 17x16
            LayoutRubyRun (anonymous) at (994,96) size 18x16
              LayoutRubyText {RT} at (-14,0) size 16x16
                LayoutText {#text} at (2,3) size 12x10
                  text run at (2,3) width 9: "\x{306D}"
              LayoutRubyBase (anonymous) at (0,0) size 18x16
                LayoutInline {RB} at (0,0) size 17x16
                  LayoutText {#text} at (0,0) size 17x16
                    text run at (0,0) width 16: "\x{5BDD}"
          LayoutText {#text} at (994,112) size 17x16
            text run at (994,112) width 16: "\x{308B}"
          LayoutRuby (inline) {RUBY} at (0,0) size 17x16
            LayoutRubyRun (anonymous) at (994,128) size 18x16
              LayoutRubyText {RT} at (-14,0) size 16x16
                LayoutText {#text} at (2,3) size 12x10
                  text run at (2,3) width 9: "\x{307E}"
              LayoutRubyBase (anonymous) at (0,0) size 18x16
                LayoutInline {RB} at (0,0) size 17x16
                  LayoutText {#text} at (0,0) size 17x16
                    text run at (0,0) width 16: "\x{9593}"
          LayoutText {#text} at (994,144) size 46x496
            text run at (994,144) width 352: "\x{3082}\x{5FC3}\x{914D}\x{3060}\x{308D}\x{3046}\x{3002}\x{604B}\x{306F}\x{3046}\x{308C}\x{3057}\x{3044}\x{3001}\x{5B09}\x{3057}\x{3044}\x{604B}\x{304C}\x{7A4D}\x{3082}\x{308C}"
            text run at (1023,0) width 464: "\x{3070}\x{3001}\x{604B}\x{3092}\x{305B}\x{306C}\x{6614}\x{304C}\x{304B}\x{3048}\x{3063}\x{3066}\x{604B}\x{3057}\x{304B}\x{308D}\x{3002}\x{95A3}\x{50DA}\x{306E}\x{80A9}\x{306F}\x{6570}\x{767E}\x{4E07}\x{4EBA}\x{306E}\x{8DB3}\x{3092}"
          LayoutRuby (inline) {RUBY} at (0,0) size 17x16
            LayoutRubyRun (anonymous) at (1023,463) size 18x18
              LayoutRubyText {RT} at (-14,0) size 16x18
                LayoutText {#text} at (2,0) size 12x18
                  text run at (2,0) width 18: "\x{3055}\x{3055}"
              LayoutRubyBase (anonymous) at (0,0) size 18x18
                LayoutInline {RB} at (0,0) size 17x16
                  LayoutText {#text} at (0,1) size 17x16
                    text run at (0,1) width 16: "\x{652F}"
          LayoutText {#text} at (1023,480) size 46x496
            text run at (1023,480) width 16: "\x{3048}"
            text run at (1052,0) width 64: "\x{3066}\x{3044}\x{308B}\x{3002}"
          LayoutRuby (inline) {RUBY} at (0,0) size 17x32
            LayoutRubyRun (anonymous) at (1052,64) size 18x32
              LayoutRubyText {RT} at (-14,0) size 16x32
                LayoutText {#text} at (2,0) size 12x31
                  text run at (2,0) width 30: "\x{305B}\x{306A}\x{304B}"
              LayoutRubyBase (anonymous) at (0,0) size 18x32
                LayoutInline {RB} at (0,0) size 17x32
                  LayoutText {#text} at (0,0) size 17x32
                    text run at (0,0) width 32: "\x{80CC}\x{4E2D}"
          LayoutText {#text} at (1052,96) size 46x496
            text run at (1052,96) width 400: "\x{306B}\x{306F}\x{91CD}\x{3044}\x{5929}\x{4E0B}\x{304C}\x{304A}\x{3076}\x{3055}\x{3063}\x{3066}\x{3044}\x{308B}\x{3002}\x{3046}\x{307E}\x{3044}\x{7269}\x{3082}\x{98DF}\x{308F}\x{306D}\x{3070}\x{60DC}"
            text run at (1081,0) width 128: "\x{3057}\x{3044}\x{3002}\x{5C11}\x{3057}\x{98DF}\x{3048}\x{3070}"
          LayoutRuby (inline) {RUBY} at (0,0) size 17x16
            LayoutRubyRun (anonymous) at (1081,128) size 18x16
              LayoutRubyText {RT} at (-14,0) size 16x16
                LayoutText {#text} at (2,3) size 12x10
                  text run at (2,3) width 9: "\x{3042}"
              LayoutRubyBase (anonymous) at (0,0) size 18x16
                LayoutInline {RB} at (0,0) size 17x16
                  LayoutText {#text} at (0,0) size 17x16
                    text run at (0,0) width 16: "\x{98FD}"
          LayoutText {#text} at (1081,144) size 17x16
            text run at (1081,144) width 16: "\x{304D}"
          LayoutRuby (inline) {RUBY} at (0,0) size 17x16
            LayoutRubyRun (anonymous) at (1081,160) size 18x16
              LayoutRubyText {RT} at (-14,0) size 16x16
                LayoutText {#text} at (2,3) size 12x10
                  text run at (2,3) width 9: "\x{305F}"
              LayoutRubyBase (anonymous) at (0,0) size 18x16
                LayoutInline {RB} at (0,0) size 17x16
                  LayoutText {#text} at (0,0) size 17x16
                    text run at (0,0) width 16: "\x{8DB3}"
          LayoutText {#text} at (1081,176) size 17x288
            text run at (1081,176) width 288: "\x{3089}\x{306C}\x{3002}\x{5B58}\x{5206}\x{98DF}\x{3048}\x{3070}\x{3042}\x{3068}\x{304C}\x{4E0D}\x{6109}\x{5FEB}\x{3060}\x{3002}\x{2026}\x{2026}"
          LayoutBR {BR} at (1081,464) size 17x0
          LayoutText {#text} at (1110,0) size 17x17
            text run at (1110,0) width 17: "\x{3000}"
          LayoutRuby (inline) {RUBY} at (0,0) size 17x16
            LayoutRubyRun (anonymous) at (1110,17) size 18x16
              LayoutRubyText {RT} at (-14,0) size 16x16
                LayoutText {#text} at (2,3) size 12x10
                  text run at (2,3) width 9: "\x{3088}"
              LayoutRubyBase (anonymous) at (0,0) size 18x16
                LayoutInline {RB} at (0,0) size 17x16
                  LayoutText {#text} at (0,0) size 17x16
                    text run at (0,0) width 16: "\x{4F59}"
          LayoutText {#text} at (1110,33) size 17x16
            text run at (1110,33) width 16: "\x{306E}"
          LayoutRuby (inline) {RUBY} at (0,0) size 17x28
            LayoutRubyRun (anonymous) at (1110,45) size 18x36
              LayoutRubyText {RT} at (-14,0) size 16x36
                LayoutText {#text} at (2,0) size 12x36
                  text run at (2,0) width 36: "\x{304B}\x{3093}\x{304C}\x{3048}"
              LayoutRubyBase (anonymous) at (0,0) size 18x36
                LayoutInline {RB} at (0,0) size 17x16
                  LayoutText {#text} at (0,10) size 17x16
                    text run at (0,10) width 16: "\x{8003}"
          LayoutText {#text} at (1110,77) size 17x256
            text run at (1110,77) width 256: "\x{304C}\x{3053}\x{3053}\x{307E}\x{3067}\x{6F02}\x{6D41}\x{3057}\x{3066}\x{6765}\x{305F}\x{6642}\x{306B}\x{3001}\x{4F59}\x{306E}"
          LayoutRuby (inline) {RUBY} at (0,0) size 17x32
            LayoutRubyRun (anonymous) at (1110,333) size 18x32
              LayoutRubyText {RT} at (-14,0) size 16x32
                LayoutText {#text} at (2,0) size 12x31
                  text run at (2,0) width 30: "\x{3046}\x{305D}\x{304F}"
              LayoutRubyBase (anonymous) at (0,0) size 18x32
                LayoutInline {RB} at (0,0) size 17x32
                  LayoutText {#text} at (0,0) size 17x32
                    text run at (0,0) width 32: "\x{53F3}\x{8DB3}"
          LayoutText {#text} at (1110,365) size 17x48
            text run at (1110,365) width 48: "\x{306F}\x{7A81}\x{7136}"
          LayoutRuby (inline) {RUBY} at (0,0) size 17x16
            LayoutRubyRun (anonymous) at (1110,412) size 18x18
              LayoutRubyText {RT} at (-14,0) size 16x18
                LayoutText {#text} at (2,0) size 12x18
                  text run at (2,0) width 18: "\x{3059}\x{308F}"
              LayoutRubyBase (anonymous) at (0,0) size 18x18
                LayoutInline {RB} at (0,0) size 17x16
                  LayoutText {#text} at (0,1) size 17x16
                    text run at (0,1) width 16: "\x{5750}"
          LayoutText {#text} at (1110,429) size 46x493
            text run at (1110,429) width 64: "\x{308A}\x{306E}\x{308F}\x{308B}"
            text run at (1139,0) width 16: "\x{3044}"
          LayoutRuby (inline) {RUBY} at (0,0) size 17x34
            LayoutRubyRun (anonymous) at (1139,15) size 18x36
              LayoutRubyText {RT} at (-14,0) size 16x36
                LayoutText {#text} at (2,0) size 12x36
                  text run at (2,0) width 36: "\x{304B}\x{304F}\x{3044}\x{3057}"
              LayoutRubyBase (anonymous) at (0,0) size 18x36
                LayoutInline {RB} at (0,0) size 17x34
                  LayoutText {#text} at (0,1) size 17x34
                    text run at (0,1) width 34: "\x{89D2}\x{77F3}"
          LayoutText {#text} at (1139,50) size 17x16
            text run at (1139,50) width 16: "\x{306E}"
          LayoutRuby (inline) {RUBY} at (0,0) size 17x16
            LayoutRubyRun (anonymous) at (1139,65) size 18x18
              LayoutRubyText {RT} at (-14,0) size 16x18
                LayoutText {#text} at (2,0) size 12x18
                  text run at (2,0) width 18: "\x{306F}\x{3057}"
              LayoutRubyBase (anonymous) at (0,0) size 18x18
                LayoutInline {RB} at (0,0) size 17x16
                  LayoutText {#text} at (0,1) size 17x16
                    text run at (0,1) width 16: "\x{7AEF}"
          LayoutText {#text} at (1139,82) size 17x48
            text run at (1139,82) width 48: "\x{3092}\x{8E0F}\x{307F}"
          LayoutRuby (inline) {RUBY} at (0,0) size 17x16
            LayoutRubyRun (anonymous) at (1139,130) size 18x16
              LayoutRubyText {RT} at (-14,0) size 16x16
                LayoutText {#text} at (2,3) size 12x10
                  text run at (2,3) width 9: "\x{305D}"
              LayoutRubyBase (anonymous) at (0,0) size 18x16
                LayoutInline {RB} at (0,0) size 17x16
                  LayoutText {#text} at (0,0) size 17x16
                    text run at (0,0) width 16: "\x{640D}"
          LayoutText {#text} at (1139,146) size 17x80
            text run at (1139,146) width 80: "\x{304F}\x{306A}\x{3063}\x{305F}\x{3002}"
          LayoutRuby (inline) {RUBY} at (0,0) size 17x34
            LayoutRubyRun (anonymous) at (1139,225) size 18x36
              LayoutRubyText {RT} at (-14,0) size 16x36
                LayoutText {#text} at (2,0) size 12x36
                  text run at (2,0) width 36: "\x{3078}\x{3044}\x{3053}\x{3046}"
              LayoutRubyBase (anonymous) at (0,0) size 18x36
                LayoutInline {RB} at (0,0) size 17x34
                  LayoutText {#text} at (0,1) size 17x34
                    text run at (0,1) width 34: "\x{5E73}\x{8861}"
          LayoutText {#text} at (1139,260) size 46x500
            text run at (1139,260) width 240: "\x{3092}\x{4FDD}\x{3064}\x{305F}\x{3081}\x{306B}\x{3001}\x{3059}\x{308F}\x{3084}\x{3068}\x{524D}\x{306B}\x{98DB}\x{3073}"
            text run at (1168,0) width 48: "\x{51FA}\x{3057}\x{305F}"
          LayoutRuby (inline) {RUBY} at (0,0) size 17x32
            LayoutRubyRun (anonymous) at (1168,48) size 18x32
              LayoutRubyText {RT} at (-14,0) size 16x32
                LayoutText {#text} at (2,0) size 12x31
                  text run at (2,0) width 30: "\x{3055}\x{305D}\x{304F}"
              LayoutRubyBase (anonymous) at (0,0) size 18x32
                LayoutInline {RB} at (0,0) size 17x32
                  LayoutText {#text} at (0,0) size 17x32
                    text run at (0,0) width 32: "\x{5DE6}\x{8DB3}"
          LayoutText {#text} at (1168,80) size 17x32
            text run at (1168,80) width 32: "\x{304C}\x{3001}"
          LayoutRuby (inline) {RUBY} at (0,0) size 17x32
            LayoutRubyRun (anonymous) at (1168,112) size 18x32
              LayoutRubyText {RT} at (-14,0) size 16x32
                LayoutText {#text} at (2,0) size 12x31
                  text run at (2,0) width 30: "\x{3057}\x{305D}\x{3093}"
              LayoutRubyBase (anonymous) at (0,0) size 18x32
                LayoutInline {RB} at (0,0) size 17x32
                  LayoutText {#text} at (0,0) size 17x32
                    text run at (0,0) width 32: "\x{4ED5}\x{640D}"
          LayoutText {#text} at (1168,144) size 17x32
            text run at (1168,144) width 32: "\x{3058}\x{306E}"
          LayoutRuby (inline) {RUBY} at (0,0) size 17x16
            LayoutRubyRun (anonymous) at (1168,176) size 18x16
              LayoutRubyText {RT} at (-14,0) size 16x16
                LayoutText {#text} at (2,3) size 12x10
                  text run at (2,3) width 9: "\x{3046}"
              LayoutRubyBase (anonymous) at (0,0) size 18x16
                LayoutInline {RB} at (0,0) size 17x16
                  LayoutText {#text} at (0,0) size 17x16
                    text run at (0,0) width 16: "\x{57CB}"
          LayoutText {#text} at (1168,192) size 17x16
            text run at (1168,192) width 16: "\x{3081}"
          LayoutRuby (inline) {RUBY} at (0,0) size 17x16
            LayoutRubyRun (anonymous) at (1168,207) size 18x18
              LayoutRubyText {RT} at (-14,0) size 16x18
                LayoutText {#text} at (2,0) size 12x18
                  text run at (2,0) width 18: "\x{3042}\x{308F}"
              LayoutRubyBase (anonymous) at (0,0) size 18x18
                LayoutInline {RB} at (0,0) size 17x16
                  LayoutText {#text} at (0,1) size 17x16
                    text run at (0,1) width 16: "\x{5408}"
          LayoutText {#text} at (1168,224) size 17x256
            text run at (1168,224) width 256: "\x{305B}\x{3092}\x{3059}\x{308B}\x{3068}\x{5171}\x{306B}\x{3001}\x{4F59}\x{306E}\x{8170}\x{306F}\x{5177}\x{5408}\x{3088}\x{304F}"
          LayoutRuby (inline) {RUBY} at (0,0) size 17x17
            LayoutRubyRun (anonymous) at (1168,479) size 18x18
              LayoutRubyText {RT} at (-14,0) size 16x18
                LayoutText {#text} at (2,0) size 12x18
                  text run at (2,0) width 18: "\x{307B}\x{3046}"
              LayoutRubyBase (anonymous) at (0,0) size 18x18
                LayoutInline {RB} at (0,0) size 17x16
                  LayoutText {#text} at (0,1) size 17x16
                    text run at (0,1) width 16: "\x{65B9}"
          LayoutText {#text} at (1197,0) size 17x144
            text run at (1197,0) width 144: "\x{4E09}\x{5C3A}\x{307B}\x{3069}\x{306A}\x{5CA9}\x{306E}\x{4E0A}\x{306B}"
          LayoutRuby (inline) {RUBY} at (0,0) size 17x16
            LayoutRubyRun (anonymous) at (1197,144) size 18x16
              LayoutRubyText {RT} at (-14,0) size 16x16
                LayoutText {#text} at (2,3) size 12x10
                  text run at (2,3) width 9: "\x{304A}"
              LayoutRubyBase (anonymous) at (0,0) size 18x16
                LayoutInline {RB} at (0,0) size 17x16
                  LayoutText {#text} at (0,0) size 17x16
                    text run at (0,0) width 16: "\x{5378}"
          LayoutText {#text} at (1197,160) size 17x208
            text run at (1197,160) width 208: "\x{308A}\x{305F}\x{3002}\x{80A9}\x{306B}\x{304B}\x{3051}\x{305F}\x{7D75}\x{306E}\x{5177}\x{7BB1}\x{304C}"
          LayoutRuby (inline) {RUBY} at (0,0) size 17x16
            LayoutRubyRun (anonymous) at (1197,367) size 18x18
              LayoutRubyText {RT} at (-14,0) size 16x18
                LayoutText {#text} at (2,0) size 12x18
                  text run at (2,0) width 18: "\x{308F}\x{304D}"
              LayoutRubyBase (anonymous) at (0,0) size 18x18
                LayoutInline {RB} at (0,0) size 17x16
                  LayoutText {#text} at (0,1) size 17x16
                    text run at (0,1) width 16: "\x{814B}"
          LayoutText {#text} at (1197,384) size 17x64
            text run at (1197,384) width 64: "\x{306E}\x{4E0B}\x{304B}\x{3089}"
          LayoutRuby (inline) {RUBY} at (0,0) size 17x16
            LayoutRubyRun (anonymous) at (1197,447) size 18x18
              LayoutRubyText {RT} at (-14,0) size 16x18
                LayoutText {#text} at (2,0) size 12x18
                  text run at (2,0) width 18: "\x{304A}\x{3069}"
              LayoutRubyBase (anonymous) at (0,0) size 18x18
                LayoutInline {RB} at (0,0) size 17x16
                  LayoutText {#text} at (0,1) size 17x16
                    text run at (0,1) width 16: "\x{8E8D}"
          LayoutText {#text} at (1197,464) size 46x496
            text run at (1197,464) width 32: "\x{308A}\x{51FA}"
            text run at (1226,0) width 144: "\x{3057}\x{305F}\x{3060}\x{3051}\x{3067}\x{3001}\x{5E78}\x{3044}\x{3068}"
          LayoutRuby (inline) {RUBY} at (0,0) size 17x16
            LayoutRubyRun (anonymous) at (1226,143) size 18x18
              LayoutRubyText {RT} at (-14,0) size 16x18
                LayoutText {#text} at (2,0) size 12x18
                  text run at (2,0) width 18: "\x{306A}\x{3093}"
              LayoutRubyBase (anonymous) at (0,0) size 18x18
                LayoutInline {RB} at (0,0) size 17x16
                  LayoutText {#text} at (0,1) size 17x16
                    text run at (0,1) width 16: "\x{4F55}"
          LayoutText {#text} at (1226,160) size 17x128
            text run at (1226,160) width 128: "\x{306E}\x{4E8B}\x{3082}\x{306A}\x{304B}\x{3063}\x{305F}\x{3002}"
          LayoutBR {BR} at (1226,288) size 17x0
          LayoutText {#text} at (1255,0) size 17x241
            text run at (1255,0) width 241: "\x{3000}\x{7ACB}\x{3061}\x{4E0A}\x{304C}\x{308B}\x{6642}\x{306B}\x{5411}\x{3046}\x{3092}\x{898B}\x{308B}\x{3068}\x{3001}"
          LayoutRuby (inline) {RUBY} at (0,0) size 17x16
            LayoutRubyRun (anonymous) at (1255,240) size 18x18
              LayoutRubyText {RT} at (-14,0) size 16x18
                LayoutText {#text} at (2,0) size 12x18
                  text run at (2,0) width 18: "\x{307F}\x{3061}"
              LayoutRubyBase (anonymous) at (0,0) size 18x18
                LayoutInline {RB} at (0,0) size 17x16
                  LayoutText {#text} at (0,1) size 17x16
                    text run at (0,1) width 16: "\x{8DEF}"
          LayoutText {#text} at (1255,257) size 46x497
            text run at (1255,257) width 240: "\x{304B}\x{3089}\x{5DE6}\x{306E}\x{65B9}\x{306B}\x{30D0}\x{30B1}\x{30C4}\x{3092}\x{4F0F}\x{305B}\x{305F}\x{3088}\x{3046}"
            text run at (1284,0) width 48: "\x{306A}\x{5CF0}\x{304C}"
          LayoutRuby (inline) {RUBY} at (0,0) size 17x16
            LayoutRubyRun (anonymous) at (1284,47) size 18x18
              LayoutRubyText {RT} at (-14,0) size 16x18
                LayoutText {#text} at (2,0) size 12x18
                  text run at (2,0) width 18: "\x{305D}\x{3073}"
              LayoutRubyBase (anonymous) at (0,0) size 18x18
                LayoutInline {RB} at (0,0) size 17x16
                  LayoutText {#text} at (0,1) size 17x16
                    text run at (0,1) width 16: "\x{8073}"
          LayoutText {#text} at (1284,64) size 17x112
            text run at (1284,64) width 112: "\x{3048}\x{3066}\x{3044}\x{308B}\x{3002}\x{6749}\x{304B}"
          LayoutRuby (inline) {RUBY} at (0,0) size 17x19
            LayoutRubyRun (anonymous) at (1284,172) size 18x27
              LayoutRubyText {RT} at (-14,0) size 16x27
                LayoutText {#text} at (2,0) size 12x27
                  text run at (2,0) width 27: "\x{3072}\x{306E}\x{304D}"
              LayoutRubyBase (anonymous) at (0,0) size 18x27
                LayoutInline {RB} at (0,0) size 17x17
                  LayoutText {#text} at (0,5) size 17x17
                    text run at (0,5) width 16: "\x{6A9C}"
          LayoutText {#text} at (1284,195) size 17x112
            text run at (1284,195) width 112: "\x{304B}\x{5206}\x{304B}\x{3089}\x{306A}\x{3044}\x{304C}"
          LayoutRuby (inline) {RUBY} at (0,0) size 17x32
            LayoutRubyRun (anonymous) at (1284,307) size 18x32
              LayoutRubyText {RT} at (-14,0) size 16x32
                LayoutText {#text} at (2,0) size 12x31
                  text run at (2,0) width 30: "\x{306D}\x{3082}\x{3068}"
              LayoutRubyBase (anonymous) at (0,0) size 18x32
                LayoutInline {RB} at (0,0) size 17x32
                  LayoutText {#text} at (0,0) size 17x32
                    text run at (0,0) width 32: "\x{6839}\x{5143}"
          LayoutText {#text} at (1284,339) size 17x32
            text run at (1284,339) width 32: "\x{304B}\x{3089}"
          LayoutRuby (inline) {RUBY} at (0,0) size 17x19
            LayoutRubyRun (anonymous) at (1284,367) size 18x27
              LayoutRubyText {RT} at (-14,0) size 16x27
                LayoutText {#text} at (2,0) size 12x27
                  text run at (2,0) width 27: "\x{3044}\x{305F}\x{3060}"
              LayoutRubyBase (anonymous) at (0,0) size 18x27
                LayoutInline {RB} at (0,0) size 17x17
                  LayoutText {#text} at (0,5) size 17x17
                    text run at (0,5) width 16: "\x{9802}"
          LayoutText {#text} at (1284,390) size 46x502
            text run at (1284,390) width 112: "\x{304D}\x{307E}\x{3067}\x{3053}\x{3068}\x{3054}\x{3068}"
            text run at (1313,0) width 16: "\x{304F}"
          LayoutRuby (inline) {RUBY} at (0,0) size 17x34
            LayoutRubyRun (anonymous) at (1313,15) size 18x36
              LayoutRubyText {RT} at (-14,0) size 16x36
                LayoutText {#text} at (2,0) size 12x36
                  text run at (2,0) width 36: "\x{3042}\x{304A}\x{3050}\x{308D}"
              LayoutRubyBase (anonymous) at (0,0) size 18x36
                LayoutInline {RB} at (0,0) size 17x34
                  LayoutText {#text} at (0,1) size 17x34
                    text run at (0,1) width 34: "\x{84BC}\x{9ED2}"
          LayoutText {#text} at (1313,50) size 17x240
            text run at (1313,50) width 240: "\x{3044}\x{4E2D}\x{306B}\x{3001}\x{5C71}\x{685C}\x{304C}\x{8584}\x{8D64}\x{304F}\x{3060}\x{3093}\x{3060}\x{3089}\x{306B}"
          LayoutRuby (inline) {RUBY} at (0,0) size 17x32
            LayoutRubyRun (anonymous) at (1313,290) size 18x32
              LayoutRubyText {RT} at (-14,0) size 16x32
                LayoutText {#text} at (2,0) size 12x31
                  text run at (2,0) width 30: "\x{305F}\x{306A}\x{3073}"
              LayoutRubyBase (anonymous) at (0,0) size 18x32
                LayoutInline {RB} at (0,0) size 17x32
                  LayoutText {#text} at (0,0) size 17x32
                    text run at (0,0) width 32: "\x{68DA}\x{5F15}"
          LayoutText {#text} at (1313,322) size 17x48
            text run at (1313,322) width 48: "\x{3044}\x{3066}\x{3001}"
          LayoutRuby (inline) {RUBY} at (0,0) size 17x16
            LayoutRubyRun (anonymous) at (1313,370) size 18x16
              LayoutRubyText {RT} at (-14,0) size 16x16
                LayoutText {#text} at (2,3) size 12x10
                  text run at (2,3) width 9: "\x{3064}"
              LayoutRubyBase (anonymous) at (0,0) size 18x16
                LayoutInline {RB} at (0,0) size 17x16
                  LayoutText {#text} at (0,0) size 17x16
                    text run at (0,0) width 16: "\x{7D9A}"
          LayoutText {#text} at (1313,386) size 17x16
            text run at (1313,386) width 16: "\x{304E}"
          LayoutRuby (inline) {RUBY} at (0,0) size 17x16
            LayoutRubyRun (anonymous) at (1313,402) size 18x16
              LayoutRubyText {RT} at (-14,0) size 16x16
                LayoutText {#text} at (2,3) size 12x10
                  text run at (2,3) width 9: "\x{3081}"
              LayoutRubyBase (anonymous) at (0,0) size 18x16
                LayoutInline {RB} at (0,0) size 17x16
                  LayoutText {#text} at (0,0) size 17x16
                    text run at (0,0) width 16: "\x{76EE}"
          LayoutText {#text} at (1313,418) size 17x16
            text run at (1313,418) width 16: "\x{304C}"
          LayoutRuby (inline) {RUBY} at (0,0) size 17x16
            LayoutRubyRun (anonymous) at (1313,433) size 18x18
              LayoutRubyText {RT} at (-14,0) size 16x18
                LayoutText {#text} at (2,0) size 12x18
                  text run at (2,0) width 18: "\x{3057}\x{304B}"
              LayoutRubyBase (anonymous) at (0,0) size 18x18
                LayoutInline {RB} at (0,0) size 17x16
                  LayoutText {#text} at (0,1) size 17x16
                    text run at (0,1) width 16: "\x{78BA}"
          LayoutText {#text} at (1313,450) size 46x498
            text run at (1313,450) width 48: "\x{3068}\x{898B}\x{3048}"
            text run at (1342,0) width 64: "\x{306C}\x{304F}\x{3089}\x{3044}"
          LayoutRuby (inline) {RUBY} at (0,0) size 17x16
            LayoutRubyRun (anonymous) at (1342,63) size 18x18
              LayoutRubyText {RT} at (-14,0) size 16x18
                LayoutText {#text} at (2,0) size 12x18
                  text run at (2,0) width 18: "\x{3082}\x{3084}"
              LayoutRubyBase (anonymous) at (0,0) size 18x18
                LayoutInline {RB} at (0,0) size 17x16
                  LayoutText {#text} at (0,1) size 17x16
                    text run at (0,1) width 16: "\x{9744}"
          LayoutText {#text} at (1342,80) size 17x144
            text run at (1342,80) width 144: "\x{304C}\x{6FC3}\x{3044}\x{3002}\x{5C11}\x{3057}\x{624B}\x{524D}\x{306B}"
          LayoutRuby (inline) {RUBY} at (0,0) size 17x34
            LayoutRubyRun (anonymous) at (1342,223) size 18x36
              LayoutRubyText {RT} at (-14,0) size 16x36
                LayoutText {#text} at (2,0) size 12x36
                  text run at (2,0) width 36: "\x{306F}\x{3052}\x{3084}\x{307E}"
              LayoutRubyBase (anonymous) at (0,0) size 18x36
                LayoutInline {RB} at (0,0) size 17x34
                  LayoutText {#text} at (0,1) size 17x34
                    text run at (0,1) width 34: "\x{79BF}\x{5C71}"
          LayoutText {#text} at (1342,258) size 17x64
            text run at (1342,258) width 64: "\x{304C}\x{4E00}\x{3064}\x{3001}"
          LayoutRuby (inline) {RUBY} at (0,0) size 17x16
            LayoutRubyRun (anonymous) at (1342,321) size 18x18
              LayoutRubyText {RT} at (-14,0) size 16x18
                LayoutText {#text} at (2,0) size 12x18
                  text run at (2,0) width 18: "\x{3050}\x{3093}"
              LayoutRubyBase (anonymous) at (0,0) size 18x18
                LayoutInline {RB} at (0,0) size 17x16
                  LayoutText {#text} at (0,1) size 17x16
                    text run at (0,1) width 16: "\x{7FA4}"
          LayoutText {#text} at (1342,338) size 17x96
            text run at (1342,338) width 96: "\x{3092}\x{306C}\x{304D}\x{3093}\x{3067}\x{3066}"
          LayoutRuby (inline) {RUBY} at (0,0) size 17x16
            LayoutRubyRun (anonymous) at (1342,433) size 18x18
              LayoutRubyText {RT} at (-14,0) size 16x18
                LayoutText {#text} at (2,0) size 12x18
                  text run at (2,0) width 18: "\x{307E}\x{3086}"
              LayoutRubyBase (anonymous) at (0,0) size 18x18
                LayoutInline {RB} at (0,0) size 17x16
                  LayoutText {#text} at (0,1) size 17x16
                    text run at (0,1) width 16: "\x{7709}"
          LayoutText {#text} at (1342,450) size 17x16
            text run at (1342,450) width 16: "\x{306B}"
          LayoutRuby (inline) {RUBY} at (0,0) size 17x17
            LayoutRubyRun (anonymous) at (1342,465) size 18x18
              LayoutRubyText {RT} at (-14,0) size 16x18
                LayoutText {#text} at (2,0) size 12x18
                  text run at (2,0) width 18: "\x{305B}\x{307E}"
              LayoutRubyBase (anonymous) at (0,0) size 18x18
                LayoutInline {RB} at (0,0) size 17x16
                  LayoutText {#text} at (0,1) size 17x16
                    text run at (0,1) width 16: "\x{903C}"
          LayoutText {#text} at (1371,0) size 17x32
            text run at (1371,0) width 32: "\x{308B}\x{3002}"
          LayoutRuby (inline) {RUBY} at (0,0) size 17x16
            LayoutRubyRun (anonymous) at (1371,32) size 18x16
              LayoutRubyText {RT} at (-14,0) size 16x16
                LayoutText {#text} at (2,3) size 12x10
                  text run at (2,3) width 9: "\x{306F}"
              LayoutRubyBase (anonymous) at (0,0) size 18x16
                LayoutInline {RB} at (0,0) size 17x16
                  LayoutText {#text} at (0,0) size 17x16
                    text run at (0,0) width 16: "\x{79BF}"
          LayoutText {#text} at (1371,48) size 17x128
            text run at (1371,48) width 128: "\x{3052}\x{305F}\x{5074}\x{9762}\x{306F}\x{5DE8}\x{4EBA}\x{306E}"
          LayoutRuby (inline) {RUBY} at (0,0) size 17x16
            LayoutRubyRun (anonymous) at (1371,175) size 18x18
              LayoutRubyText {RT} at (-14,0) size 16x18
                LayoutText {#text} at (2,0) size 12x18
                  text run at (2,0) width 18: "\x{304A}\x{306E}"
              LayoutRubyBase (anonymous) at (0,0) size 18x18
                LayoutInline {RB} at (0,0) size 17x16
                  LayoutText {#text} at (0,1) size 17x16
                    text run at (0,1) width 16: "\x{65A7}"
          LayoutText {#text} at (1371,192) size 17x16
            text run at (1371,192) width 16: "\x{3067}"
          LayoutRuby (inline) {RUBY} at (0,0) size 17x16
            LayoutRubyRun (anonymous) at (1371,207) size 18x18
              LayoutRubyText {RT} at (-14,0) size 16x18
                LayoutText {#text} at (2,0) size 12x18
                  text run at (2,0) width 18: "\x{3051}\x{305A}"
              LayoutRubyBase (anonymous) at (0,0) size 18x18
                LayoutInline {RB} at (0,0) size 17x16
                  LayoutText {#text} at (0,1) size 17x16
                    text run at (0,1) width 16: "\x{524A}"
          LayoutText {#text} at (1371,224) size 46x496
            text run at (1371,224) width 272: "\x{308A}\x{53BB}\x{3063}\x{305F}\x{304B}\x{3001}\x{92ED}\x{3069}\x{304D}\x{5E73}\x{9762}\x{3092}\x{3084}\x{3051}\x{306B}\x{8C37}\x{306E}"
            text run at (1400,0) width 32: "\x{5E95}\x{306B}"
          LayoutRuby (inline) {RUBY} at (0,0) size 17x16
            LayoutRubyRun (anonymous) at (1400,31) size 18x18
              LayoutRubyText {RT} at (-14,0) size 16x18
                LayoutText {#text} at (2,0) size 12x18
                  text run at (2,0) width 18: "\x{3046}\x{305A}"
              LayoutRubyBase (anonymous) at (0,0) size 18x18
                LayoutInline {RB} at (0,0) size 17x16
                  LayoutText {#text} at (0,1) size 17x16
                    text run at (0,1) width 16: "\x{57CB}"
          LayoutText {#text} at (1400,48) size 17x80
            text run at (1400,48) width 80: "\x{3081}\x{3066}\x{3044}\x{308B}\x{3002}"
          LayoutRuby (inline) {RUBY} at (0,0) size 17x34
            LayoutRubyRun (anonymous) at (1400,127) size 18x36
              LayoutRubyText {RT} at (-14,0) size 16x36
                LayoutText {#text} at (2,0) size 12x36
                  text run at (2,0) width 36: "\x{3066}\x{3063}\x{307A}\x{3093}"
              LayoutRubyBase (anonymous) at (0,0) size 18x36
                LayoutInline {RB} at (0,0) size 17x34
                  LayoutText {#text} at (0,1) size 17x34
                    text run at (0,1) width 34: "\x{5929}\x{8FBA}"
          LayoutText {#text} at (1400,162) size 17x336
            text run at (1400,162) width 336: "\x{306B}\x{4E00}\x{672C}\x{898B}\x{3048}\x{308B}\x{306E}\x{306F}\x{8D64}\x{677E}\x{3060}\x{308D}\x{3046}\x{3002}\x{679D}\x{306E}\x{9593}\x{306E}\x{7A7A}\x{3055}\x{3048}"
          LayoutRuby (inline) {RUBY} at (0,0) size 17x35
            LayoutRubyRun (anonymous) at (1429,0) size 18x36
              LayoutRubyText {RT} at (-14,0) size 16x36
                LayoutText {#text} at (2,0) size 12x36
                  text run at (2,0) width 36: "\x{306F}\x{3063}\x{304D}\x{308A}"
              LayoutRubyBase (anonymous) at (0,0) size 18x36
                LayoutInline {RB} at (0,0) size 17x34
                  LayoutText {#text} at (0,1) size 17x34
                    text run at (0,1) width 34: "\x{5224}\x{7136}"
          LayoutText {#text} at (1429,35) size 17x448
            text run at (1429,35) width 448: "\x{3057}\x{3066}\x{3044}\x{308B}\x{3002}\x{884C}\x{304F}\x{624B}\x{306F}\x{4E8C}\x{4E01}\x{307B}\x{3069}\x{3067}\x{5207}\x{308C}\x{3066}\x{3044}\x{308B}\x{304C}\x{3001}\x{9AD8}\x{3044}\x{6240}\x{304B}\x{3089}\x{8D64}\x{3044}"
          LayoutRuby (inline) {RUBY} at (0,0) size 17x32
            LayoutRubyRun (anonymous) at (1458,0) size 18x32
              LayoutRubyText {RT} at (-14,0) size 16x32
                LayoutText {#text} at (2,0) size 12x31
                  text run at (2,0) width 30: "\x{3051}\x{3063}\x{3068}"
              LayoutRubyBase (anonymous) at (0,0) size 18x32
                LayoutInline {RB} at (0,0) size 17x32
                  LayoutText {#text} at (0,0) size 17x32
                    text run at (0,0) width 32: "\x{6BDB}\x{5E03}"
          LayoutText {#text} at (1458,32) size 46x496
            text run at (1458,32) width 464: "\x{304C}\x{52D5}\x{3044}\x{3066}\x{6765}\x{308B}\x{306E}\x{3092}\x{898B}\x{308B}\x{3068}\x{3001}\x{767B}\x{308C}\x{3070}\x{3042}\x{3059}\x{3053}\x{3078}\x{51FA}\x{308B}\x{306E}\x{3060}\x{308D}\x{3046}\x{3002}\x{8DEF}\x{306F}\x{3059}"
            text run at (1487,0) width 48: "\x{3053}\x{3076}\x{308B}"
          LayoutRuby (inline) {RUBY} at (0,0) size 17x32
            LayoutRubyRun (anonymous) at (1487,48) size 18x32
              LayoutRubyText {RT} at (-14,0) size 16x32
                LayoutText {#text} at (2,0) size 12x31
                  text run at (2,0) width 30: "\x{306A}\x{3093}\x{304E}"
              LayoutRubyBase (anonymous) at (0,0) size 18x32
                LayoutInline {RB} at (0,0) size 17x32
                  LayoutText {#text} at (0,0) size 17x32
                    text run at (0,0) width 32: "\x{96E3}\x{7FA9}"
          LayoutText {#text} at (1487,80) size 17x32
            text run at (1487,80) width 32: "\x{3060}\x{3002}"
          LayoutBR {BR} at (1487,112) size 17x0
          LayoutText {#text} at (1516,0) size 17x209
            text run at (1516,0) width 209: "\x{3000}\x{571F}\x{3092}\x{306A}\x{3089}\x{3059}\x{3060}\x{3051}\x{306A}\x{3089}\x{3055}\x{307B}\x{3069}"
          LayoutRuby (inline) {RUBY} at (0,0) size 17x32
            LayoutRubyRun (anonymous) at (1516,209) size 18x32
              LayoutRubyText {RT} at (-14,0) size 16x32
                LayoutText {#text} at (2,3) size 12x26
                  text run at (2,3) width 25: "\x{3066}\x{307E}"
              LayoutRubyBase (anonymous) at (0,0) size 18x32
                LayoutInline {RB} at (0,0) size 17x32
                  LayoutText {#text} at (0,0) size 17x32
                    text run at (0,0) width 32: "\x{624B}\x{9593}"
          LayoutText {#text} at (1516,241) size 17x16
            text run at (1516,241) width 16: "\x{3082}"
          LayoutRuby (inline) {RUBY} at (0,0) size 17x16
            LayoutRubyRun (anonymous) at (1516,257) size 18x16
              LayoutRubyText {RT} at (-14,0) size 16x16
                LayoutText {#text} at (2,3) size 12x10
                  text run at (2,3) width 9: "\x{3044}"
              LayoutRubyBase (anonymous) at (0,0) size 18x16
                LayoutInline {RB} at (0,0) size 17x16
                  LayoutText {#text} at (0,0) size 17x16
                    text run at (0,0) width 16: "\x{5165}"
          LayoutText {#text} at (1516,273) size 46x497
            text run at (1516,273) width 224: "\x{308B}\x{307E}\x{3044}\x{304C}\x{3001}\x{571F}\x{306E}\x{4E2D}\x{306B}\x{306F}\x{5927}\x{304D}\x{306A}\x{77F3}"
            text run at (1545,0) width 96: "\x{304C}\x{3042}\x{308B}\x{3002}\x{571F}\x{306F}"
          LayoutRuby (inline) {RUBY} at (0,0) size 17x16
            LayoutRubyRun (anonymous) at (1545,95) size 18x18
              LayoutRubyText {RT} at (-14,0) size 16x18
                LayoutText {#text} at (2,0) size 12x18
                  text run at (2,0) width 18: "\x{305F}\x{3044}"
              LayoutRubyBase (anonymous) at (0,0) size 18x18
                LayoutInline {RB} at (0,0) size 17x16
                  LayoutText {#text} at (0,1) size 17x16
                    text run at (0,1) width 16: "\x{5E73}"
          LayoutText {#text} at (1545,112) size 46x496
            text run at (1545,112) width 384: "\x{3089}\x{306B}\x{3057}\x{3066}\x{3082}\x{77F3}\x{306F}\x{5E73}\x{3089}\x{306B}\x{306A}\x{3089}\x{306C}\x{3002}\x{77F3}\x{306F}\x{5207}\x{308A}\x{7815}\x{3044}\x{3066}\x{3082}\x{3001}\x{5CA9}"
            text run at (1574,0) width 128: "\x{306F}\x{59CB}\x{672B}\x{304C}\x{3064}\x{304B}\x{306C}\x{3002}"
          LayoutRuby (inline) {RUBY} at (0,0) size 17x34
            LayoutRubyRun (anonymous) at (1574,127) size 18x36
              LayoutRubyText {RT} at (-14,0) size 16x36
                LayoutText {#text} at (2,0) size 12x36
                  text run at (2,0) width 36: "\x{307B}\x{308A}\x{304F}\x{305A}"
              LayoutRubyBase (anonymous) at (0,0) size 18x36
                LayoutInline {RB} at (0,0) size 17x34
                  LayoutText {#text} at (0,1) size 17x34
                    text run at (0,1) width 34: "\x{6398}\x{5D29}"
          LayoutText {#text} at (1574,162) size 17x96
            text run at (1574,162) width 96: "\x{3057}\x{305F}\x{571F}\x{306E}\x{4E0A}\x{306B}"
          LayoutRuby (inline) {RUBY} at (0,0) size 17x34
            LayoutRubyRun (anonymous) at (1574,257) size 18x36
              LayoutRubyText {RT} at (-14,0) size 16x36
                LayoutText {#text} at (2,0) size 12x36
                  text run at (2,0) width 36: "\x{3086}\x{3046}\x{305C}\x{3093}"
              LayoutRubyBase (anonymous) at (0,0) size 18x36
                LayoutInline {RB} at (0,0) size 17x34
                  LayoutText {#text} at (0,1) size 17x34
                    text run at (0,1) width 34: "\x{60A0}\x{7136}"
          LayoutText {#text} at (1574,292) size 17x16
            text run at (1574,292) width 16: "\x{3068}"
          LayoutRuby (inline) {RUBY} at (0,0) size 17x19
            LayoutRubyRun (anonymous) at (1574,304) size 18x27
              LayoutRubyText {RT} at (-14,0) size 16x27
                LayoutText {#text} at (2,0) size 12x27
                  text run at (2,0) width 27: "\x{305D}\x{3070}\x{3060}"
              LayoutRubyBase (anonymous) at (0,0) size 18x27
                LayoutInline {RB} at (0,0) size 17x17
                  LayoutText {#text} at (0,5) size 17x17
                    text run at (0,5) width 16: "\x{5CD9}"
          LayoutText {#text} at (1574,327) size 46x503
            text run at (1574,327) width 176: "\x{3063}\x{3066}\x{3001}\x{543E}\x{3089}\x{306E}\x{305F}\x{3081}\x{306B}\x{9053}\x{3092}"
            text run at (1603,0) width 32: "\x{8B72}\x{308B}"
          LayoutRuby (inline) {RUBY} at (0,0) size 17x32
            LayoutRubyRun (anonymous) at (1603,32) size 18x32
              LayoutRubyText {RT} at (-14,0) size 16x32
                LayoutText {#text} at (2,0) size 12x31
                  text run at (2,0) width 30: "\x{3051}\x{3057}\x{304D}"
              LayoutRubyBase (anonymous) at (0,0) size 18x32
                LayoutInline {RB} at (0,0) size 17x32
                  LayoutText {#text} at (0,0) size 17x32
                    text run at (0,0) width 32: "\x{666F}\x{8272}"
          LayoutText {#text} at (1603,64) size 46x480
            text run at (1603,64) width 416: "\x{306F}\x{306A}\x{3044}\x{3002}\x{5411}\x{3046}\x{3067}\x{805E}\x{304B}\x{306C}\x{4E0A}\x{306F}\x{4E57}\x{308A}\x{8D8A}\x{3059}\x{304B}\x{3001}\x{5EFB}\x{3089}\x{306A}\x{3051}\x{308C}\x{3070}\x{306A}\x{3089}"
            text run at (1632,0) width 32: "\x{3093}\x{3002}"
          LayoutRuby (inline) {RUBY} at (0,0) size 17x16
            LayoutRubyRun (anonymous) at (1632,31) size 18x18
              LayoutRubyText {RT} at (-14,0) size 16x18
                LayoutText {#text} at (2,0) size 12x18
                  text run at (2,0) width 18: "\x{3044}\x{308F}"
              LayoutRubyBase (anonymous) at (0,0) size 18x18
                LayoutInline {RB} at (0,0) size 17x16
                  LayoutText {#text} at (0,1) size 17x16
                    text run at (0,1) width 16: "\x{5DCC}"
          LayoutText {#text} at (1632,48) size 17x112
            text run at (1632,48) width 112: "\x{306E}\x{306A}\x{3044}\x{6240}\x{3067}\x{3055}\x{3048}"
          LayoutRuby (inline) {RUBY} at (0,0) size 17x16
            LayoutRubyRun (anonymous) at (1632,160) size 18x16
              LayoutRubyText {RT} at (-14,0) size 16x16
                LayoutText {#text} at (2,3) size 12x10
                  text run at (2,3) width 9: "\x{3042}"
              LayoutRubyBase (anonymous) at (0,0) size 18x16
                LayoutInline {RB} at (0,0) size 17x16
                  LayoutText {#text} at (0,0) size 17x16
                    text run at (0,0) width 16: "\x{6B69}"
          LayoutText {#text} at (1632,176) size 17x304
            text run at (1632,176) width 304: "\x{308B}\x{304D}\x{3088}\x{304F}\x{306F}\x{306A}\x{3044}\x{3002}\x{5DE6}\x{53F3}\x{304C}\x{9AD8}\x{304F}\x{3063}\x{3066}\x{3001}\x{4E2D}\x{5FC3}\x{304C}"
          LayoutRuby (inline) {RUBY} at (0,0) size 17x17
            LayoutRubyRun (anonymous) at (1632,479) size 18x18
              LayoutRubyText {RT} at (-14,0) size 16x18
                LayoutText {#text} at (2,0) size 12x18
                  text run at (2,0) width 18: "\x{304F}\x{307C}"
              LayoutRubyBase (anonymous) at (0,0) size 18x18
                LayoutInline {RB} at (0,0) size 17x16
                  LayoutText {#text} at (0,1) size 17x16
                    text run at (0,1) width 16: "\x{7AAA}"
          LayoutText {#text} at (1661,0) size 17x128
            text run at (1661,0) width 128: "\x{3093}\x{3067}\x{3001}\x{307E}\x{308B}\x{3067}\x{4E00}\x{9593}"
          LayoutRuby (inline) {RUBY} at (0,0) size 17x16
            LayoutRubyRun (anonymous) at (1661,127) size 18x18
              LayoutRubyText {RT} at (-14,0) size 16x18
                LayoutText {#text} at (2,0) size 12x18
                  text run at (2,0) width 18: "\x{306F}\x{3070}"
              LayoutRubyBase (anonymous) at (0,0) size 18x18
                LayoutInline {RB} at (0,0) size 17x16
                  LayoutText {#text} at (0,1) size 17x16
                    text run at (0,1) width 16: "\x{5E45}"
          LayoutText {#text} at (1661,144) size 17x64
            text run at (1661,144) width 64: "\x{3092}\x{4E09}\x{89D2}\x{306B}"
          LayoutRuby (inline) {RUBY} at (0,0) size 17x16
            LayoutRubyRun (anonymous) at (1661,208) size 18x16
              LayoutRubyText {RT} at (-14,0) size 16x16
                LayoutText {#text} at (2,3) size 12x10
                  text run at (2,3) width 9: "\x{304F}"
              LayoutRubyBase (anonymous) at (0,0) size 18x16
                LayoutInline {RB} at (0,0) size 17x16
                  LayoutText {#text} at (0,0) size 17x16
                    text run at (0,0) width 16: "\x{7A7F}"
          LayoutText {#text} at (1661,224) size 17x128
            text run at (1661,224) width 128: "\x{3063}\x{3066}\x{3001}\x{305D}\x{306E}\x{9802}\x{70B9}\x{304C}"
          LayoutRuby (inline) {RUBY} at (0,0) size 17x34
            LayoutRubyRun (anonymous) at (1661,351) size 18x36
              LayoutRubyText {RT} at (-14,0) size 16x36
                LayoutText {#text} at (2,0) size 12x36
                  text run at (2,0) width 36: "\x{307E}\x{3093}\x{306A}\x{304B}"
              LayoutRubyBase (anonymous) at (0,0) size 18x36
                LayoutInline {RB} at (0,0) size 17x34
                  LayoutText {#text} at (0,1) size 17x34
                    text run at (0,1) width 34: "\x{771F}\x{4E2D}"
          LayoutText {#text} at (1661,386) size 17x16
            text run at (1661,386) width 16: "\x{3092}"
          LayoutRuby (inline) {RUBY} at (0,0) size 17x19
            LayoutRubyRun (anonymous) at (1661,398) size 18x27
              LayoutRubyText {RT} at (-14,0) size 16x27
                LayoutText {#text} at (2,0) size 12x27
                  text run at (2,0) width 27: "\x{3064}\x{3089}\x{306C}"
              LayoutRubyBase (anonymous) at (0,0) size 18x27
                LayoutInline {RB} at (0,0) size 17x17
                  LayoutText {#text} at (0,5) size 17x17
                    text run at (0,5) width 16: "\x{8CAB}"
          LayoutText {#text} at (1661,421) size 46x501
            text run at (1661,421) width 80: "\x{3044}\x{3066}\x{3044}\x{308B}\x{3068}"
            text run at (1690,0) width 320: "\x{8A55}\x{3057}\x{3066}\x{3082}\x{3088}\x{3044}\x{3002}\x{8DEF}\x{3092}\x{884C}\x{304F}\x{3068}\x{4E91}\x{308F}\x{3093}\x{3088}\x{308A}\x{5DDD}\x{5E95}\x{3092}"
          LayoutRuby (inline) {RUBY} at (0,0) size 17x16
            LayoutRubyRun (anonymous) at (1690,319) size 18x18
              LayoutRubyText {RT} at (-14,0) size 16x18
                LayoutText {#text} at (2,0) size 12x18
                  text run at (2,0) width 18: "\x{308F}\x{305F}"
              LayoutRubyBase (anonymous) at (0,0) size 18x18
                LayoutInline {RB} at (0,0) size 17x16
                  LayoutText {#text} at (0,1) size 17x16
                    text run at (0,1) width 16: "\x{6E09}"
          LayoutText {#text} at (1690,336) size 17x160
            text run at (1690,336) width 160: "\x{308B}\x{3068}\x{4E91}\x{3046}\x{65B9}\x{304C}\x{9069}\x{5F53}\x{3060}\x{3002}"
          LayoutRuby (inline) {RUBY} at (0,0) size 17x17
            LayoutRubyRun (anonymous) at (1719,0) size 18x18
              LayoutRubyText {RT} at (-14,0) size 16x18
                LayoutText {#text} at (2,0) size 12x18
                  text run at (2,0) width 18: "\x{3082}\x{3068}"
              LayoutRubyBase (anonymous) at (0,0) size 18x18
                LayoutInline {RB} at (0,0) size 17x16
                  LayoutText {#text} at (0,1) size 17x16
                    text run at (0,1) width 16: "\x{56FA}"
          LayoutText {#text} at (1719,17) size 17x256
            text run at (1719,17) width 256: "\x{3088}\x{308A}\x{6025}\x{3050}\x{65C5}\x{3067}\x{306A}\x{3044}\x{304B}\x{3089}\x{3001}\x{3076}\x{3089}\x{3076}\x{3089}\x{3068}"
          LayoutRuby (inline) {RUBY} at (0,0) size 17x34
            LayoutRubyRun (anonymous) at (1719,272) size 18x36
              LayoutRubyText {RT} at (-14,0) size 16x36
                LayoutText {#text} at (2,0) size 12x36
                  text run at (2,0) width 36: "\x{306A}\x{306A}\x{307E}\x{304C}"
              LayoutRubyBase (anonymous) at (0,0) size 18x36
                LayoutInline {RB} at (0,0) size 17x34
                  LayoutText {#text} at (0,1) size 17x34
                    text run at (0,1) width 34: "\x{4E03}\x{66F2}"
          LayoutText {#text} at (1719,307) size 17x96
            text run at (1719,307) width 96: "\x{308A}\x{3078}\x{304B}\x{304B}\x{308B}\x{3002}"
          LayoutBR {BR} at (1719,403) size 17x0
          LayoutText {#text} at (1748,0) size 17x145
            text run at (1748,0) width 145: "\x{3000}\x{305F}\x{3061}\x{307E}\x{3061}\x{8DB3}\x{306E}\x{4E0B}\x{3067}"
          LayoutRuby (inline) {RUBY} at (0,0) size 17x32
            LayoutRubyRun (anonymous) at (1748,145) size 18x32
              LayoutRubyText {RT} at (-14,0) size 16x32
                LayoutText {#text} at (2,0) size 12x31
                  text run at (2,0) width 30: "\x{3072}\x{3070}\x{308A}"
              LayoutRubyBase (anonymous) at (0,0) size 18x32
                LayoutInline {RB} at (0,0) size 17x32
                  LayoutText {#text} at (0,0) size 17x32
                    text run at (0,0) width 32: "\x{96F2}\x{96C0}"
          LayoutText {#text} at (1748,177) size 17x160
            text run at (1748,177) width 160: "\x{306E}\x{58F0}\x{304C}\x{3057}\x{51FA}\x{3057}\x{305F}\x{3002}\x{8C37}\x{3092}"
          LayoutRuby (inline) {RUBY} at (0,0) size 17x32
            LayoutRubyRun (anonymous) at (1748,337) size 18x32
              LayoutRubyText {RT} at (-14,0) size 16x32
                LayoutText {#text} at (2,0) size 12x31
                  text run at (2,0) width 30: "\x{307F}\x{304A}\x{308D}"
              LayoutRubyBase (anonymous) at (0,0) size 18x32
                LayoutInline {RB} at (0,0) size 17x32
                  LayoutText {#text} at (0,0) size 17x32
                    text run at (0,0) width 32: "\x{898B}\x{4E0B}"
          LayoutText {#text} at (1748,369) size 46x497
            text run at (1748,369) width 128: "\x{3057}\x{305F}\x{304C}\x{3001}\x{3069}\x{3053}\x{3067}\x{9CF4}"
            text run at (1777,0) width 480: "\x{3044}\x{3066}\x{308B}\x{304B}\x{5F71}\x{3082}\x{5F62}\x{3082}\x{898B}\x{3048}\x{306C}\x{3002}\x{305F}\x{3060}\x{58F0}\x{3060}\x{3051}\x{304C}\x{660E}\x{3089}\x{304B}\x{306B}\x{805E}\x{3048}\x{308B}\x{3002}\x{305B}\x{3063}\x{305B}\x{3068}"
          LayoutRuby (inline) {RUBY} at (0,0) size 17x17
            LayoutRubyRun (anonymous) at (1777,479) size 18x18
              LayoutRubyText {RT} at (-14,0) size 16x18
                LayoutText {#text} at (2,0) size 12x18
                  text run at (2,0) width 18: "\x{305B}\x{308F}"
              LayoutRubyBase (anonymous) at (0,0) size 18x18
                LayoutInline {RB} at (0,0) size 17x16
                  LayoutText {#text} at (0,1) size 17x16
                    text run at (0,1) width 16: "\x{5FD9}"
          LayoutText {#text} at (1806,0) size 17x48
            text run at (1806,0) width 48: "\x{3057}\x{304F}\x{3001}"
          LayoutRuby (inline) {RUBY} at (0,0) size 17x32
            LayoutRubyRun (anonymous) at (1806,48) size 18x32
              LayoutRubyText {RT} at (-14,0) size 16x32
                LayoutText {#text} at (2,0) size 12x31
                  text run at (2,0) width 30: "\x{305F}\x{3048}\x{307E}"
              LayoutRubyBase (anonymous) at (0,0) size 18x32
                LayoutInline {RB} at (0,0) size 17x32
                  LayoutText {#text} at (0,0) size 17x32
                    text run at (0,0) width 32: "\x{7D76}\x{9593}"
          LayoutText {#text} at (1806,80) size 17x128
            text run at (1806,80) width 128: "\x{306A}\x{304F}\x{9CF4}\x{3044}\x{3066}\x{3044}\x{308B}\x{3002}"
          LayoutRuby (inline) {RUBY} at (0,0) size 17x48
            LayoutRubyRun (anonymous) at (1806,208) size 18x48
              LayoutRubyText {RT} at (-14,0) size 16x48
                LayoutText {#text} at (2,0) size 12x48
                  text run at (2,0) width 47: "\x{307B}\x{3046}\x{3044}\x{304F}\x{308A}"
              LayoutRubyBase (anonymous) at (0,0) size 18x48
                LayoutInline {RB} at (0,0) size 17x48
                  LayoutText {#text} at (0,0) size 17x48
                    text run at (0,0) width 48: "\x{65B9}\x{5E7E}\x{91CC}"
          LayoutText {#text} at (1806,256) size 17x112
            text run at (1806,256) width 112: "\x{306E}\x{7A7A}\x{6C17}\x{304C}\x{4E00}\x{9762}\x{306B}"
          LayoutRuby (inline) {RUBY} at (0,0) size 17x16
            LayoutRubyRun (anonymous) at (1806,367) size 18x18
              LayoutRubyText {RT} at (-14,0) size 16x18
                LayoutText {#text} at (2,0) size 12x18
                  text run at (2,0) width 18: "\x{306E}\x{307F}"
              LayoutRubyBase (anonymous) at (0,0) size 18x18
                LayoutInline {RB} at (0,0) size 17x16
                  LayoutText {#text} at (0,1) size 17x16
                    text run at (0,1) width 16: "\x{86A4}"
          LayoutText {#text} at (1806,384) size 46x496
            text run at (1806,384) width 112: "\x{306B}\x{523A}\x{3055}\x{308C}\x{3066}\x{3044}\x{305F}"
            text run at (1835,0) width 304: "\x{305F}\x{307E}\x{308C}\x{306A}\x{3044}\x{3088}\x{3046}\x{306A}\x{6C17}\x{304C}\x{3059}\x{308B}\x{3002}\x{3042}\x{306E}\x{9CE5}\x{306E}\x{9CF4}\x{304F}"
          LayoutRuby (inline) {RUBY} at (0,0) size 17x16
            LayoutRubyRun (anonymous) at (1835,304) size 18x16
              LayoutRubyText {RT} at (-14,0) size 16x16
                LayoutText {#text} at (2,3) size 12x10
                  text run at (2,3) width 9: "\x{306D}"
              LayoutRubyBase (anonymous) at (0,0) size 18x16
                LayoutInline {RB} at (0,0) size 17x16
                  LayoutText {#text} at (0,0) size 17x16
                    text run at (0,0) width 16: "\x{97F3}"
          LayoutText {#text} at (1835,320) size 102x496
            text run at (1835,320) width 176: "\x{306B}\x{306F}\x{77AC}\x{6642}\x{306E}\x{4F59}\x{88D5}\x{3082}\x{306A}\x{3044}\x{3002}"
            text run at (1863,0) width 496: "\x{306E}\x{3069}\x{304B}\x{306A}\x{6625}\x{306E}\x{65E5}\x{3092}\x{9CF4}\x{304D}\x{5C3D}\x{304F}\x{3057}\x{3001}\x{9CF4}\x{304D}\x{3042}\x{304B}\x{3057}\x{3001}\x{307E}\x{305F}\x{9CF4}\x{304D}\x{66AE}\x{3089}\x{3055}\x{306A}\x{3051}\x{308C}\x{3070}"
            text run at (1891,0) width 496: "\x{6C17}\x{304C}\x{6E08}\x{307E}\x{3093}\x{3068}\x{898B}\x{3048}\x{308B}\x{3002}\x{305D}\x{306E}\x{4E0A}\x{3069}\x{3053}\x{307E}\x{3067}\x{3082}\x{767B}\x{3063}\x{3066}\x{884C}\x{304F}\x{3001}\x{3044}\x{3064}\x{307E}\x{3067}\x{3082}\x{767B}\x{3063}"
            text run at (1920,0) width 432: "\x{3066}\x{884C}\x{304F}\x{3002}\x{96F2}\x{96C0}\x{306F}\x{304D}\x{3063}\x{3068}\x{96F2}\x{306E}\x{4E2D}\x{3067}\x{6B7B}\x{306C}\x{306B}\x{76F8}\x{9055}\x{306A}\x{3044}\x{3002}\x{767B}\x{308A}\x{8A70}\x{3081}\x{305F}"
          LayoutRuby (inline) {RUBY} at (0,0) size 17x32
            LayoutRubyRun (anonymous) at (1920,432) size 18x32
              LayoutRubyText {RT} at (-14,0) size 16x32
                LayoutText {#text} at (2,0) size 12x31
                  text run at (2,0) width 30: "\x{3042}\x{3052}\x{304F}"
              LayoutRubyBase (anonymous) at (0,0) size 18x32
                LayoutInline {RB} at (0,0) size 17x32
                  LayoutText {#text} at (0,0) size 17x32
                    text run at (0,0) width 32: "\x{63DA}\x{53E5}"
          LayoutText {#text} at (1920,464) size 46x496
            text run at (1920,464) width 32: "\x{306F}\x{3001}"
            text run at (1949,0) width 80: "\x{6D41}\x{308C}\x{3066}\x{96F2}\x{306B}"
          LayoutRuby (inline) {RUBY} at (0,0) size 17x16
            LayoutRubyRun (anonymous) at (1949,80) size 18x16
              LayoutRubyText {RT} at (-14,0) size 16x16
                LayoutText {#text} at (2,3) size 12x10
                  text run at (2,3) width 9: "\x{3044}"
              LayoutRubyBase (anonymous) at (0,0) size 18x16
                LayoutInline {RB} at (0,0) size 17x16
                  LayoutText {#text} at (0,0) size 17x16
                    text run at (0,0) width 16: "\x{5165}"
          LayoutText {#text} at (1949,96) size 17x48
            text run at (1949,96) width 48: "\x{3063}\x{3066}\x{3001}"
          LayoutRuby (inline) {RUBY} at (0,0) size 17x19
            LayoutRubyRun (anonymous) at (1949,140) size 18x27
              LayoutRubyText {RT} at (-14,0) size 16x27
                LayoutText {#text} at (2,0) size 12x27
                  text run at (2,0) width 27: "\x{305F}\x{3060}\x{3088}"
              LayoutRubyBase (anonymous) at (0,0) size 18x27
                LayoutInline {RB} at (0,0) size 17x17
                  LayoutText {#text} at (0,5) size 17x17
                    text run at (0,5) width 16: "\x{6F02}"
          LayoutText {#text} at (1949,163) size 46x499
            text run at (1949,163) width 336: "\x{3046}\x{3066}\x{3044}\x{308B}\x{3046}\x{3061}\x{306B}\x{5F62}\x{306F}\x{6D88}\x{3048}\x{3066}\x{306A}\x{304F}\x{306A}\x{3063}\x{3066}\x{3001}\x{305F}\x{3060}\x{58F0}"
            text run at (1978,0) width 80: "\x{3060}\x{3051}\x{304C}\x{7A7A}\x{306E}"
          LayoutRuby (inline) {RUBY} at (0,0) size 17x16
            LayoutRubyRun (anonymous) at (1978,79) size 18x18
              LayoutRubyText {RT} at (-14,0) size 16x18
                LayoutText {#text} at (2,0) size 12x18
                  text run at (2,0) width 18: "\x{3046}\x{3061}"
              LayoutRubyBase (anonymous) at (0,0) size 18x18
                LayoutInline {RB} at (0,0) size 17x16
                  LayoutText {#text} at (0,1) size 17x16
                    text run at (0,1) width 16: "\x{88E1}"
          LayoutText {#text} at (1978,96) size 17x176
            text run at (1978,96) width 176: "\x{306B}\x{6B8B}\x{308B}\x{306E}\x{304B}\x{3082}\x{77E5}\x{308C}\x{306A}\x{3044}\x{3002}"
          LayoutBR {BR} at (1978,272) size 17x0
          LayoutText {#text} at (2007,0) size 17x17
            text run at (2007,0) width 17: "\x{3000}"
          LayoutRuby (inline) {RUBY} at (0,0) size 17x34
            LayoutRubyRun (anonymous) at (2007,16) size 18x36
              LayoutRubyText {RT} at (-14,0) size 16x36
                LayoutText {#text} at (2,0) size 12x36
                  text run at (2,0) width 36: "\x{3044}\x{308F}\x{304B}\x{3069}"
              LayoutRubyBase (anonymous) at (0,0) size 18x36
                LayoutInline {RB} at (0,0) size 17x34
                  LayoutText {#text} at (0,1) size 17x34
                    text run at (0,1) width 34: "\x{5DCC}\x{89D2}"
          LayoutText {#text} at (2007,51) size 17x128
            text run at (2007,51) width 128: "\x{3092}\x{92ED}\x{3069}\x{304F}\x{5EFB}\x{3063}\x{3066}\x{3001}"
          LayoutRuby (inline) {RUBY} at (0,0) size 17x32
            LayoutRubyRun (anonymous) at (2007,179) size 18x32
              LayoutRubyText {RT} at (-14,0) size 16x32
                LayoutText {#text} at (2,0) size 12x31
                  text run at (2,0) width 30: "\x{3042}\x{3093}\x{307E}"
              LayoutRubyBase (anonymous) at (0,0) size 18x32
                LayoutInline {RB} at (0,0) size 17x32
                  LayoutText {#text} at (0,0) size 17x32
                    text run at (0,0) width 32: "\x{6309}\x{6469}"
          LayoutText {#text} at (2007,211) size 17x32
            text run at (2007,211) width 32: "\x{306A}\x{3089}"
          LayoutRuby (inline) {RUBY} at (0,0) size 17x52
            LayoutRubyRun (anonymous) at (2007,242) size 18x54
              LayoutRubyText {RT} at (-14,0) size 16x54
                LayoutText {#text} at (2,0) size 12x54
                  text run at (2,0) width 54: "\x{307E}\x{3063}\x{3055}\x{304B}\x{3055}\x{307E}"
              LayoutRubyBase (anonymous) at (0,0) size 18x54
                LayoutInline {RB} at (0,0) size 17x52
                  LayoutText {#text} at (0,1) size 17x52
                    text run at (0,1) width 52: "\x{771F}\x{9006}\x{69D8}"
          LayoutText {#text} at (2007,295) size 17x144
            text run at (2007,295) width 144: "\x{306B}\x{843D}\x{3064}\x{308B}\x{3068}\x{3053}\x{308D}\x{3092}\x{3001}"
          LayoutRuby (inline) {RUBY} at (0,0) size 17x16
            LayoutRubyRun (anonymous) at (2007,438) size 18x18
              LayoutRubyText {RT} at (-14,0) size 16x18
                LayoutText {#text} at (2,0) size 12x18
                  text run at (2,0) width 18: "\x{304D}\x{308F}"
              LayoutRubyBase (anonymous) at (0,0) size 18x18
                LayoutInline {RB} at (0,0) size 17x16
                  LayoutText {#text} at (0,1) size 17x16
                    text run at (0,1) width 16: "\x{969B}"
          LayoutText {#text} at (2007,455) size 46x503
            text run at (2007,455) width 48: "\x{3069}\x{304F}\x{53F3}"
            text run at (2036,0) width 112: "\x{3078}\x{5207}\x{308C}\x{3066}\x{3001}\x{6A2A}\x{306B}"
          LayoutRuby (inline) {RUBY} at (0,0) size 17x32
            LayoutRubyRun (anonymous) at (2036,112) size 18x32
              LayoutRubyText {RT} at (-14,0) size 16x32
                LayoutText {#text} at (2,0) size 12x31
                  text run at (2,0) width 30: "\x{307F}\x{304A}\x{308D}"
              LayoutRubyBase (anonymous) at (0,0) size 18x32
                LayoutInline {RB} at (0,0) size 17x32
                  LayoutText {#text} at (0,0) size 17x32
                    text run at (0,0) width 32: "\x{898B}\x{4E0B}"
          LayoutText {#text} at (2036,144) size 17x48
            text run at (2036,144) width 48: "\x{3059}\x{3068}\x{3001}"
          LayoutRuby (inline) {RUBY} at (0,0) size 17x16
            LayoutRubyRun (anonymous) at (2036,192) size 18x16
              LayoutRubyText {RT} at (-14,0) size 16x16
                LayoutText {#text} at (2,3) size 12x10
                  text run at (2,3) width 9: "\x{306A}"
              LayoutRubyBase (anonymous) at (0,0) size 18x16
                LayoutInline {RB} at (0,0) size 17x16
                  LayoutText {#text} at (0,0) size 17x16
                    text run at (0,0) width 16: "\x{83DC}"
          LayoutText {#text} at (2036,208) size 46x496
            text run at (2036,208) width 288: "\x{306E}\x{82B1}\x{304C}\x{4E00}\x{9762}\x{306B}\x{898B}\x{3048}\x{308B}\x{3002}\x{96F2}\x{96C0}\x{306F}\x{3042}\x{3059}\x{3053}\x{3078}\x{843D}"
            text run at (2065,0) width 240: "\x{3061}\x{308B}\x{306E}\x{304B}\x{3068}\x{601D}\x{3063}\x{305F}\x{3002}\x{3044}\x{3044}\x{3084}\x{3001}\x{3042}\x{306E}"
          LayoutRuby (inline) {RUBY} at (0,0) size 17x32
            LayoutRubyRun (anonymous) at (2065,240) size 18x32
              LayoutRubyText {RT} at (-14,0) size 16x32
                LayoutText {#text} at (2,0) size 12x31
                  text run at (2,0) width 30: "\x{3053}\x{304C}\x{306D}"
              LayoutRubyBase (anonymous) at (0,0) size 18x32
                LayoutInline {RB} at (0,0) size 17x32
                  LayoutText {#text} at (0,0) size 17x32
                    text run at (0,0) width 32: "\x{9EC4}\x{91D1}"
          LayoutText {#text} at (2065,272) size 46x496
            text run at (2065,272) width 224: "\x{306E}\x{539F}\x{304B}\x{3089}\x{98DB}\x{3073}\x{4E0A}\x{304C}\x{3063}\x{3066}\x{304F}\x{308B}\x{306E}\x{304B}"
            text run at (2094,0) width 240: "\x{3068}\x{601D}\x{3063}\x{305F}\x{3002}\x{6B21}\x{306B}\x{306F}\x{843D}\x{3061}\x{308B}\x{96F2}\x{96C0}\x{3068}\x{3001}"
          LayoutRuby (inline) {RUBY} at (0,0) size 17x16
            LayoutRubyRun (anonymous) at (2094,239) size 18x18
              LayoutRubyText {RT} at (-14,0) size 16x18
                LayoutText {#text} at (2,0) size 12x18
                  text run at (2,0) width 18: "\x{3042}\x{304C}"
              LayoutRubyBase (anonymous) at (0,0) size 18x18
                LayoutInline {RB} at (0,0) size 17x16
                  LayoutText {#text} at (0,1) size 17x16
                    text run at (0,1) width 16: "\x{4E0A}"
          LayoutText {#text} at (2094,256) size 17x16
            text run at (2094,256) width 16: "\x{308B}"
          LayoutRuby (inline) {RUBY} at (0,0) size 17x32
            LayoutRubyRun (anonymous) at (2094,272) size 18x32
              LayoutRubyText {RT} at (-14,0) size 16x32
                LayoutText {#text} at (2,0) size 12x31
                  text run at (2,0) width 30: "\x{3072}\x{3070}\x{308A}"
              LayoutRubyBase (anonymous) at (0,0) size 18x32
                LayoutInline {RB} at (0,0) size 17x32
                  LayoutText {#text} at (0,0) size 17x32
                    text run at (0,0) width 32: "\x{96F2}\x{96C0}"
          LayoutText {#text} at (2094,304) size 46x496
            text run at (2094,304) width 192: "\x{304C}\x{5341}\x{6587}\x{5B57}\x{306B}\x{3059}\x{308C}\x{9055}\x{3046}\x{306E}\x{304B}\x{3068}"
            text run at (2123,0) width 400: "\x{601D}\x{3063}\x{305F}\x{3002}\x{6700}\x{5F8C}\x{306B}\x{3001}\x{843D}\x{3061}\x{308B}\x{6642}\x{3082}\x{3001}\x{4E0A}\x{308B}\x{6642}\x{3082}\x{3001}\x{307E}\x{305F}\x{5341}\x{6587}\x{5B57}\x{306B}"
          LayoutRuby (inline) {RUBY} at (0,0) size 17x16
            LayoutRubyRun (anonymous) at (2123,400) size 18x16
              LayoutRubyText {RT} at (-14,0) size 16x16
                LayoutText {#text} at (2,3) size 12x10
                  text run at (2,3) width 9: "\x{3059}"
              LayoutRubyBase (anonymous) at (0,0) size 18x16
                LayoutInline {RB} at (0,0) size 17x16
                  LayoutText {#text} at (0,0) size 17x16
                    text run at (0,0) width 16: "\x{64E6}"
          LayoutText {#text} at (2123,416) size 45x496
            text run at (2123,416) width 80: "\x{308C}\x{9055}\x{3046}\x{3068}\x{304D}"
            text run at (2151,0) width 320: "\x{306B}\x{3082}\x{5143}\x{6C17}\x{3088}\x{304F}\x{9CF4}\x{304D}\x{3064}\x{3065}\x{3051}\x{308B}\x{3060}\x{308D}\x{3046}\x{3068}\x{601D}\x{3063}\x{305F}\x{3002}"
          LayoutBR {BR} at (2151,320) size 17x0
          LayoutText {#text} at (2180,0) size 17x193
            text run at (2180,0) width 193: "\x{3000}\x{6625}\x{306F}\x{7720}\x{304F}\x{306A}\x{308B}\x{3002}\x{732B}\x{306F}\x{9F20}\x{3092}"
          LayoutRuby (inline) {RUBY} at (0,0) size 17x16
            LayoutRubyRun (anonymous) at (2180,193) size 18x16
              LayoutRubyText {RT} at (-14,0) size 16x16
                LayoutText {#text} at (2,3) size 12x10
                  text run at (2,3) width 9: "\x{3068}"
              LayoutRubyBase (anonymous) at (0,0) size 18x16
                LayoutInline {RB} at (0,0) size 17x16
                  LayoutText {#text} at (0,0) size 17x16
                    text run at (0,0) width 16: "\x{6355}"
          LayoutText {#text} at (2180,209) size 46x497
            text run at (2180,209) width 288: "\x{308B}\x{4E8B}\x{3092}\x{5FD8}\x{308C}\x{3001}\x{4EBA}\x{9593}\x{306F}\x{501F}\x{91D1}\x{306E}\x{3042}\x{308B}\x{4E8B}\x{3092}\x{5FD8}\x{308C}"
            text run at (2209,0) width 128: "\x{308B}\x{3002}\x{6642}\x{306B}\x{306F}\x{81EA}\x{5206}\x{306E}"
          LayoutRuby (inline) {RUBY} at (0,0) size 17x28
            LayoutRubyRun (anonymous) at (2209,124) size 18x36
              LayoutRubyText {RT} at (-14,0) size 16x36
                LayoutText {#text} at (2,0) size 12x36
                  text run at (2,0) width 36: "\x{305F}\x{307E}\x{3057}\x{3044}"
              LayoutRubyBase (anonymous) at (0,0) size 18x36
                LayoutInline {RB} at (0,0) size 17x16
                  LayoutText {#text} at (0,10) size 17x16
                    text run at (0,10) width 16: "\x{9B42}"
          LayoutText {#text} at (2209,156) size 17x16
            text run at (2209,156) width 16: "\x{306E}"
          LayoutRuby (inline) {RUBY} at (0,0) size 17x34
            LayoutRubyRun (anonymous) at (2209,171) size 18x36
              LayoutRubyText {RT} at (-14,0) size 16x36
                LayoutText {#text} at (2,0) size 12x36
                  text run at (2,0) width 36: "\x{3044}\x{3069}\x{3053}\x{308D}"
              LayoutRubyBase (anonymous) at (0,0) size 18x36
                LayoutInline {RB} at (0,0) size 17x34
                  LayoutText {#text} at (0,1) size 17x34
                    text run at (0,1) width 34: "\x{5C45}\x{6240}"
          LayoutText {#text} at (2209,206) size 46x494
            text run at (2209,206) width 288: "\x{3055}\x{3048}\x{5FD8}\x{308C}\x{3066}\x{6B63}\x{4F53}\x{306A}\x{304F}\x{306A}\x{308B}\x{3002}\x{305F}\x{3060}\x{83DC}\x{306E}\x{82B1}\x{3092}"
            text run at (2238,0) width 160: "\x{9060}\x{304F}\x{671B}\x{3093}\x{3060}\x{3068}\x{304D}\x{306B}\x{773C}\x{304C}"
          LayoutRuby (inline) {RUBY} at (0,0) size 17x16
            LayoutRubyRun (anonymous) at (2238,160) size 18x16
              LayoutRubyText {RT} at (-14,0) size 16x16
                LayoutText {#text} at (2,3) size 12x10
                  text run at (2,3) width 9: "\x{3055}"
              LayoutRubyBase (anonymous) at (0,0) size 18x16
                LayoutInline {RB} at (0,0) size 17x16
                  LayoutText {#text} at (0,0) size 17x16
                    text run at (0,0) width 16: "\x{9192}"
          LayoutText {#text} at (2238,176) size 17x320
            text run at (2238,176) width 320: "\x{3081}\x{308B}\x{3002}\x{96F2}\x{96C0}\x{306E}\x{58F0}\x{3092}\x{805E}\x{3044}\x{305F}\x{3068}\x{304D}\x{306B}\x{9B42}\x{306E}\x{3042}\x{308A}\x{304B}\x{304C}"
          LayoutRuby (inline) {RUBY} at (0,0) size 17x35
            LayoutRubyRun (anonymous) at (2267,0) size 18x36
              LayoutRubyText {RT} at (-14,0) size 16x36
                LayoutText {#text} at (2,0) size 12x36
                  text run at (2,0) width 36: "\x{306F}\x{3093}\x{305C}\x{3093}"
              LayoutRubyBase (anonymous) at (0,0) size 18x36
                LayoutInline {RB} at (0,0) size 17x34
                  LayoutText {#text} at (0,1) size 17x34
                    text run at (0,1) width 34: "\x{5224}\x{7136}"
          LayoutText {#text} at (2267,35) size 73x499
            text run at (2267,35) width 464: "\x{3059}\x{308B}\x{3002}\x{96F2}\x{96C0}\x{306E}\x{9CF4}\x{304F}\x{306E}\x{306F}\x{53E3}\x{3067}\x{9CF4}\x{304F}\x{306E}\x{3067}\x{306F}\x{306A}\x{3044}\x{3001}\x{9B42}\x{5168}\x{4F53}\x{304C}\x{9CF4}\x{304F}\x{306E}\x{3060}\x{3002}"
            text run at (2295,0) width 496: "\x{9B42}\x{306E}\x{6D3B}\x{52D5}\x{304C}\x{58F0}\x{306B}\x{3042}\x{3089}\x{308F}\x{308C}\x{305F}\x{3082}\x{306E}\x{306E}\x{3046}\x{3061}\x{3067}\x{3001}\x{3042}\x{308C}\x{307B}\x{3069}\x{5143}\x{6C17}\x{306E}\x{3042}\x{308B}\x{3082}\x{306E}\x{306F}"
            text run at (2323,0) width 464: "\x{306A}\x{3044}\x{3002}\x{3042}\x{3042}\x{6109}\x{5FEB}\x{3060}\x{3002}\x{3053}\x{3046}\x{601D}\x{3063}\x{3066}\x{3001}\x{3053}\x{3046}\x{6109}\x{5FEB}\x{306B}\x{306A}\x{308B}\x{306E}\x{304C}\x{8A69}\x{3067}\x{3042}\x{308B}\x{3002}"
          LayoutBR {BR} at (2323,464) size 17x0
          LayoutText {#text} at (2351,0) size 46x497
            text run at (2351,0) width 497: "\x{3000}\x{305F}\x{3061}\x{307E}\x{3061}\x{30B7}\x{30A7}\x{30EC}\x{30FC}\x{306E}\x{96F2}\x{96C0}\x{306E}\x{8A69}\x{3092}\x{601D}\x{3044}\x{51FA}\x{3057}\x{3066}\x{3001}\x{53E3}\x{306E}\x{3046}\x{3061}\x{3067}\x{899A}\x{3048}\x{305F}\x{3068}\x{3053}"
            text run at (2380,0) width 48: "\x{308D}\x{3060}\x{3051}"
          LayoutRuby (inline) {RUBY} at (0,0) size 17x39
            LayoutRubyRun (anonymous) at (2380,45) size 18x45
              LayoutRubyText {RT} at (-14,0) size 16x45
                LayoutText {#text} at (2,0) size 12x45
                  text run at (2,0) width 45: "\x{3042}\x{3093}\x{3057}\x{3087}\x{3046}"
              LayoutRubyBase (anonymous) at (0,0) size 18x45
                LayoutInline {RB} at (0,0) size 17x39
                  LayoutText {#text} at (0,3) size 17x39
                    text run at (0,3) width 38: "\x{6697}\x{8AA6}"
          LayoutText {#text} at (2380,87) size 45x503
            text run at (2380,87) width 416: "\x{3057}\x{3066}\x{898B}\x{305F}\x{304C}\x{3001}\x{899A}\x{3048}\x{3066}\x{3044}\x{308B}\x{3068}\x{3053}\x{308D}\x{306F}\x{4E8C}\x{4E09}\x{53E5}\x{3057}\x{304B}\x{306A}\x{304B}\x{3063}\x{305F}\x{3002}\x{305D}"
            text run at (2408,0) width 256: "\x{306E}\x{4E8C}\x{4E09}\x{53E5}\x{306E}\x{306A}\x{304B}\x{306B}\x{3053}\x{3093}\x{306A}\x{306E}\x{304C}\x{3042}\x{308B}\x{3002}"
          LayoutBR {BR} at (2408,256) size 17x0
        LayoutBlockFlow {DIV} at (2431,32) size 90x472
          LayoutText {#text} at (0,0) size 17x193
            text run at (0,0) width 193: "\x{3000}\x{3000}We look before and after"
          LayoutBR {BR} at (0,192) size 17x1
          LayoutText {#text} at (18,0) size 17x229
            text run at (18,0) width 229: "\x{3000}\x{3000}\x{3000}\x{3000}And pine for what is not:"
          LayoutBR {BR} at (18,228) size 17x1
          LayoutText {#text} at (36,0) size 17x176
            text run at (36,0) width 176: "\x{3000}\x{3000}Our sincerest laughter"
          LayoutBR {BR} at (36,175) size 17x1
          LayoutText {#text} at (54,0) size 17x238
            text run at (54,0) width 238: "\x{3000}\x{3000}\x{3000}\x{3000}With some pain is fraught;"
          LayoutBR {BR} at (54,237) size 17x1
          LayoutText {#text} at (72,0) size 17x363
            text run at (72,0) width 363: "Our sweetest songs are those that tell of saddest thought."
          LayoutBR {BR} at (72,362) size 17x1
        LayoutBlockFlow (anonymous) at (2521,0) size 1873x504
          LayoutText {#text} at (12,0) size 17x112
            text run at (12,0) width 112: "\x{300C}\x{524D}\x{3092}\x{307F}\x{3066}\x{306F}\x{3001}"
          LayoutRuby (inline) {RUBY} at (0,0) size 17x16
            LayoutRubyRun (anonymous) at (12,111) size 18x18
              LayoutRubyText {RT} at (-14,0) size 16x18
                LayoutText {#text} at (2,0) size 12x18
                  text run at (2,0) width 18: "\x{3057}\x{308A}"
              LayoutRubyBase (anonymous) at (0,0) size 18x18
                LayoutInline {RB} at (0,0) size 17x16
                  LayoutText {#text} at (0,1) size 17x16
                    text run at (0,1) width 16: "\x{5F8C}"
          LayoutText {#text} at (12,128) size 17x96
            text run at (12,128) width 96: "\x{3048}\x{3092}\x{898B}\x{3066}\x{306F}\x{3001}"
          LayoutRuby (inline) {RUBY} at (0,0) size 17x32
            LayoutRubyRun (anonymous) at (12,224) size 18x32
              LayoutRubyText {RT} at (-14,0) size 16x32
                LayoutText {#text} at (2,0) size 12x31
                  text run at (2,0) width 30: "\x{3082}\x{306E}\x{307B}"
              LayoutRubyBase (anonymous) at (0,0) size 18x32
                LayoutInline {RB} at (0,0) size 17x32
                  LayoutText {#text} at (0,0) size 17x32
                    text run at (0,0) width 32: "\x{7269}\x{6B32}"
          LayoutText {#text} at (12,256) size 46x496
            text run at (12,256) width 240: "\x{3057}\x{3068}\x{3001}\x{3042}\x{3053}\x{304C}\x{308B}\x{308B}\x{304B}\x{306A}\x{308F}\x{308C}\x{3002}\x{8179}\x{304B}"
            text run at (41,0) width 448: "\x{3089}\x{306E}\x{3001}\x{7B11}\x{3068}\x{3044}\x{3048}\x{3069}\x{3001}\x{82E6}\x{3057}\x{307F}\x{306E}\x{3001}\x{305D}\x{3053}\x{306B}\x{3042}\x{308B}\x{3079}\x{3057}\x{3002}\x{3046}\x{3064}\x{304F}\x{3057}\x{304D}\x{3001}"
          LayoutRuby (inline) {RUBY} at (0,0) size 17x16
            LayoutRubyRun (anonymous) at (41,447) size 18x18
              LayoutRubyText {RT} at (-14,0) size 16x18
                LayoutText {#text} at (2,0) size 12x18
                  text run at (2,0) width 18: "\x{304D}\x{308F}"
              LayoutRubyBase (anonymous) at (0,0) size 18x18
                LayoutInline {RB} at (0,0) size 17x16
                  LayoutText {#text} at (0,1) size 17x16
                    text run at (0,1) width 16: "\x{6975}"
          LayoutText {#text} at (41,464) size 46x496
            text run at (41,464) width 32: "\x{307F}\x{306E}"
            text run at (70,0) width 176: "\x{6B4C}\x{306B}\x{3001}\x{60B2}\x{3057}\x{3055}\x{306E}\x{3001}\x{6975}\x{307F}\x{306E}"
          LayoutRuby (inline) {RUBY} at (0,0) size 17x19
            LayoutRubyRun (anonymous) at (70,172) size 18x27
              LayoutRubyText {RT} at (-14,0) size 16x27
                LayoutText {#text} at (2,0) size 12x27
                  text run at (2,0) width 27: "\x{304A}\x{3082}\x{3044}"
              LayoutRubyBase (anonymous) at (0,0) size 18x27
                LayoutInline {RB} at (0,0) size 17x17
                  LayoutText {#text} at (0,5) size 17x17
                    text run at (0,5) width 16: "\x{60F3}"
          LayoutText {#text} at (70,195) size 17x16
            text run at (70,195) width 16: "\x{3001}"
          LayoutRuby (inline) {RUBY} at (0,0) size 17x16
            LayoutRubyRun (anonymous) at (70,210) size 18x18
              LayoutRubyText {RT} at (-14,0) size 16x18
                LayoutText {#text} at (2,0) size 12x18
                  text run at (2,0) width 18: "\x{3053}\x{3082}"
              LayoutRubyBase (anonymous) at (0,0) size 18x18
                LayoutInline {RB} at (0,0) size 17x16
                  LayoutText {#text} at (0,1) size 17x16
                    text run at (0,1) width 16: "\x{7C60}"
          LayoutText {#text} at (70,227) size 17x96
            text run at (70,227) width 96: "\x{308B}\x{3068}\x{305E}\x{77E5}\x{308C}\x{300D}"
          LayoutBR {BR} at (70,323) size 17x0
          LayoutText {#text} at (98,0) size 46x497
            text run at (98,0) width 497: "\x{3000}\x{306A}\x{308B}\x{307B}\x{3069}\x{3044}\x{304F}\x{3089}\x{8A69}\x{4EBA}\x{304C}\x{5E78}\x{798F}\x{3067}\x{3082}\x{3001}\x{3042}\x{306E}\x{96F2}\x{96C0}\x{306E}\x{3088}\x{3046}\x{306B}\x{601D}\x{3044}\x{5207}\x{3063}\x{3066}\x{3001}\x{4E00}"
            text run at (127,0) width 320: "\x{5FC3}\x{4E0D}\x{4E71}\x{306B}\x{3001}\x{524D}\x{5F8C}\x{3092}\x{5FD8}\x{5374}\x{3057}\x{3066}\x{3001}\x{308F}\x{304C}\x{559C}\x{3073}\x{3092}\x{6B4C}\x{3046}"
          LayoutRuby (inline) {RUBY} at (0,0) size 17x16
            LayoutRubyRun (anonymous) at (127,319) size 18x18
              LayoutRubyText {RT} at (-14,0) size 16x18
                LayoutText {#text} at (2,0) size 12x18
                  text run at (2,0) width 18: "\x{308F}\x{3051}"
              LayoutRubyBase (anonymous) at (0,0) size 18x18
                LayoutInline {RB} at (0,0) size 17x16
                  LayoutText {#text} at (0,1) size 17x16
                    text run at (0,1) width 16: "\x{8A33}"
          LayoutText {#text} at (127,336) size 46x496
            text run at (127,336) width 160: "\x{306B}\x{306F}\x{884C}\x{304F}\x{307E}\x{3044}\x{3002}\x{897F}\x{6D0B}\x{306E}"
            text run at (156,0) width 256: "\x{8A69}\x{306F}\x{7121}\x{8AD6}\x{306E}\x{4E8B}\x{3001}\x{652F}\x{90A3}\x{306E}\x{8A69}\x{306B}\x{3082}\x{3001}\x{3088}\x{304F}"
          LayoutRuby (inline) {RUBY} at (0,0) size 17x34
            LayoutRubyRun (anonymous) at (156,255) size 18x36
              LayoutRubyText {RT} at (-14,0) size 16x36
                LayoutText {#text} at (2,0) size 12x36
                  text run at (2,0) width 36: "\x{3070}\x{3093}\x{3053}\x{304F}"
              LayoutRubyBase (anonymous) at (0,0) size 18x36
                LayoutInline {RB} at (0,0) size 17x34
                  LayoutText {#text} at (0,1) size 17x34
                    text run at (0,1) width 34: "\x{4E07}\x{659B}"
          LayoutText {#text} at (156,290) size 17x16
            text run at (156,290) width 16: "\x{306E}"
          LayoutRuby (inline) {RUBY} at (0,0) size 17x19
            LayoutRubyRun (anonymous) at (156,302) size 18x27
              LayoutRubyText {RT} at (-14,0) size 16x27
                LayoutText {#text} at (2,0) size 12x27
                  text run at (2,0) width 27: "\x{3046}\x{308C}\x{3044}"
              LayoutRubyBase (anonymous) at (0,0) size 18x27
                LayoutInline {RB} at (0,0) size 17x17
                  LayoutText {#text} at (0,5) size 17x17
                    text run at (0,5) width 16: "\x{6101}"
          LayoutText {#text} at (156,325) size 46x501
            text run at (156,325) width 176: "\x{306A}\x{3069}\x{3068}\x{4E91}\x{3046}\x{5B57}\x{304C}\x{3042}\x{308B}\x{3002}\x{8A69}"
            text run at (185,0) width 112: "\x{4EBA}\x{3060}\x{304B}\x{3089}\x{4E07}\x{659B}\x{3067}"
          LayoutRuby (inline) {RUBY} at (0,0) size 17x34
            LayoutRubyRun (anonymous) at (185,111) size 18x36
              LayoutRubyText {RT} at (-14,0) size 16x36
                LayoutText {#text} at (2,0) size 12x36
                  text run at (2,0) width 36: "\x{3057}\x{308D}\x{3046}\x{3068}"
              LayoutRubyBase (anonymous) at (0,0) size 18x36
                LayoutInline {RB} at (0,0) size 17x34
                  LayoutText {#text} at (0,1) size 17x34
                    text run at (0,1) width 34: "\x{7D20}\x{4EBA}"
          LayoutText {#text} at (185,146) size 17x48
            text run at (185,146) width 48: "\x{306A}\x{3089}\x{4E00}"
          LayoutRuby (inline) {RUBY} at (0,0) size 17x16
            LayoutRubyRun (anonymous) at (185,193) size 18x18
              LayoutRubyText {RT} at (-14,0) size 16x18
                LayoutText {#text} at (2,0) size 12x18
                  text run at (2,0) width 18: "\x{3054}\x{3046}"
              LayoutRubyBase (anonymous) at (0,0) size 18x18
                LayoutInline {RB} at (0,0) size 17x16
                  LayoutText {#text} at (0,1) size 17x16
                    text run at (0,1) width 16: "\x{5408}"
          LayoutText {#text} at (185,210) size 46x498
            text run at (185,210) width 288: "\x{3067}\x{6E08}\x{3080}\x{304B}\x{3082}\x{77E5}\x{308C}\x{306C}\x{3002}\x{3057}\x{3066}\x{898B}\x{308B}\x{3068}\x{8A69}\x{4EBA}\x{306F}\x{5E38}"
            text run at (214,0) width 160: "\x{306E}\x{4EBA}\x{3088}\x{308A}\x{3082}\x{82E6}\x{52B4}\x{6027}\x{3067}\x{3001}"
          LayoutRuby (inline) {RUBY} at (0,0) size 17x34
            LayoutRubyRun (anonymous) at (214,159) size 18x36
              LayoutRubyText {RT} at (-14,0) size 16x36
                LayoutText {#text} at (2,0) size 12x36
                  text run at (2,0) width 36: "\x{307C}\x{3093}\x{3053}\x{3064}"
              LayoutRubyBase (anonymous) at (0,0) size 18x36
                LayoutInline {RB} at (0,0) size 17x34
                  LayoutText {#text} at (0,1) size 17x34
                    text run at (0,1) width 34: "\x{51E1}\x{9AA8}"
          LayoutText {#text} at (214,194) size 46x498
            text run at (214,194) width 304: "\x{306E}\x{500D}\x{4EE5}\x{4E0A}\x{306B}\x{795E}\x{7D4C}\x{304C}\x{92ED}\x{654F}\x{306A}\x{306E}\x{304B}\x{3082}\x{77E5}\x{308C}\x{3093}\x{3002}\x{8D85}"
            text run at (243,0) width 208: "\x{4FD7}\x{306E}\x{559C}\x{3073}\x{3082}\x{3042}\x{308D}\x{3046}\x{304C}\x{3001}\x{7121}\x{91CF}\x{306E}"
          LayoutRuby (inline) {RUBY} at (0,0) size 17x28
            LayoutRubyRun (anonymous) at (243,204) size 18x36
              LayoutRubyText {RT} at (-14,0) size 16x36
                LayoutText {#text} at (2,0) size 12x36
                  text run at (2,0) width 36: "\x{304B}\x{306A}\x{3057}\x{307F}"
              LayoutRubyBase (anonymous) at (0,0) size 18x36
                LayoutInline {RB} at (0,0) size 17x16
                  LayoutText {#text} at (0,10) size 17x16
                    text run at (0,10) width 16: "\x{60B2}"
          LayoutText {#text} at (243,236) size 45x492
            text run at (243,236) width 256: "\x{3082}\x{591A}\x{304B}\x{308D}\x{3046}\x{3002}\x{305D}\x{3093}\x{306A}\x{3089}\x{3070}\x{8A69}\x{4EBA}\x{306B}\x{306A}\x{308B}"
            text run at (271,0) width 112: "\x{306E}\x{3082}\x{8003}\x{3048}\x{7269}\x{3060}\x{3002}"
          LayoutBR {BR} at (271,112) size 17x0
          LayoutText {#text} at (300,0) size 17x129
            text run at (300,0) width 129: "\x{3000}\x{3057}\x{3070}\x{3089}\x{304F}\x{306F}\x{8DEF}\x{304C}"
          LayoutRuby (inline) {RUBY} at (0,0) size 17x19
            LayoutRubyRun (anonymous) at (300,125) size 18x27
              LayoutRubyText {RT} at (-14,0) size 16x27
                LayoutText {#text} at (2,0) size 12x27
                  text run at (2,0) width 27: "\x{305F}\x{3044}\x{3089}"
              LayoutRubyBase (anonymous) at (0,0) size 18x27
                LayoutInline {RB} at (0,0) size 17x17
                  LayoutText {#text} at (0,5) size 17x17
                    text run at (0,5) width 16: "\x{5E73}"
          LayoutText {#text} at (300,148) size 17x64
            text run at (300,148) width 64: "\x{3067}\x{3001}\x{53F3}\x{306F}"
          LayoutRuby (inline) {RUBY} at (0,0) size 17x48
            LayoutRubyRun (anonymous) at (300,212) size 18x48
              LayoutRubyText {RT} at (-14,0) size 16x48
                LayoutText {#text} at (2,0) size 12x48
                  text run at (2,0) width 47: "\x{305E}\x{3046}\x{304D}\x{3084}\x{307E}"
              LayoutRubyBase (anonymous) at (0,0) size 18x48
                LayoutInline {RB} at (0,0) size 17x48
                  LayoutText {#text} at (0,0) size 17x48
                    text run at (0,0) width 48: "\x{96D1}\x{6728}\x{5C71}"
          LayoutText {#text} at (300,260) size 46x500
            text run at (300,260) width 240: "\x{3001}\x{5DE6}\x{306F}\x{83DC}\x{306E}\x{82B1}\x{306E}\x{898B}\x{3064}\x{3065}\x{3051}\x{3067}\x{3042}\x{308B}\x{3002}"
            text run at (329,0) width 96: "\x{8DB3}\x{306E}\x{4E0B}\x{306B}\x{6642}\x{3005}"
          LayoutRuby (inline) {RUBY} at (0,0) size 17x48
            LayoutRubyRun (anonymous) at (329,96) size 18x48
              LayoutRubyText {RT} at (-14,0) size 16x48
                LayoutText {#text} at (2,1) size 12x46
                  text run at (2,1) width 45: "\x{305F}\x{3093}\x{307D}\x{307D}"
              LayoutRubyBase (anonymous) at (0,0) size 18x48
                LayoutInline {RB} at (0,0) size 17x48
                  LayoutText {#text} at (0,0) size 17x48
                    text run at (0,0) width 48: "\x{84B2}\x{516C}\x{82F1}"
          LayoutText {#text} at (329,144) size 17x112
            text run at (329,144) width 112: "\x{3092}\x{8E0F}\x{307F}\x{3064}\x{3051}\x{308B}\x{3002}"
          LayoutRuby (inline) {RUBY} at (0,0) size 17x28
            LayoutRubyRun (anonymous) at (329,252) size 18x36
              LayoutRubyText {RT} at (-14,0) size 16x36
                LayoutText {#text} at (2,0) size 12x36
                  text run at (2,0) width 36: "\x{306E}\x{3053}\x{304E}\x{308A}"
              LayoutRubyBase (anonymous) at (0,0) size 18x36
                LayoutInline {RB} at (0,0) size 17x16
                  LayoutText {#text} at (0,10) size 17x16
                    text run at (0,10) width 16: "\x{92F8}"
          LayoutText {#text} at (329,284) size 46x492
            text run at (329,284) width 208: "\x{306E}\x{3088}\x{3046}\x{306A}\x{8449}\x{304C}\x{9060}\x{616E}\x{306A}\x{304F}\x{56DB}\x{65B9}\x{3078}"
            text run at (358,0) width 144: "\x{306E}\x{3057}\x{3066}\x{771F}\x{4E2D}\x{306B}\x{9EC4}\x{8272}\x{306A}"
          LayoutRuby (inline) {RUBY} at (0,0) size 17x16
            LayoutRubyRun (anonymous) at (358,143) size 18x18
              LayoutRubyText {RT} at (-14,0) size 16x18
                LayoutText {#text} at (2,0) size 12x18
                  text run at (2,0) width 18: "\x{305F}\x{307E}"
              LayoutRubyBase (anonymous) at (0,0) size 18x18
                LayoutInline {RB} at (0,0) size 17x16
                  LayoutText {#text} at (0,1) size 17x16
                    text run at (0,1) width 16: "\x{73E0}"
          LayoutText {#text} at (358,160) size 74x496
            text run at (358,160) width 336: "\x{3092}\x{64C1}\x{8B77}\x{3057}\x{3066}\x{3044}\x{308B}\x{3002}\x{83DC}\x{306E}\x{82B1}\x{306B}\x{6C17}\x{3092}\x{3068}\x{3089}\x{308C}\x{3066}\x{3001}\x{8E0F}\x{307F}"
            text run at (386,0) width 496: "\x{3064}\x{3051}\x{305F}\x{3042}\x{3068}\x{3067}\x{3001}\x{6C17}\x{306E}\x{6BD2}\x{306A}\x{4E8B}\x{3092}\x{3057}\x{305F}\x{3068}\x{3001}\x{632F}\x{308A}\x{5411}\x{3044}\x{3066}\x{898B}\x{308B}\x{3068}\x{3001}\x{9EC4}\x{8272}\x{306A}\x{73E0}\x{306F}"
            text run at (415,0) width 160: "\x{4F9D}\x{7136}\x{3068}\x{3057}\x{3066}\x{92F8}\x{306E}\x{306A}\x{304B}\x{306B}"
          LayoutRuby (inline) {RUBY} at (0,0) size 17x32
            LayoutRubyRun (anonymous) at (415,160) size 18x32
              LayoutRubyText {RT} at (-14,0) size 16x32
                LayoutText {#text} at (2,0) size 12x31
                  text run at (2,0) width 30: "\x{3061}\x{3093}\x{3056}"
              LayoutRubyBase (anonymous) at (0,0) size 18x32
                LayoutInline {RB} at (0,0) size 17x32
                  LayoutText {#text} at (0,0) size 17x32
                    text run at (0,0) width 32: "\x{93AE}\x{5EA7}"
          LayoutText {#text} at (415,192) size 17x80
            text run at (415,192) width 80: "\x{3057}\x{3066}\x{3044}\x{308B}\x{3002}"
          LayoutRuby (inline) {RUBY} at (0,0) size 17x32
            LayoutRubyRun (anonymous) at (415,272) size 18x32
              LayoutRubyText {RT} at (-14,0) size 16x32
                LayoutText {#text} at (2,0) size 12x31
                  text run at (2,0) width 30: "\x{306E}\x{3093}\x{304D}"
              LayoutRubyBase (anonymous) at (0,0) size 18x32
                LayoutInline {RB} at (0,0) size 17x32
                  LayoutText {#text} at (0,0) size 17x32
                    text run at (0,0) width 32: "\x{5451}\x{6C17}"
          LayoutText {#text} at (415,304) size 45x496
            text run at (415,304) width 192: "\x{306A}\x{3082}\x{306E}\x{3060}\x{3002}\x{307E}\x{305F}\x{8003}\x{3048}\x{3092}\x{3064}\x{3065}"
            text run at (443,0) width 48: "\x{3051}\x{308B}\x{3002}"
          LayoutBR {BR} at (443,48) size 17x0
          LayoutText {#text} at (472,0) size 17x65
            text run at (472,0) width 65: "\x{3000}\x{8A69}\x{4EBA}\x{306B}"
          LayoutRuby (inline) {RUBY} at (0,0) size 17x19
            LayoutRubyRun (anonymous) at (472,61) size 18x27
              LayoutRubyText {RT} at (-14,0) size 16x27
                LayoutText {#text} at (2,0) size 12x27
                  text run at (2,0) width 27: "\x{3046}\x{308C}\x{3044}"
              LayoutRubyBase (anonymous) at (0,0) size 18x27
                LayoutInline {RB} at (0,0) size 17x17
                  LayoutText {#text} at (0,5) size 17x17
                    text run at (0,5) width 16: "\x{6182}"
          LayoutText {#text} at (472,84) size 17x240
            text run at (472,84) width 240: "\x{306F}\x{3064}\x{304D}\x{3082}\x{306E}\x{304B}\x{3082}\x{77E5}\x{308C}\x{306A}\x{3044}\x{304C}\x{3001}\x{3042}\x{306E}"
          LayoutRuby (inline) {RUBY} at (0,0) size 17x32
            LayoutRubyRun (anonymous) at (472,324) size 18x32
              LayoutRubyText {RT} at (-14,0) size 16x32
                LayoutText {#text} at (2,0) size 12x31
                  text run at (2,0) width 30: "\x{3072}\x{3070}\x{308A}"
              LayoutRubyBase (anonymous) at (0,0) size 18x32
                LayoutInline {RB} at (0,0) size 17x32
                  LayoutText {#text} at (0,0) size 17x32
                    text run at (0,0) width 32: "\x{96F2}\x{96C0}"
          LayoutText {#text} at (472,356) size 17x144
            text run at (472,356) width 144: "\x{3092}\x{805E}\x{304F}\x{5FC3}\x{6301}\x{306B}\x{306A}\x{308C}\x{3070}"
          LayoutRuby (inline) {RUBY} at (0,0) size 17x32
            LayoutRubyRun (anonymous) at (501,0) size 18x32
              LayoutRubyText {RT} at (-14,0) size 16x32
                LayoutText {#text} at (2,0) size 12x31
                  text run at (2,0) width 30: "\x{307F}\x{3058}\x{3093}"
              LayoutRubyBase (anonymous) at (0,0) size 18x32
                LayoutInline {RB} at (0,0) size 17x32
                  LayoutText {#text} at (0,0) size 17x32
                    text run at (0,0) width 32: "\x{5FAE}\x{5875}"
          LayoutText {#text} at (501,32) size 17x16
            text run at (501,32) width 16: "\x{306E}"
          LayoutRuby (inline) {RUBY} at (0,0) size 17x16
            LayoutRubyRun (anonymous) at (501,48) size 18x16
              LayoutRubyText {RT} at (-14,0) size 16x16
                LayoutText {#text} at (2,3) size 12x10
                  text run at (2,3) width 9: "\x{304F}"
              LayoutRubyBase (anonymous) at (0,0) size 18x16
                LayoutInline {RB} at (0,0) size 17x16
                  LayoutText {#text} at (0,0) size 17x16
                    text run at (0,0) width 16: "\x{82E6}"
          LayoutText {#text} at (501,64) size 17x336
            text run at (501,64) width 336: "\x{3082}\x{306A}\x{3044}\x{3002}\x{83DC}\x{306E}\x{82B1}\x{3092}\x{898B}\x{3066}\x{3082}\x{3001}\x{305F}\x{3060}\x{3046}\x{308C}\x{3057}\x{304F}\x{3066}\x{80F8}\x{304C}"
          LayoutRuby (inline) {RUBY} at (0,0) size 17x16
            LayoutRubyRun (anonymous) at (501,399) size 18x18
              LayoutRubyText {RT} at (-14,0) size 16x18
                LayoutText {#text} at (2,0) size 12x18
                  text run at (2,0) width 18: "\x{304A}\x{3069}"
              LayoutRubyBase (anonymous) at (0,0) size 18x18
                LayoutInline {RB} at (0,0) size 17x16
                  LayoutText {#text} at (0,1) size 17x16
                    text run at (0,1) width 16: "\x{8E8D}"
          LayoutText {#text} at (501,416) size 74x496
            text run at (501,416) width 64: "\x{308B}\x{3070}\x{304B}\x{308A}"
            text run at (529,0) width 496: "\x{3060}\x{3002}\x{84B2}\x{516C}\x{82F1}\x{3082}\x{305D}\x{306E}\x{901A}\x{308A}\x{3001}\x{685C}\x{3082}\x{2015}\x{2015}\x{685C}\x{306F}\x{3044}\x{3064}\x{304B}\x{898B}\x{3048}\x{306A}\x{304F}\x{306A}\x{3063}\x{305F}\x{3002}\x{3053}\x{3046}\x{5C71}"
            text run at (558,0) width 128: "\x{306E}\x{4E2D}\x{3078}\x{6765}\x{3066}\x{81EA}\x{7136}\x{306E}"
          LayoutRuby (inline) {RUBY} at (0,0) size 17x34
            LayoutRubyRun (anonymous) at (558,127) size 18x36
              LayoutRubyText {RT} at (-14,0) size 16x36
                LayoutText {#text} at (2,0) size 12x36
                  text run at (2,0) width 36: "\x{3051}\x{3044}\x{3076}\x{3064}"
              LayoutRubyBase (anonymous) at (0,0) size 18x36
                LayoutInline {RB} at (0,0) size 17x34
                  LayoutText {#text} at (0,1) size 17x34
                    text run at (0,1) width 34: "\x{666F}\x{7269}"
          LayoutText {#text} at (558,162) size 46x498
            text run at (558,162) width 336: "\x{306B}\x{63A5}\x{3059}\x{308C}\x{3070}\x{3001}\x{898B}\x{308B}\x{3082}\x{306E}\x{3082}\x{805E}\x{304F}\x{3082}\x{306E}\x{3082}\x{9762}\x{767D}\x{3044}\x{3002}\x{9762}"
            text run at (587,0) width 384: "\x{767D}\x{3044}\x{3060}\x{3051}\x{3067}\x{5225}\x{6BB5}\x{306E}\x{82E6}\x{3057}\x{307F}\x{3082}\x{8D77}\x{3089}\x{306C}\x{3002}\x{8D77}\x{308B}\x{3068}\x{3059}\x{308C}\x{3070}\x{8DB3}\x{304C}"
          LayoutRuby (inline) {RUBY} at (0,0) size 17x32
            LayoutRubyRun (anonymous) at (587,384) size 18x32
              LayoutRubyText {RT} at (-14,0) size 16x32
                LayoutText {#text} at (2,0) size 12x31
                  text run at (2,0) width 30: "\x{304F}\x{305F}\x{3073}"
              LayoutRubyBase (anonymous) at (0,0) size 18x32
                LayoutInline {RB} at (0,0) size 17x32
                  LayoutText {#text} at (0,0) size 17x32
                    text run at (0,0) width 32: "\x{8349}\x{81E5}"
          LayoutText {#text} at (587,416) size 17x48
            text run at (587,416) width 48: "\x{308C}\x{3066}\x{3001}"
          LayoutRuby (inline) {RUBY} at (0,0) size 17x16
            LayoutRubyRun (anonymous) at (587,463) size 18x18
              LayoutRubyText {RT} at (-14,0) size 16x18
                LayoutText {#text} at (2,0) size 12x18
                  text run at (2,0) width 18: "\x{3046}\x{307E}"
              LayoutRubyBase (anonymous) at (0,0) size 18x18
                LayoutInline {RB} at (0,0) size 17x16
                  LayoutText {#text} at (0,1) size 17x16
                    text run at (0,1) width 16: "\x{65E8}"
          LayoutText {#text} at (587,480) size 45x496
            text run at (587,480) width 16: "\x{3044}"
            text run at (615,0) width 272: "\x{3082}\x{306E}\x{304C}\x{98DF}\x{3079}\x{3089}\x{308C}\x{306C}\x{304F}\x{3089}\x{3044}\x{306E}\x{4E8B}\x{3060}\x{308D}\x{3046}\x{3002}"
          LayoutBR {BR} at (615,272) size 17x0
          LayoutText {#text} at (644,0) size 17x417
            text run at (644,0) width 417: "\x{3000}\x{3057}\x{304B}\x{3057}\x{82E6}\x{3057}\x{307F}\x{306E}\x{306A}\x{3044}\x{306E}\x{306F}\x{306A}\x{305C}\x{3060}\x{308D}\x{3046}\x{3002}\x{305F}\x{3060}\x{3053}\x{306E}\x{666F}\x{8272}\x{3092}\x{4E00}"
          LayoutRuby (inline) {RUBY} at (0,0) size 17x16
            LayoutRubyRun (anonymous) at (644,416) size 18x18
              LayoutRubyText {RT} at (-14,0) size 16x18
                LayoutText {#text} at (2,0) size 12x18
                  text run at (2,0) width 18: "\x{3077}\x{304F}"
              LayoutRubyBase (anonymous) at (0,0) size 18x18
                LayoutInline {RB} at (0,0) size 17x16
                  LayoutText {#text} at (0,1) size 17x16
                    text run at (0,1) width 16: "\x{5E45}"
          LayoutText {#text} at (644,433) size 17x16
            text run at (644,433) width 16: "\x{306E}"
          LayoutRuby (inline) {RUBY} at (0,0) size 17x16
            LayoutRubyRun (anonymous) at (644,449) size 18x16
              LayoutRubyText {RT} at (-14,0) size 16x16
                LayoutText {#text} at (2,3) size 12x10
                  text run at (2,3) width 9: "\x{3048}"
              LayoutRubyBase (anonymous) at (0,0) size 18x16
                LayoutInline {RB} at (0,0) size 17x16
                  LayoutText {#text} at (0,0) size 17x16
                    text run at (0,0) width 16: "\x{753B}"
          LayoutText {#text} at (644,465) size 46x497
            text run at (644,465) width 32: "\x{3068}\x{3057}"
            text run at (673,0) width 16: "\x{3066}"
          LayoutRuby (inline) {RUBY} at (0,0) size 17x16
            LayoutRubyRun (anonymous) at (673,16) size 18x16
              LayoutRubyText {RT} at (-14,0) size 16x16
                LayoutText {#text} at (2,3) size 12x10
                  text run at (2,3) width 9: "\x{307F}"
              LayoutRubyBase (anonymous) at (0,0) size 18x16
                LayoutInline {RB} at (0,0) size 17x16
                  LayoutText {#text} at (0,0) size 17x16
                    text run at (0,0) width 16: "\x{89B3}"
          LayoutText {#text} at (673,32) size 17x32
            text run at (673,32) width 32: "\x{3001}\x{4E00}"
          LayoutRuby (inline) {RUBY} at (0,0) size 17x16
            LayoutRubyRun (anonymous) at (673,63) size 18x18
              LayoutRubyText {RT} at (-14,0) size 16x18
                LayoutText {#text} at (2,0) size 12x18
                  text run at (2,0) width 18: "\x{304B}\x{3093}"
              LayoutRubyBase (anonymous) at (0,0) size 18x18
                LayoutInline {RB} at (0,0) size 17x16
                  LayoutText {#text} at (0,1) size 17x16
                    text run at (0,1) width 16: "\x{5DFB}"
          LayoutText {#text} at (673,80) size 17x208
            text run at (673,80) width 208: "\x{306E}\x{8A69}\x{3068}\x{3057}\x{3066}\x{8AAD}\x{3080}\x{304B}\x{3089}\x{3067}\x{3042}\x{308B}\x{3002}"
          LayoutRuby (inline) {RUBY} at (0,0) size 17x16
            LayoutRubyRun (anonymous) at (673,288) size 18x16
              LayoutRubyText {RT} at (-14,0) size 16x16
                LayoutText {#text} at (2,3) size 12x10
                  text run at (2,3) width 9: "\x{304C}"
              LayoutRubyBase (anonymous) at (0,0) size 18x16
                LayoutInline {RB} at (0,0) size 17x16
                  LayoutText {#text} at (0,0) size 17x16
                    text run at (0,0) width 16: "\x{753B}"
          LayoutText {#text} at (673,304) size 17x160
            text run at (673,304) width 160: "\x{3067}\x{3042}\x{308A}\x{8A69}\x{3067}\x{3042}\x{308B}\x{4EE5}\x{4E0A}\x{306F}"
          LayoutRuby (inline) {RUBY} at (0,0) size 17x32
            LayoutRubyRun (anonymous) at (673,464) size 18x32
              LayoutRubyText {RT} at (-14,0) size 16x32
                LayoutText {#text} at (2,0) size 12x31
                  text run at (2,0) width 30: "\x{3058}\x{3081}\x{3093}"
              LayoutRubyBase (anonymous) at (0,0) size 18x32
                LayoutInline {RB} at (0,0) size 17x32
                  LayoutText {#text} at (0,0) size 17x32
                    text run at (0,0) width 32: "\x{5730}\x{9762}"
          LayoutText {#text} at (702,0) size 17x368
            text run at (702,0) width 368: "\x{3092}\x{8CB0}\x{3063}\x{3066}\x{3001}\x{958B}\x{62D3}\x{3059}\x{308B}\x{6C17}\x{306B}\x{3082}\x{306A}\x{3089}\x{306D}\x{3070}\x{3001}\x{9244}\x{9053}\x{3092}\x{304B}\x{3051}\x{3066}"
          LayoutRuby (inline) {RUBY} at (0,0) size 17x34
            LayoutRubyRun (anonymous) at (702,367) size 18x36
              LayoutRubyText {RT} at (-14,0) size 16x36
                LayoutText {#text} at (2,0) size 12x36
                  text run at (2,0) width 36: "\x{3072}\x{3068}\x{3082}\x{3046}"
              LayoutRubyBase (anonymous) at (0,0) size 18x36
                LayoutInline {RB} at (0,0) size 17x34
                  LayoutText {#text} at (0,1) size 17x34
                    text run at (0,1) width 34: "\x{4E00}\x{5132}"
          LayoutText {#text} at (702,402) size 17x48
            text run at (702,402) width 48: "\x{3051}\x{3059}\x{308B}"
          LayoutRuby (inline) {RUBY} at (0,0) size 17x42
            LayoutRubyRun (anonymous) at (702,447) size 18x45
              LayoutRubyText {RT} at (-14,0) size 16x45
                LayoutText {#text} at (2,0) size 12x45
                  text run at (2,0) width 45: "\x{308A}\x{3087}\x{3046}\x{3051}\x{3093}"
              LayoutRubyBase (anonymous) at (0,0) size 18x45
                LayoutInline {RB} at (0,0) size 17x39
                  LayoutText {#text} at (0,3) size 17x39
                    text run at (0,3) width 38: "\x{4E86}\x{898B}"
          LayoutText {#text} at (731,0) size 17x256
            text run at (731,0) width 256: "\x{3082}\x{8D77}\x{3089}\x{306C}\x{3002}\x{305F}\x{3060}\x{3053}\x{306E}\x{666F}\x{8272}\x{304C}\x{2015}\x{2015}\x{8179}\x{306E}"
          LayoutRuby (inline) {RUBY} at (0,0) size 17x16
            LayoutRubyRun (anonymous) at (731,256) size 18x16
              LayoutRubyText {RT} at (-14,0) size 16x16
                LayoutText {#text} at (2,3) size 12x10
                  text run at (2,3) width 9: "\x{305F}"
              LayoutRubyBase (anonymous) at (0,0) size 18x16
                LayoutInline {RB} at (0,0) size 17x16
                  LayoutText {#text} at (0,0) size 17x16
                    text run at (0,0) width 16: "\x{8DB3}"
          LayoutText {#text} at (731,272) size 74x496
            text run at (731,272) width 224: "\x{3057}\x{306B}\x{3082}\x{306A}\x{3089}\x{306C}\x{3001}\x{6708}\x{7D66}\x{306E}\x{88DC}\x{3044}\x{306B}\x{3082}"
            text run at (759,0) width 496: "\x{306A}\x{3089}\x{306C}\x{3053}\x{306E}\x{666F}\x{8272}\x{304C}\x{666F}\x{8272}\x{3068}\x{3057}\x{3066}\x{306E}\x{307F}\x{3001}\x{4F59}\x{304C}\x{5FC3}\x{3092}\x{697D}\x{307E}\x{305B}\x{3064}\x{3064}\x{3042}\x{308B}\x{304B}\x{3089}\x{82E6}\x{52B4}"
            text run at (788,0) width 64: "\x{3082}\x{5FC3}\x{914D}\x{3082}"
          LayoutRuby (inline) {RUBY} at (0,0) size 17x19
            LayoutRubyRun (anonymous) at (788,60) size 18x27
              LayoutRubyText {RT} at (-14,0) size 16x27
                LayoutText {#text} at (2,0) size 12x27
                  text run at (2,0) width 27: "\x{3068}\x{3082}\x{306A}"
              LayoutRubyBase (anonymous) at (0,0) size 18x27
                LayoutInline {RB} at (0,0) size 17x17
                  LayoutText {#text} at (0,5) size 17x17
                    text run at (0,5) width 16: "\x{4F34}"
          LayoutText {#text} at (788,83) size 17x288
            text run at (788,83) width 288: "\x{308F}\x{306C}\x{306E}\x{3060}\x{308D}\x{3046}\x{3002}\x{81EA}\x{7136}\x{306E}\x{529B}\x{306F}\x{3053}\x{3053}\x{306B}\x{304A}\x{3044}\x{3066}"
          LayoutRuby (inline) {RUBY} at (0,0) size 17x16
            LayoutRubyRun (anonymous) at (788,370) size 18x18
              LayoutRubyText {RT} at (-14,0) size 16x18
                LayoutText {#text} at (2,0) size 12x18
                  text run at (2,0) width 18: "\x{305F}\x{3063}"
              LayoutRubyBase (anonymous) at (0,0) size 18x18
                LayoutInline {RB} at (0,0) size 17x16
                  LayoutText {#text} at (0,1) size 17x16
                    text run at (0,1) width 16: "\x{5C0A}"
          LayoutText {#text} at (788,387) size 46x499
            text run at (788,387) width 112: "\x{3068}\x{3044}\x{3002}\x{543E}\x{4EBA}\x{306E}\x{6027}"
            text run at (817,0) width 80: "\x{60C5}\x{3092}\x{77AC}\x{523B}\x{306B}"
          LayoutRuby (inline) {RUBY} at (0,0) size 17x32
            LayoutRubyRun (anonymous) at (817,80) size 18x32
              LayoutRubyText {RT} at (-14,0) size 16x32
                LayoutText {#text} at (2,0) size 12x31
                  text run at (2,0) width 30: "\x{3068}\x{3046}\x{3084}"
              LayoutRubyBase (anonymous) at (0,0) size 18x32
                LayoutInline {RB} at (0,0) size 17x32
                  LayoutText {#text} at (0,0) size 17x32
                    text run at (0,0) width 32: "\x{9676}\x{51B6}"
          LayoutText {#text} at (817,112) size 17x32
            text run at (817,112) width 32: "\x{3057}\x{3066}"
          LayoutRuby (inline) {RUBY} at (0,0) size 17x34
            LayoutRubyRun (anonymous) at (817,143) size 18x36
              LayoutRubyText {RT} at (-14,0) size 16x36
                LayoutText {#text} at (2,0) size 12x36
                  text run at (2,0) width 36: "\x{3058}\x{3085}\x{3093}\x{3053}"
              LayoutRubyBase (anonymous) at (0,0) size 18x36
                LayoutInline {RB} at (0,0) size 17x34
                  LayoutText {#text} at (0,1) size 17x34
                    text run at (0,1) width 34: "\x{9187}\x{4E4E}"
          LayoutText {#text} at (817,178) size 45x498
            text run at (817,178) width 320: "\x{3068}\x{3057}\x{3066}\x{9187}\x{306A}\x{308B}\x{8A69}\x{5883}\x{306B}\x{5165}\x{3089}\x{3057}\x{3080}\x{308B}\x{306E}\x{306F}\x{81EA}\x{7136}\x{3067}\x{3042}"
            text run at (845,0) width 32: "\x{308B}\x{3002}"
          LayoutBR {BR} at (845,32) size 17x0
          LayoutText {#text} at (873,0) size 46x497
            text run at (873,0) width 497: "\x{3000}\x{604B}\x{306F}\x{3046}\x{3064}\x{304F}\x{3057}\x{304B}\x{308D}\x{3001}\x{5B5D}\x{3082}\x{3046}\x{3064}\x{304F}\x{3057}\x{304B}\x{308D}\x{3001}\x{5FE0}\x{541B}\x{611B}\x{56FD}\x{3082}\x{7D50}\x{69CB}\x{3060}\x{308D}\x{3046}\x{3002}\x{3057}"
            text run at (902,0) width 112: "\x{304B}\x{3057}\x{81EA}\x{8EAB}\x{304C}\x{305D}\x{306E}"
          LayoutRuby (inline) {RUBY} at (0,0) size 17x19
            LayoutRubyRun (anonymous) at (902,108) size 18x27
              LayoutRubyText {RT} at (-14,0) size 16x27
                LayoutText {#text} at (2,0) size 12x27
                  text run at (2,0) width 27: "\x{304D}\x{3087}\x{304F}"
              LayoutRubyBase (anonymous) at (0,0) size 18x27
                LayoutInline {RB} at (0,0) size 17x17
                  LayoutText {#text} at (0,5) size 17x17
                    text run at (0,5) width 16: "\x{5C40}"
          LayoutText {#text} at (902,131) size 17x112
            text run at (902,131) width 112: "\x{306B}\x{5F53}\x{308C}\x{3070}\x{5229}\x{5BB3}\x{306E}"
          LayoutRuby (inline) {RUBY} at (0,0) size 17x32
            LayoutRubyRun (anonymous) at (902,243) size 18x32
              LayoutRubyText {RT} at (-14,0) size 16x32
                LayoutText {#text} at (2,0) size 12x31
                  text run at (2,0) width 30: "\x{3064}\x{3080}\x{3058}"
              LayoutRubyBase (anonymous) at (0,0) size 18x32
                LayoutInline {RB} at (0,0) size 17x32
                  LayoutText {#text} at (0,0) size 17x32
                    text run at (0,0) width 32: "\x{65CB}\x{98A8}"
          LayoutText {#text} at (902,275) size 17x16
            text run at (902,275) width 16: "\x{306B}"
          LayoutRuby (inline) {RUBY} at (0,0) size 17x16
            LayoutRubyRun (anonymous) at (902,291) size 18x16
              LayoutRubyText {RT} at (-14,0) size 16x16
                LayoutText {#text} at (2,3) size 12x10
                  text run at (2,3) width 9: "\x{307E}"
              LayoutRubyBase (anonymous) at (0,0) size 18x16
                LayoutInline {RB} at (0,0) size 17x16
                  LayoutText {#text} at (0,0) size 17x16
                    text run at (0,0) width 16: "\x{6372}"
          LayoutText {#text} at (902,307) size 46x499
            text run at (902,307) width 192: "\x{304D}\x{8FBC}\x{307E}\x{308C}\x{3066}\x{3001}\x{3046}\x{3064}\x{304F}\x{3057}\x{304D}\x{4E8B}"
            text run at (931,0) width 192: "\x{306B}\x{3082}\x{3001}\x{7D50}\x{69CB}\x{306A}\x{4E8B}\x{306B}\x{3082}\x{3001}\x{76EE}\x{306F}"
          LayoutRuby (inline) {RUBY} at (0,0) size 17x16
            LayoutRubyRun (anonymous) at (931,191) size 18x18
              LayoutRubyText {RT} at (-14,0) size 16x18
                LayoutText {#text} at (2,0) size 12x18
                  text run at (2,0) width 18: "\x{304F}\x{3089}"
              LayoutRubyBase (anonymous) at (0,0) size 18x18
                LayoutInline {RB} at (0,0) size 17x16
                  LayoutText {#text} at (0,1) size 17x16
                    text run at (0,1) width 16: "\x{7729}"
          LayoutText {#text} at (931,208) size 46x496
            text run at (931,208) width 288: "\x{3093}\x{3067}\x{3057}\x{307E}\x{3046}\x{3002}\x{3057}\x{305F}\x{304C}\x{3063}\x{3066}\x{3069}\x{3053}\x{306B}\x{8A69}\x{304C}\x{3042}\x{308B}"
            text run at (960,0) width 80: "\x{304B}\x{81EA}\x{8EAB}\x{306B}\x{306F}"
          LayoutRuby (inline) {RUBY} at (0,0) size 17x16
            LayoutRubyRun (anonymous) at (960,80) size 18x16
              LayoutRubyText {RT} at (-14,0) size 16x16
                LayoutText {#text} at (2,3) size 12x10
                  text run at (2,3) width 9: "\x{3052}"
              LayoutRubyBase (anonymous) at (0,0) size 18x16
                LayoutInline {RB} at (0,0) size 17x16
                  LayoutText {#text} at (0,0) size 17x16
                    text run at (0,0) width 16: "\x{89E3}"
          LayoutText {#text} at (960,96) size 17x80
            text run at (960,96) width 80: "\x{3057}\x{304B}\x{306D}\x{308B}\x{3002}"
          LayoutBR {BR} at (960,176) size 17x0
          LayoutText {#text} at (988,0) size 46x497
            text run at (988,0) width 497: "\x{3000}\x{3053}\x{308C}\x{304C}\x{308F}\x{304B}\x{308B}\x{305F}\x{3081}\x{306B}\x{306F}\x{3001}\x{308F}\x{304B}\x{308B}\x{3060}\x{3051}\x{306E}\x{4F59}\x{88D5}\x{306E}\x{3042}\x{308B}\x{7B2C}\x{4E09}\x{8005}\x{306E}\x{5730}\x{4F4D}\x{306B}\x{7ACB}"
            text run at (1017,0) width 336: "\x{305F}\x{306D}\x{3070}\x{306A}\x{3089}\x{306C}\x{3002}\x{4E09}\x{8005}\x{306E}\x{5730}\x{4F4D}\x{306B}\x{7ACB}\x{3066}\x{3070}\x{3053}\x{305D}\x{829D}\x{5C45}\x{306F}"
          LayoutRuby (inline) {RUBY} at (0,0) size 17x16
            LayoutRubyRun (anonymous) at (1017,336) size 18x16
              LayoutRubyText {RT} at (-14,0) size 16x16
                LayoutText {#text} at (2,3) size 12x10
                  text run at (2,3) width 9: "\x{307F}"
              LayoutRubyBase (anonymous) at (0,0) size 18x16
                LayoutInline {RB} at (0,0) size 17x16
                  LayoutText {#text} at (0,0) size 17x16
                    text run at (0,0) width 16: "\x{89B3}"
          LayoutText {#text} at (1017,352) size 74x496
            text run at (1017,352) width 144: "\x{3066}\x{9762}\x{767D}\x{3044}\x{3002}\x{5C0F}\x{8AAC}\x{3082}\x{898B}"
            text run at (1045,0) width 496: "\x{3066}\x{9762}\x{767D}\x{3044}\x{3002}\x{829D}\x{5C45}\x{3092}\x{898B}\x{3066}\x{9762}\x{767D}\x{3044}\x{4EBA}\x{3082}\x{3001}\x{5C0F}\x{8AAC}\x{3092}\x{8AAD}\x{3093}\x{3067}\x{9762}\x{767D}\x{3044}\x{4EBA}\x{3082}\x{3001}\x{81EA}\x{5DF1}\x{306E}"
            text run at (1074,0) width 48: "\x{5229}\x{5BB3}\x{306F}"
          LayoutRuby (inline) {RUBY} at (0,0) size 17x16
            LayoutRubyRun (anonymous) at (1074,47) size 18x18
              LayoutRubyText {RT} at (-14,0) size 16x18
                LayoutText {#text} at (2,0) size 12x18
                  text run at (2,0) width 18: "\x{305F}\x{306A}"
              LayoutRubyBase (anonymous) at (0,0) size 18x18
                LayoutInline {RB} at (0,0) size 17x16
                  LayoutText {#text} at (0,1) size 17x16
                    text run at (0,1) width 16: "\x{68DA}"
          LayoutText {#text} at (1074,64) size 17x416
            text run at (1074,64) width 416: "\x{3078}\x{4E0A}\x{3052}\x{3066}\x{3044}\x{308B}\x{3002}\x{898B}\x{305F}\x{308A}\x{8AAD}\x{3093}\x{3060}\x{308A}\x{3059}\x{308B}\x{9593}\x{3060}\x{3051}\x{306F}\x{8A69}\x{4EBA}\x{3067}\x{3042}\x{308B}\x{3002}"
          LayoutBR {BR} at (1074,480) size 17x0
          LayoutText {#text} at (1103,0) size 17x305
            text run at (1103,0) width 305: "\x{3000}\x{305D}\x{308C}\x{3059}\x{3089}\x{3001}\x{666E}\x{901A}\x{306E}\x{829D}\x{5C45}\x{3084}\x{5C0F}\x{8AAC}\x{3067}\x{306F}\x{4EBA}\x{60C5}\x{3092}"
          LayoutRuby (inline) {RUBY} at (0,0) size 17x16
            LayoutRubyRun (anonymous) at (1103,304) size 18x18
              LayoutRubyText {RT} at (-14,0) size 16x18
                LayoutText {#text} at (2,0) size 12x18
                  text run at (2,0) width 18: "\x{307E}\x{306C}"
              LayoutRubyBase (anonymous) at (0,0) size 18x18
                LayoutInline {RB} at (0,0) size 17x16
                  LayoutText {#text} at (0,1) size 17x16
                    text run at (0,1) width 16: "\x{514D}"
          LayoutText {#text} at (1103,321) size 74x497
            text run at (1103,321) width 176: "\x{304B}\x{308C}\x{306C}\x{3002}\x{82E6}\x{3057}\x{3093}\x{3060}\x{308A}\x{3001}\x{6012}"
            text run at (1131,0) width 496: "\x{3063}\x{305F}\x{308A}\x{3001}\x{9A12}\x{3044}\x{3060}\x{308A}\x{3001}\x{6CE3}\x{3044}\x{305F}\x{308A}\x{3059}\x{308B}\x{3002}\x{898B}\x{308B}\x{3082}\x{306E}\x{3082}\x{3044}\x{3064}\x{304B}\x{305D}\x{306E}\x{4E2D}\x{306B}\x{540C}\x{5316}\x{3057}"
            text run at (1160,0) width 384: "\x{3066}\x{82E6}\x{3057}\x{3093}\x{3060}\x{308A}\x{3001}\x{6012}\x{3063}\x{305F}\x{308A}\x{3001}\x{9A12}\x{3044}\x{3060}\x{308A}\x{3001}\x{6CE3}\x{3044}\x{305F}\x{308A}\x{3059}\x{308B}\x{3002}"
          LayoutRuby (inline) {RUBY} at (0,0) size 17x32
            LayoutRubyRun (anonymous) at (1160,384) size 18x32
              LayoutRubyText {RT} at (-14,0) size 16x32
                LayoutText {#text} at (2,0) size 12x31
                  text run at (2,0) width 30: "\x{3068}\x{308A}\x{3048}"
              LayoutRubyBase (anonymous) at (0,0) size 18x32
                LayoutInline {RB} at (0,0) size 17x32
                  LayoutText {#text} at (0,0) size 17x32
                    text run at (0,0) width 32: "\x{53D6}\x{67C4}"
          LayoutText {#text} at (1160,416) size 17x64
            text run at (1160,416) width 64: "\x{306F}\x{5229}\x{617E}\x{304C}"
          LayoutRuby (inline) {RUBY} at (0,0) size 17x17
            LayoutRubyRun (anonymous) at (1160,479) size 18x18
              LayoutRubyText {RT} at (-14,0) size 16x18
                LayoutText {#text} at (2,0) size 12x18
                  text run at (2,0) width 18: "\x{307E}\x{3058}"
              LayoutRubyBase (anonymous) at (0,0) size 18x18
                LayoutInline {RB} at (0,0) size 17x16
                  LayoutText {#text} at (0,1) size 17x16
                    text run at (0,1) width 16: "\x{4EA4}"
          LayoutText {#text} at (1189,0) size 17x112
            text run at (1189,0) width 112: "\x{3089}\x{306C}\x{3068}\x{4E91}\x{3046}\x{70B9}\x{306B}"
          LayoutRuby (inline) {RUBY} at (0,0) size 17x16
            LayoutRubyRun (anonymous) at (1189,111) size 18x18
              LayoutRubyText {RT} at (-14,0) size 16x18
                LayoutText {#text} at (2,0) size 12x18
                  text run at (2,0) width 18: "\x{305D}\x{3093}"
              LayoutRubyBase (anonymous) at (0,0) size 18x18
                LayoutInline {RB} at (0,0) size 17x16
                  LayoutText {#text} at (0,1) size 17x16
                    text run at (0,1) width 16: "\x{5B58}"
          LayoutText {#text} at (1189,128) size 17x304
            text run at (1189,128) width 304: "\x{3059}\x{308B}\x{304B}\x{3082}\x{77E5}\x{308C}\x{306C}\x{304C}\x{3001}\x{4EA4}\x{3089}\x{306C}\x{3060}\x{3051}\x{306B}\x{305D}\x{306E}\x{4ED6}\x{306E}"
          LayoutRuby (inline) {RUBY} at (0,0) size 17x39
            LayoutRubyRun (anonymous) at (1189,429) size 18x45
              LayoutRubyText {RT} at (-14,0) size 16x45
                LayoutText {#text} at (2,0) size 12x45
                  text run at (2,0) width 45: "\x{3058}\x{3087}\x{3046}\x{3057}\x{3087}"
              LayoutRubyBase (anonymous) at (0,0) size 18x45
                LayoutInline {RB} at (0,0) size 17x39
                  LayoutText {#text} at (0,3) size 17x39
                    text run at (0,3) width 38: "\x{60C5}\x{7DD2}"
          LayoutText {#text} at (1189,471) size 46x503
            text run at (1189,471) width 32: "\x{306F}\x{5E38}"
            text run at (1218,0) width 272: "\x{3088}\x{308A}\x{306F}\x{4F59}\x{8A08}\x{306B}\x{6D3B}\x{52D5}\x{3059}\x{308B}\x{3060}\x{308D}\x{3046}\x{3002}\x{305D}\x{308C}\x{304C}"
          LayoutRuby (inline) {RUBY} at (0,0) size 17x16
            LayoutRubyRun (anonymous) at (1218,271) size 18x18
              LayoutRubyText {RT} at (-14,0) size 16x18
                LayoutText {#text} at (2,0) size 12x18
                  text run at (2,0) width 18: "\x{3044}\x{3084}"
              LayoutRubyBase (anonymous) at (0,0) size 18x18
                LayoutInline {RB} at (0,0) size 17x16
                  LayoutText {#text} at (0,1) size 17x16
                    text run at (0,1) width 16: "\x{5ACC}"
          LayoutText {#text} at (1218,288) size 17x32
            text run at (1218,288) width 32: "\x{3060}\x{3002}"
          LayoutBR {BR} at (1218,320) size 17x0
          LayoutText {#text} at (1246,0) size 46x481
            text run at (1246,0) width 481: "\x{3000}\x{82E6}\x{3057}\x{3093}\x{3060}\x{308A}\x{3001}\x{6012}\x{3063}\x{305F}\x{308A}\x{3001}\x{9A12}\x{3044}\x{3060}\x{308A}\x{3001}\x{6CE3}\x{3044}\x{305F}\x{308A}\x{306F}\x{4EBA}\x{306E}\x{4E16}\x{306B}\x{3064}\x{304D}\x{3082}\x{306E}"
            text run at (1275,0) width 192: "\x{3060}\x{3002}\x{4F59}\x{3082}\x{4E09}\x{5341}\x{5E74}\x{306E}\x{9593}\x{305D}\x{308C}\x{3092}"
          LayoutRuby (inline) {RUBY} at (0,0) size 17x32
            LayoutRubyRun (anonymous) at (1275,192) size 18x32
              LayoutRubyText {RT} at (-14,0) size 16x32
                LayoutText {#text} at (2,0) size 12x31
                  text run at (2,0) width 30: "\x{3057}\x{3068}\x{304A}"
              LayoutRubyBase (anonymous) at (0,0) size 18x32
                LayoutInline {RB} at (0,0) size 17x32
                  LayoutText {#text} at (0,0) size 17x32
                    text run at (0,0) width 32: "\x{4ED5}\x{901A}"
          LayoutText {#text} at (1275,224) size 17x48
            text run at (1275,224) width 48: "\x{3057}\x{3066}\x{3001}"
          LayoutRuby (inline) {RUBY} at (0,0) size 17x34
            LayoutRubyRun (anonymous) at (1275,271) size 18x36
              LayoutRubyText {RT} at (-14,0) size 16x36
                LayoutText {#text} at (2,0) size 12x36
                  text run at (2,0) width 36: "\x{3042}\x{304D}\x{3042}\x{304D}"
              LayoutRubyBase (anonymous) at (0,0) size 18x36
                LayoutInline {RB} at (0,0) size 17x34
                  LayoutText {#text} at (0,1) size 17x34
                    text run at (0,1) width 34: "\x{98FD}\x{3005}"
          LayoutText {#text} at (1275,306) size 17x48
            text run at (1275,306) width 48: "\x{3057}\x{305F}\x{3002}"
          LayoutRuby (inline) {RUBY} at (0,0) size 17x16
            LayoutRubyRun (anonymous) at (1275,354) size 18x16
              LayoutRubyText {RT} at (-14,0) size 16x16
                LayoutText {#text} at (2,3) size 12x10
                  text run at (2,3) width 9: "\x{3042}"
              LayoutRubyBase (anonymous) at (0,0) size 18x16
                LayoutInline {RB} at (0,0) size 17x16
                  LayoutText {#text} at (0,0) size 17x16
                    text run at (0,0) width 16: "\x{98FD}"
          LayoutText {#text} at (1275,370) size 74x498
            text run at (1275,370) width 128: "\x{304D}\x{98FD}\x{304D}\x{3057}\x{305F}\x{4E0A}\x{306B}\x{829D}"
            text run at (1303,0) width 496: "\x{5C45}\x{3084}\x{5C0F}\x{8AAC}\x{3067}\x{540C}\x{3058}\x{523A}\x{6FC0}\x{3092}\x{7E70}\x{308A}\x{8FD4}\x{3057}\x{3066}\x{306F}\x{5927}\x{5909}\x{3060}\x{3002}\x{4F59}\x{304C}\x{6B32}\x{3059}\x{308B}\x{8A69}\x{306F}\x{305D}\x{3093}\x{306A}\x{4E16}"
            text run at (1332,0) width 96: "\x{9593}\x{7684}\x{306E}\x{4EBA}\x{60C5}\x{3092}"
          LayoutRuby (inline) {RUBY} at (0,0) size 17x32
            LayoutRubyRun (anonymous) at (1332,96) size 18x32
              LayoutRubyText {RT} at (-14,0) size 16x32
                LayoutText {#text} at (2,3) size 12x26
                  text run at (2,3) width 25: "\x{3053}\x{3076}"
              LayoutRubyBase (anonymous) at (0,0) size 18x32
                LayoutInline {RB} at (0,0) size 17x32
                  LayoutText {#text} at (0,0) size 17x32
                    text run at (0,0) width 32: "\x{9F13}\x{821E}"
          LayoutText {#text} at (1332,128) size 46x496
            text run at (1332,128) width 368: "\x{3059}\x{308B}\x{3088}\x{3046}\x{306A}\x{3082}\x{306E}\x{3067}\x{306F}\x{306A}\x{3044}\x{3002}\x{4FD7}\x{5FF5}\x{3092}\x{653E}\x{68C4}\x{3057}\x{3066}\x{3001}\x{3057}\x{3070}\x{3089}"
            text run at (1361,0) width 48: "\x{304F}\x{3067}\x{3082}"
          LayoutRuby (inline) {RUBY} at (0,0) size 17x34
            LayoutRubyRun (anonymous) at (1361,47) size 18x36
              LayoutRubyText {RT} at (-14,0) size 16x36
                LayoutText {#text} at (2,0) size 12x36
                  text run at (2,0) width 36: "\x{3058}\x{3093}\x{304B}\x{3044}"
              LayoutRubyBase (anonymous) at (0,0) size 18x36
                LayoutInline {RB} at (0,0) size 17x34
                  LayoutText {#text} at (0,1) size 17x34
                    text run at (0,1) width 34: "\x{5875}\x{754C}"
          LayoutText {#text} at (1361,82) size 102x498
            text run at (1361,82) width 416: "\x{3092}\x{96E2}\x{308C}\x{305F}\x{5FC3}\x{6301}\x{3061}\x{306B}\x{306A}\x{308C}\x{308B}\x{8A69}\x{3067}\x{3042}\x{308B}\x{3002}\x{3044}\x{304F}\x{3089}\x{5091}\x{4F5C}\x{3067}\x{3082}\x{4EBA}\x{60C5}\x{3092}"
            text run at (1389,0) width 496: "\x{96E2}\x{308C}\x{305F}\x{829D}\x{5C45}\x{306F}\x{306A}\x{3044}\x{3001}\x{7406}\x{975E}\x{3092}\x{7D76}\x{3057}\x{305F}\x{5C0F}\x{8AAC}\x{306F}\x{5C11}\x{304B}\x{308D}\x{3046}\x{3002}\x{3069}\x{3053}\x{307E}\x{3067}\x{3082}\x{4E16}\x{9593}\x{3092}"
            text run at (1417,0) width 496: "\x{51FA}\x{308B}\x{4E8B}\x{304C}\x{51FA}\x{6765}\x{306C}\x{306E}\x{304C}\x{5F7C}\x{3089}\x{306E}\x{7279}\x{8272}\x{3067}\x{3042}\x{308B}\x{3002}\x{3053}\x{3068}\x{306B}\x{897F}\x{6D0B}\x{306E}\x{8A69}\x{306B}\x{306A}\x{308B}\x{3068}\x{3001}\x{4EBA}"
            text run at (1446,0) width 208: "\x{4E8B}\x{304C}\x{6839}\x{672C}\x{306B}\x{306A}\x{308B}\x{304B}\x{3089}\x{3044}\x{308F}\x{3086}\x{308B}"
          LayoutRuby (inline) {RUBY} at (0,0) size 17x32
            LayoutRubyRun (anonymous) at (1446,208) size 18x32
              LayoutRubyText {RT} at (-14,0) size 16x32
                LayoutText {#text} at (2,0) size 12x31
                  text run at (2,0) width 30: "\x{3057}\x{3044}\x{304B}"
              LayoutRubyBase (anonymous) at (0,0) size 18x32
                LayoutInline {RB} at (0,0) size 17x32
                  LayoutText {#text} at (0,0) size 17x32
                    text run at (0,0) width 32: "\x{8A69}\x{6B4C}"
          LayoutText {#text} at (1446,240) size 17x160
            text run at (1446,240) width 160: "\x{306E}\x{7D14}\x{7C8B}\x{306A}\x{308B}\x{3082}\x{306E}\x{3082}\x{3053}\x{306E}"
          LayoutRuby (inline) {RUBY} at (0,0) size 17x19
            LayoutRubyRun (anonymous) at (1446,396) size 18x27
              LayoutRubyText {RT} at (-14,0) size 16x27
                LayoutText {#text} at (2,0) size 12x27
                  text run at (2,0) width 27: "\x{304D}\x{3087}\x{3046}"
              LayoutRubyBase (anonymous) at (0,0) size 18x27
                LayoutInline {RB} at (0,0) size 17x17
                  LayoutText {#text} at (0,5) size 17x17
                    text run at (0,5) width 16: "\x{5883}"
          LayoutText {#text} at (1446,419) size 17x16
            text run at (1446,419) width 16: "\x{3092}"
          LayoutRuby (inline) {RUBY} at (0,0) size 17x32
            LayoutRubyRun (anonymous) at (1446,435) size 18x32
              LayoutRubyText {RT} at (-14,0) size 16x32
                LayoutText {#text} at (2,0) size 12x31
                  text run at (2,0) width 30: "\x{3052}\x{3060}\x{3064}"
              LayoutRubyBase (anonymous) at (0,0) size 18x32
                LayoutInline {RB} at (0,0) size 17x32
                  LayoutText {#text} at (0,0) size 17x32
                    text run at (0,0) width 32: "\x{89E3}\x{8131}"
          LayoutText {#text} at (1446,467) size 74x499
            text run at (1446,467) width 32: "\x{3059}\x{308B}"
            text run at (1474,0) width 496: "\x{4E8B}\x{3092}\x{77E5}\x{3089}\x{306C}\x{3002}\x{3069}\x{3053}\x{307E}\x{3067}\x{3082}\x{540C}\x{60C5}\x{3060}\x{3068}\x{304B}\x{3001}\x{611B}\x{3060}\x{3068}\x{304B}\x{3001}\x{6B63}\x{7FA9}\x{3060}\x{3068}\x{304B}\x{3001}\x{81EA}\x{7531}\x{3060}"
            text run at (1503,0) width 48: "\x{3068}\x{304B}\x{3001}"
          LayoutRuby (inline) {RUBY} at (0,0) size 17x32
            LayoutRubyRun (anonymous) at (1503,48) size 18x32
              LayoutRubyText {RT} at (-14,0) size 16x32
                LayoutText {#text} at (2,0) size 12x31
                  text run at (2,0) width 30: "\x{3046}\x{304D}\x{3088}"
              LayoutRubyBase (anonymous) at (0,0) size 18x32
                LayoutInline {RB} at (0,0) size 17x32
                  LayoutText {#text} at (0,0) size 17x32
                    text run at (0,0) width 32: "\x{6D6E}\x{4E16}"
          LayoutText {#text} at (1503,80) size 17x16
            text run at (1503,80) width 16: "\x{306E}"
          LayoutRuby (inline) {RUBY} at (0,0) size 17x48
            LayoutRubyRun (anonymous) at (1503,96) size 18x48
              LayoutRubyText {RT} at (-14,0) size 16x48
                LayoutText {#text} at (2,0) size 12x48
                  text run at (2,0) width 47: "\x{304B}\x{3093}\x{3053}\x{3046}\x{3070}"
              LayoutRubyBase (anonymous) at (0,0) size 18x48
                LayoutInline {RB} at (0,0) size 17x48
                  LayoutText {#text} at (0,0) size 17x48
                    text run at (0,0) width 48: "\x{52E7}\x{5DE5}\x{5834}"
          LayoutText {#text} at (1503,144) size 17x160
            text run at (1503,144) width 160: "\x{306B}\x{3042}\x{308B}\x{3082}\x{306E}\x{3060}\x{3051}\x{3067}\x{7528}\x{3092}"
          LayoutRuby (inline) {RUBY} at (0,0) size 17x16
            LayoutRubyRun (anonymous) at (1503,303) size 18x18
              LayoutRubyText {RT} at (-14,0) size 16x18
                LayoutText {#text} at (2,0) size 12x18
                  text run at (2,0) width 18: "\x{3079}\x{3093}"
              LayoutRubyBase (anonymous) at (0,0) size 18x18
                LayoutInline {RB} at (0,0) size 17x16
                  LayoutText {#text} at (0,1) size 17x16
                    text run at (0,1) width 16: "\x{5F01}"
          LayoutText {#text} at (1503,320) size 46x496
            text run at (1503,320) width 176: "\x{3058}\x{3066}\x{3044}\x{308B}\x{3002}\x{3044}\x{304F}\x{3089}\x{8A69}\x{7684}\x{306B}"
            text run at (1532,0) width 144: "\x{306A}\x{3063}\x{3066}\x{3082}\x{5730}\x{9762}\x{306E}\x{4E0A}\x{3092}"
          LayoutRuby (inline) {RUBY} at (0,0) size 17x16
            LayoutRubyRun (anonymous) at (1532,144) size 18x16
              LayoutRubyText {RT} at (-14,0) size 16x16
                LayoutText {#text} at (2,3) size 12x10
                  text run at (2,3) width 9: "\x{304B}"
              LayoutRubyBase (anonymous) at (0,0) size 18x16
                LayoutInline {RB} at (0,0) size 17x16
                  LayoutText {#text} at (0,0) size 17x16
                    text run at (0,0) width 16: "\x{99B3}"
          LayoutText {#text} at (1532,160) size 17x112
            text run at (1532,160) width 112: "\x{3051}\x{3066}\x{3042}\x{308B}\x{3044}\x{3066}\x{3001}"
          LayoutRuby (inline) {RUBY} at (0,0) size 17x16
            LayoutRubyRun (anonymous) at (1532,271) size 18x18
              LayoutRubyText {RT} at (-14,0) size 16x18
                LayoutText {#text} at (2,0) size 12x18
                  text run at (2,0) width 18: "\x{305C}\x{306B}"
              LayoutRubyBase (anonymous) at (0,0) size 18x18
                LayoutInline {RB} at (0,0) size 17x16
                  LayoutText {#text} at (0,1) size 17x16
                    text run at (0,1) width 16: "\x{92AD}"
          LayoutText {#text} at (1532,288) size 46x496
            text run at (1532,288) width 208: "\x{306E}\x{52D8}\x{5B9A}\x{3092}\x{5FD8}\x{308C}\x{308B}\x{3072}\x{307E}\x{304C}\x{306A}\x{3044}\x{3002}"
            text run at (1561,0) width 80: "\x{30B7}\x{30A7}\x{30EC}\x{30FC}\x{304C}"
          LayoutRuby (inline) {RUBY} at (0,0) size 17x32
            LayoutRubyRun (anonymous) at (1561,80) size 18x32
              LayoutRubyText {RT} at (-14,0) size 16x32
                LayoutText {#text} at (2,0) size 12x31
                  text run at (2,0) width 30: "\x{3072}\x{3070}\x{308A}"
              LayoutRubyBase (anonymous) at (0,0) size 18x32
                LayoutInline {RB} at (0,0) size 17x32
                  LayoutText {#text} at (0,0) size 17x32
                    text run at (0,0) width 32: "\x{96F2}\x{96C0}"
          LayoutText {#text} at (1561,112) size 17x256
            text run at (1561,112) width 256: "\x{3092}\x{805E}\x{3044}\x{3066}\x{5606}\x{606F}\x{3057}\x{305F}\x{306E}\x{3082}\x{7121}\x{7406}\x{306F}\x{306A}\x{3044}\x{3002}"
          LayoutBR {BR} at (1561,368) size 17x0
          LayoutText {#text} at (1590,0) size 17x161
            text run at (1590,0) width 161: "\x{3000}\x{3046}\x{308C}\x{3057}\x{3044}\x{4E8B}\x{306B}\x{6771}\x{6D0B}\x{306E}"
          LayoutRuby (inline) {RUBY} at (0,0) size 17x32
            LayoutRubyRun (anonymous) at (1590,161) size 18x32
              LayoutRubyText {RT} at (-14,0) size 16x32
                LayoutText {#text} at (2,0) size 12x31
                  text run at (2,0) width 30: "\x{3057}\x{3044}\x{304B}"
              LayoutRubyBase (anonymous) at (0,0) size 18x32
                LayoutInline {RB} at (0,0) size 17x32
                  LayoutText {#text} at (0,0) size 17x32
                    text run at (0,0) width 32: "\x{8A69}\x{6B4C}"
          LayoutText {#text} at (1590,193) size 17x64
            text run at (1590,193) width 64: "\x{306F}\x{305D}\x{3053}\x{3092}"
          LayoutRuby (inline) {RUBY} at (0,0) size 17x32
            LayoutRubyRun (anonymous) at (1590,257) size 18x32
              LayoutRubyText {RT} at (-14,0) size 16x32
                LayoutText {#text} at (2,0) size 12x31
                  text run at (2,0) width 30: "\x{3052}\x{3060}\x{3064}"
              LayoutRubyBase (anonymous) at (0,0) size 18x32
                LayoutInline {RB} at (0,0) size 17x32
                  LayoutText {#text} at (0,0) size 17x32
                    text run at (0,0) width 32: "\x{89E3}\x{8131}"
          LayoutText {#text} at (1590,289) size 17x112
            text run at (1590,289) width 112: "\x{3057}\x{305F}\x{306E}\x{304C}\x{3042}\x{308B}\x{3002}"
          LayoutRuby (inline) {RUBY} at (0,0) size 17x42
            LayoutRubyRun (anonymous) at (1590,398) size 18x45
              LayoutRubyText {RT} at (-14,0) size 16x45
                LayoutText {#text} at (2,0) size 12x45
                  text run at (2,0) width 45: "\x{304D}\x{304F}\x{3092}\x{3068}\x{308B}"
              LayoutRubyBase (anonymous) at (0,0) size 18x45
                LayoutInline {RB} at (0,0) size 17x39
                  LayoutText {#text} at (0,3) size 17x39
                    text run at (0,3) width 38: "\x{63A1}\x{83CA}"
          LayoutRuby (inline) {RUBY} at (0,0) size 17x53
            LayoutRubyRun (anonymous) at (1619,0) size 18x54
              LayoutRubyText {RT} at (-14,0) size 16x54
                LayoutText {#text} at (2,0) size 12x54
                  text run at (2,0) width 54: "\x{3068}\x{3046}\x{308A}\x{306E}\x{3082}\x{3068}"
              LayoutRubyBase (anonymous) at (0,0) size 18x54
                LayoutInline {RB} at (0,0) size 17x52
                  LayoutText {#text} at (0,1) size 17x52
                    text run at (0,1) width 52: "\x{6771}\x{7C6C}\x{4E0B}"
          LayoutText {#text} at (1619,53) size 17x16
            text run at (1619,53) width 16: "\x{3001}"
          LayoutRuby (inline) {RUBY} at (0,0) size 17x59
            LayoutRubyRun (anonymous) at (1619,65) size 18x63
              LayoutRubyText {RT} at (-14,0) size 16x63
                LayoutText {#text} at (2,0) size 12x63
                  text run at (2,0) width 63: "\x{3086}\x{3046}\x{305C}\x{3093}\x{3068}\x{3057}\x{3066}"
              LayoutRubyBase (anonymous) at (0,0) size 18x63
                LayoutInline {RB} at (0,0) size 17x48
                  LayoutText {#text} at (0,7) size 17x48
                    text run at (0,7) width 47: "\x{60A0}\x{7136}"
          LayoutRuby (inline) {RUBY} at (0,0) size 17x61
            LayoutRubyRun (anonymous) at (1619,128) size 18x63
              LayoutRubyText {RT} at (-14,0) size 16x63
                LayoutText {#text} at (2,0) size 12x63
                  text run at (2,0) width 63: "\x{306A}\x{3093}\x{3056}\x{3093}\x{3092}\x{307F}\x{308B}"
              LayoutRubyBase (anonymous) at (0,0) size 18x63
                LayoutInline {RB} at (0,0) size 17x59
                  LayoutText {#text} at (0,2) size 17x59
                    text run at (0,2) width 58: "\x{898B}\x{5357}\x{5C71}"
          LayoutText {#text} at (1619,189) size 17x128
            text run at (1619,189) width 128: "\x{3002}\x{305F}\x{3060}\x{305D}\x{308C}\x{304E}\x{308A}\x{306E}"
          LayoutRuby (inline) {RUBY} at (0,0) size 17x16
            LayoutRubyRun (anonymous) at (1619,316) size 18x18
              LayoutRubyText {RT} at (-14,0) size 16x18
                LayoutText {#text} at (2,0) size 12x18
                  text run at (2,0) width 18: "\x{3046}\x{3061}"
              LayoutRubyBase (anonymous) at (0,0) size 18x18
                LayoutInline {RB} at (0,0) size 17x16
                  LayoutText {#text} at (0,1) size 17x16
                    text run at (0,1) width 16: "\x{88CF}"
          LayoutText {#text} at (1619,333) size 46x493
            text run at (1619,333) width 160: "\x{306B}\x{6691}\x{82E6}\x{3057}\x{3044}\x{4E16}\x{306E}\x{4E2D}\x{3092}\x{307E}"
            text run at (1648,0) width 368: "\x{308B}\x{3067}\x{5FD8}\x{308C}\x{305F}\x{5149}\x{666F}\x{304C}\x{51FA}\x{3066}\x{304F}\x{308B}\x{3002}\x{57A3}\x{306E}\x{5411}\x{3046}\x{306B}\x{96A3}\x{308A}\x{306E}\x{5A18}\x{304C}"
          LayoutRuby (inline) {RUBY} at (0,0) size 17x16
            LayoutRubyRun (anonymous) at (1648,367) size 18x18
              LayoutRubyText {RT} at (-14,0) size 16x18
                LayoutText {#text} at (2,0) size 12x18
                  text run at (2,0) width 18: "\x{306E}\x{305E}"
              LayoutRubyBase (anonymous) at (0,0) size 18x18
                LayoutInline {RB} at (0,0) size 17x16
                  LayoutText {#text} at (0,1) size 17x16
                    text run at (0,1) width 16: "\x{8997}"
          LayoutText {#text} at (1648,384) size 46x496
            text run at (1648,384) width 112: "\x{3044}\x{3066}\x{308B}\x{8A33}\x{3067}\x{3082}\x{306A}"
            text run at (1677,0) width 64: "\x{3051}\x{308C}\x{3070}\x{3001}"
          LayoutRuby (inline) {RUBY} at (0,0) size 17x34
            LayoutRubyRun (anonymous) at (1677,63) size 18x36
              LayoutRubyText {RT} at (-14,0) size 16x36
                LayoutText {#text} at (2,0) size 12x36
                  text run at (2,0) width 36: "\x{306A}\x{3093}\x{3056}\x{3093}"
              LayoutRubyBase (anonymous) at (0,0) size 18x36
                LayoutInline {RB} at (0,0) size 17x34
                  LayoutText {#text} at (0,1) size 17x34
                    text run at (0,1) width 34: "\x{5357}\x{5C71}"
          LayoutText {#text} at (1677,98) size 17x320
            text run at (1677,98) width 320: "\x{306B}\x{89AA}\x{53CB}\x{304C}\x{5949}\x{8077}\x{3057}\x{3066}\x{3044}\x{308B}\x{6B21}\x{7B2C}\x{3067}\x{3082}\x{306A}\x{3044}\x{3002}\x{8D85}\x{7136}\x{3068}"
          LayoutRuby (inline) {RUBY} at (0,0) size 17x70
            LayoutRubyRun (anonymous) at (1677,417) size 18x72
              LayoutRubyText {RT} at (-14,0) size 16x72
                LayoutText {#text} at (2,0) size 12x72
                  text run at (2,0) width 72: "\x{3057}\x{3085}\x{3063}\x{305B}\x{3051}\x{3093}\x{3066}\x{304D}"
              LayoutRubyBase (anonymous) at (0,0) size 18x72
                LayoutInline {RB} at (0,0) size 17x70
                  LayoutText {#text} at (0,1) size 17x70
                    text run at (0,1) width 70: "\x{51FA}\x{4E16}\x{9593}\x{7684}"
          LayoutText {#text} at (1677,488) size 46x504
            text run at (1677,488) width 16: "\x{306B}"
            text run at (1706,0) width 320: "\x{5229}\x{5BB3}\x{640D}\x{5F97}\x{306E}\x{6C57}\x{3092}\x{6D41}\x{3057}\x{53BB}\x{3063}\x{305F}\x{5FC3}\x{6301}\x{3061}\x{306B}\x{306A}\x{308C}\x{308B}\x{3002}"
          LayoutRuby (inline) {RUBY} at (0,0) size 17x23
            LayoutRubyRun (anonymous) at (1706,316) size 18x27
              LayoutRubyText {RT} at (-14,0) size 16x27
                LayoutText {#text} at (2,0) size 12x27
                  text run at (2,0) width 27: "\x{3072}\x{3068}\x{308A}"
              LayoutRubyBase (anonymous) at (0,0) size 18x27
                LayoutInline {RB} at (0,0) size 17x17
                  LayoutText {#text} at (0,5) size 17x17
                    text run at (0,5) width 16: "\x{72EC}"
          LayoutRuby (inline) {RUBY} at (0,0) size 17x87
            LayoutRubyRun (anonymous) at (1706,343) size 18x90
              LayoutRubyText {RT} at (-14,0) size 16x90
                LayoutText {#text} at (2,0) size 12x90
                  text run at (2,0) width 90: "\x{3086}\x{3046}\x{3053}\x{3046}\x{306E}\x{3046}\x{3061}\x{306B}\x{3056}\x{3057}"
              LayoutRubyBase (anonymous) at (0,0) size 18x90
                LayoutInline {RB} at (0,0) size 17x84
                  LayoutText {#text} at (0,3) size 17x84
                    text run at (0,3) width 83: "\x{5750}\x{5E7D}\x{7BC1}\x{88CF}"
          LayoutText {#text} at (1706,430) size 17x16
            text run at (1706,430) width 16: "\x{3001}"
          LayoutRuby (inline) {RUBY} at (0,0) size 17x63
            LayoutRubyRun (anonymous) at (1735,0) size 18x63
              LayoutRubyText {RT} at (-14,0) size 16x63
                LayoutText {#text} at (2,0) size 12x63
                  text run at (2,0) width 63: "\x{304D}\x{3093}\x{3092}\x{3060}\x{3093}\x{3058}\x{3066}"
              LayoutRubyBase (anonymous) at (0,0) size 18x63
                LayoutInline {RB} at (0,0) size 17x48
                  LayoutText {#text} at (0,7) size 17x48
                    text run at (0,7) width 47: "\x{5F3E}\x{7434}"
          LayoutRuby (inline) {RUBY} at (0,0) size 17x77
            LayoutRubyRun (anonymous) at (1735,63) size 18x81
              LayoutRubyText {RT} at (-14,0) size 16x81
                LayoutText {#text} at (2,0) size 12x81
                  text run at (2,0) width 81: "\x{307E}\x{305F}\x{3061}\x{3087}\x{3046}\x{3057}\x{3087}\x{3046}\x{3059}"
              LayoutRubyBase (anonymous) at (0,0) size 18x81
                LayoutInline {RB} at (0,0) size 17x71
                  LayoutText {#text} at (0,5) size 17x71
                    text run at (0,5) width 70: "\x{5FA9}\x{9577}\x{562F}"
          LayoutText {#text} at (1735,140) size 17x16
            text run at (1735,140) width 16: "\x{3001}"
          LayoutRuby (inline) {RUBY} at (0,0) size 17x35
            LayoutRubyRun (anonymous) at (1735,155) size 18x36
              LayoutRubyText {RT} at (-14,0) size 16x36
                LayoutText {#text} at (2,0) size 12x36
                  text run at (2,0) width 36: "\x{3057}\x{3093}\x{308A}\x{3093}"
              LayoutRubyBase (anonymous) at (0,0) size 18x36
                LayoutInline {RB} at (0,0) size 17x34
                  LayoutText {#text} at (0,1) size 17x34
                    text run at (0,1) width 34: "\x{6DF1}\x{6797}"
          LayoutRuby (inline) {RUBY} at (0,0) size 17x48
            LayoutRubyRun (anonymous) at (1735,191) size 18x48
              LayoutRubyText {RT} at (-14,0) size 16x48
                LayoutText {#text} at (2,0) size 12x48
                  text run at (2,0) width 47: "\x{3072}\x{3068}\x{3057}\x{3089}\x{305A}"
              LayoutRubyBase (anonymous) at (0,0) size 18x48
                LayoutInline {RB} at (0,0) size 17x48
                  LayoutText {#text} at (0,0) size 17x48
                    text run at (0,0) width 48: "\x{4EBA}\x{4E0D}\x{77E5}"
          LayoutText {#text} at (1735,239) size 17x16
            text run at (1735,239) width 16: "\x{3001}"
          LayoutRuby (inline) {RUBY} at (0,0) size 17x68
            LayoutRubyRun (anonymous) at (1735,251) size 18x72
              LayoutRubyText {RT} at (-14,0) size 16x72
                LayoutText {#text} at (2,0) size 12x72
                  text run at (2,0) width 72: "\x{3081}\x{3044}\x{3052}\x{3064}\x{304D}\x{305F}\x{308A}\x{3066}"
              LayoutRubyBase (anonymous) at (0,0) size 18x72
                LayoutInline {RB} at (0,0) size 17x64
                  LayoutText {#text} at (0,4) size 17x64
                    text run at (0,4) width 64: "\x{660E}\x{6708}\x{6765}"
          LayoutRuby (inline) {RUBY} at (0,0) size 17x42
            LayoutRubyRun (anonymous) at (1735,323) size 18x45
              LayoutRubyText {RT} at (-14,0) size 16x45
                LayoutText {#text} at (2,0) size 12x45
                  text run at (2,0) width 45: "\x{3042}\x{3044}\x{3066}\x{3089}\x{3059}"
              LayoutRubyBase (anonymous) at (0,0) size 18x45
                LayoutInline {RB} at (0,0) size 17x39
                  LayoutText {#text} at (0,3) size 17x39
                    text run at (0,3) width 38: "\x{76F8}\x{7167}"
          LayoutText {#text} at (1735,365) size 46x493
            text run at (1735,365) width 128: "\x{3002}\x{305F}\x{3060}\x{4E8C}\x{5341}\x{5B57}\x{306E}\x{3046}"
            text run at (1764,0) width 32: "\x{3061}\x{306B}"
          LayoutRuby (inline) {RUBY} at (0,0) size 17x16
            LayoutRubyRun (anonymous) at (1764,31) size 18x18
              LayoutRubyText {RT} at (-14,0) size 16x18
                LayoutText {#text} at (2,0) size 12x18
                  text run at (2,0) width 18: "\x{3086}\x{3046}"
              LayoutRubyBase (anonymous) at (0,0) size 18x18
                LayoutInline {RB} at (0,0) size 17x16
                  LayoutText {#text} at (0,1) size 17x16
                    text run at (0,1) width 16: "\x{512A}"
          LayoutText {#text} at (1764,48) size 17x16
            text run at (1764,48) width 16: "\x{306B}"
          LayoutRuby (inline) {RUBY} at (0,0) size 17x52
            LayoutRubyRun (anonymous) at (1764,63) size 18x54
              LayoutRubyText {RT} at (-14,0) size 16x54
                LayoutText {#text} at (2,0) size 12x54
                  text run at (2,0) width 54: "\x{3079}\x{3064}\x{3051}\x{3093}\x{3053}\x{3093}"
              LayoutRubyBase (anonymous) at (0,0) size 18x54
                LayoutInline {RB} at (0,0) size 17x52
                  LayoutText {#text} at (0,1) size 17x52
                    text run at (0,1) width 52: "\x{5225}\x{4E7E}\x{5764}"
          LayoutText {#text} at (1764,116) size 17x16
            text run at (1764,116) width 16: "\x{3092}"
          LayoutRuby (inline) {RUBY} at (0,0) size 17x39
            LayoutRubyRun (anonymous) at (1764,129) size 18x45
              LayoutRubyText {RT} at (-14,0) size 16x45
                LayoutText {#text} at (2,0) size 12x45
                  text run at (2,0) width 45: "\x{3053}\x{3093}\x{308A}\x{3085}\x{3046}"
              LayoutRubyBase (anonymous) at (0,0) size 18x45
                LayoutInline {RB} at (0,0) size 17x39
                  LayoutText {#text} at (0,3) size 17x39
                    text run at (0,3) width 38: "\x{5EFA}\x{7ACB}"
          LayoutText {#text} at (1764,171) size 17x160
            text run at (1764,171) width 160: "\x{3057}\x{3066}\x{3044}\x{308B}\x{3002}\x{3053}\x{306E}\x{4E7E}\x{5764}\x{306E}"
          LayoutRuby (inline) {RUBY} at (0,0) size 17x32
            LayoutRubyRun (anonymous) at (1764,331) size 18x32
              LayoutRubyText {RT} at (-14,0) size 16x32
                LayoutText {#text} at (2,0) size 12x31
                  text run at (2,0) width 30: "\x{304F}\x{3069}\x{304F}"
              LayoutRubyBase (anonymous) at (0,0) size 18x32
                LayoutInline {RB} at (0,0) size 17x32
                  LayoutText {#text} at (0,0) size 17x32
                    text run at (0,0) width 32: "\x{529F}\x{5FB3}"
          LayoutText {#text} at (1764,363) size 17x32
            text run at (1764,363) width 32: "\x{306F}\x{300C}"
          LayoutRuby (inline) {RUBY} at (0,0) size 17x48
            LayoutRubyRun (anonymous) at (1764,395) size 18x48
              LayoutRubyText {RT} at (-14,0) size 16x48
                LayoutText {#text} at (2,0) size 12x48
                  text run at (2,0) width 47: "\x{307B}\x{3068}\x{3068}\x{304E}\x{3059}"
              LayoutRubyBase (anonymous) at (0,0) size 18x48
                LayoutInline {RB} at (0,0) size 17x48
                  LayoutText {#text} at (0,0) size 17x48
                    text run at (0,0) width 48: "\x{4E0D}\x{5982}\x{5E30}"
          LayoutText {#text} at (1764,443) size 46x475
            text run at (1764,443) width 32: "\x{300D}\x{3084}"
            text run at (1793,0) width 16: "\x{300C}"
          LayoutRuby (inline) {RUBY} at (0,0) size 17x64
            LayoutRubyRun (anonymous) at (1793,16) size 18x64
              LayoutRubyText {RT} at (-14,0) size 16x64
                LayoutText {#text} at (2,0) size 12x64
                  text run at (2,0) width 63: "\x{3053}\x{3093}\x{3058}\x{304D}\x{3084}\x{3057}\x{3083}"
              LayoutRubyBase (anonymous) at (0,0) size 18x64
                LayoutInline {RB} at (0,0) size 17x64
                  LayoutText {#text} at (0,0) size 17x64
                    text run at (0,0) width 64: "\x{91D1}\x{8272}\x{591C}\x{53C9}"
          LayoutText {#text} at (1793,80) size 46x496
            text run at (1793,80) width 416: "\x{300D}\x{306E}\x{529F}\x{5FB3}\x{3067}\x{306F}\x{306A}\x{3044}\x{3002}\x{6C7D}\x{8239}\x{3001}\x{6C7D}\x{8ECA}\x{3001}\x{6A29}\x{5229}\x{3001}\x{7FA9}\x{52D9}\x{3001}\x{9053}\x{5FB3}\x{3001}\x{793C}\x{7FA9}"
            text run at (1822,0) width 96: "\x{3067}\x{75B2}\x{308C}\x{679C}\x{3066}\x{305F}"
          LayoutRuby (inline) {RUBY} at (0,0) size 17x16
            LayoutRubyRun (anonymous) at (1822,95) size 18x18
              LayoutRubyText {RT} at (-14,0) size 16x18
                LayoutText {#text} at (2,0) size 12x18
                  text run at (2,0) width 18: "\x{306E}\x{3061}"
              LayoutRubyBase (anonymous) at (0,0) size 18x18
                LayoutInline {RB} at (0,0) size 17x16
                  LayoutText {#text} at (0,1) size 17x16
                    text run at (0,1) width 16: "\x{5F8C}"
          LayoutText {#text} at (1822,112) size 45x496
            text run at (1822,112) width 384: "\x{306B}\x{3001}\x{3059}\x{3079}\x{3066}\x{3092}\x{5FD8}\x{5374}\x{3057}\x{3066}\x{3050}\x{3063}\x{3059}\x{308A}\x{5BDD}\x{8FBC}\x{3080}\x{3088}\x{3046}\x{306A}\x{529F}\x{5FB3}\x{3067}\x{3042}"
            text run at (1850,0) width 32: "\x{308B}\x{3002}"
          LayoutBR {BR} at (1850,32) size 17x0
